1:ROR:==(int,int):<=(int,int):org.apache.commons.lang3.text.translate.NumericEntityUnescaper@translate(java.lang.CharSequence,int,java.io.Writer):40:1403:input.charAt(index) == '&' |==> input.charAt(index) <= '&'
2:ROR:==(int,int):>=(int,int):org.apache.commons.lang3.text.translate.NumericEntityUnescaper@translate(java.lang.CharSequence,int,java.io.Writer):40:1403:input.charAt(index) == '&' |==> input.charAt(index) >= '&'
3:ROR:==(int,int):FALSE(int,int):org.apache.commons.lang3.text.translate.NumericEntityUnescaper@translate(java.lang.CharSequence,int,java.io.Writer):40:1423:input.charAt(index) == '&' |==> false
4:LVR:POS:0:org.apache.commons.lang3.text.translate.NumericEntityUnescaper@translate(java.lang.CharSequence,int,java.io.Writer):40:1450:2 |==> 0
5:LVR:POS:NEG:org.apache.commons.lang3.text.translate.NumericEntityUnescaper@translate(java.lang.CharSequence,int,java.io.Writer):40:1450:2 |==> -2
6:AOR:-(int,int):%(int,int):org.apache.commons.lang3.text.translate.NumericEntityUnescaper@translate(java.lang.CharSequence,int,java.io.Writer):40:1441:seqEnd - 2 |==> seqEnd % 2
7:AOR:-(int,int):*(int,int):org.apache.commons.lang3.text.translate.NumericEntityUnescaper@translate(java.lang.CharSequence,int,java.io.Writer):40:1441:seqEnd - 2 |==> seqEnd * 2
8:AOR:-(int,int):+(int,int):org.apache.commons.lang3.text.translate.NumericEntityUnescaper@translate(java.lang.CharSequence,int,java.io.Writer):40:1441:seqEnd - 2 |==> seqEnd + 2
9:AOR:-(int,int):/(int,int):org.apache.commons.lang3.text.translate.NumericEntityUnescaper@translate(java.lang.CharSequence,int,java.io.Writer):40:1441:seqEnd - 2 |==> seqEnd / 2
10:ROR:<(int,int):!=(int,int):org.apache.commons.lang3.text.translate.NumericEntityUnescaper@translate(java.lang.CharSequence,int,java.io.Writer):40:1433:index < seqEnd - 2 |==> index != seqEnd - 2
11:ROR:<(int,int):<=(int,int):org.apache.commons.lang3.text.translate.NumericEntityUnescaper@translate(java.lang.CharSequence,int,java.io.Writer):40:1433:index < seqEnd - 2 |==> index <= seqEnd - 2
12:ROR:<(int,int):FALSE(int,int):org.apache.commons.lang3.text.translate.NumericEntityUnescaper@translate(java.lang.CharSequence,int,java.io.Writer):40:1439:index < seqEnd - 2 |==> false
13:COR:&&(boolean,boolean):==(boolean,boolean):org.apache.commons.lang3.text.translate.NumericEntityUnescaper@translate(java.lang.CharSequence,int,java.io.Writer):40:1403:input.charAt(index) == '&' && index < seqEnd - 2 |==> input.charAt(index) == '&' == index < seqEnd - 2
14:COR:&&(boolean,boolean):FALSE(boolean,boolean):org.apache.commons.lang3.text.translate.NumericEntityUnescaper@translate(java.lang.CharSequence,int,java.io.Writer):40:1430:input.charAt(index) == '&' && index < seqEnd - 2 |==> false
15:COR:&&(boolean,boolean):LHS(boolean,boolean):org.apache.commons.lang3.text.translate.NumericEntityUnescaper@translate(java.lang.CharSequence,int,java.io.Writer):40:1403:input.charAt(index) == '&' && index < seqEnd - 2 |==> input.charAt(index) == '&'
16:COR:&&(boolean,boolean):RHS(boolean,boolean):org.apache.commons.lang3.text.translate.NumericEntityUnescaper@translate(java.lang.CharSequence,int,java.io.Writer):40:1433:input.charAt(index) == '&' && index < seqEnd - 2 |==> index < seqEnd - 2
17:LVR:POS:0:org.apache.commons.lang3.text.translate.NumericEntityUnescaper@translate(java.lang.CharSequence,int,java.io.Writer):40:1476:1 |==> 0
18:LVR:POS:NEG:org.apache.commons.lang3.text.translate.NumericEntityUnescaper@translate(java.lang.CharSequence,int,java.io.Writer):40:1476:1 |==> -1
19:AOR:+(int,int):%(int,int):org.apache.commons.lang3.text.translate.NumericEntityUnescaper@translate(java.lang.CharSequence,int,java.io.Writer):40:1468:index + 1 |==> index % 1
20:AOR:+(int,int):*(int,int):org.apache.commons.lang3.text.translate.NumericEntityUnescaper@translate(java.lang.CharSequence,int,java.io.Writer):40:1468:index + 1 |==> index * 1
21:AOR:+(int,int):-(int,int):org.apache.commons.lang3.text.translate.NumericEntityUnescaper@translate(java.lang.CharSequence,int,java.io.Writer):40:1468:index + 1 |==> index - 1
22:AOR:+(int,int):/(int,int):org.apache.commons.lang3.text.translate.NumericEntityUnescaper@translate(java.lang.CharSequence,int,java.io.Writer):40:1468:index + 1 |==> index / 1
23:ROR:==(int,int):<=(int,int):org.apache.commons.lang3.text.translate.NumericEntityUnescaper@translate(java.lang.CharSequence,int,java.io.Writer):40:1455:input.charAt(index + 1) == '#' |==> input.charAt(index + 1) <= '#'
24:ROR:==(int,int):>=(int,int):org.apache.commons.lang3.text.translate.NumericEntityUnescaper@translate(java.lang.CharSequence,int,java.io.Writer):40:1455:input.charAt(index + 1) == '#' |==> input.charAt(index + 1) >= '#'
25:ROR:==(int,int):FALSE(int,int):org.apache.commons.lang3.text.translate.NumericEntityUnescaper@translate(java.lang.CharSequence,int,java.io.Writer):40:1479:input.charAt(index + 1) == '#' |==> false
26:COR:&&(boolean,boolean):==(boolean,boolean):org.apache.commons.lang3.text.translate.NumericEntityUnescaper@translate(java.lang.CharSequence,int,java.io.Writer):40:1403:input.charAt(index) == '&' && index < seqEnd - 2 && input.charAt(index + 1) == '#' |==> (input.charAt(index) == '&' && index < seqEnd - 2) == (input.charAt(index + 1) == '#')
27:COR:&&(boolean,boolean):FALSE(boolean,boolean):org.apache.commons.lang3.text.translate.NumericEntityUnescaper@translate(java.lang.CharSequence,int,java.io.Writer):40:1452:input.charAt(index) == '&' && index < seqEnd - 2 && input.charAt(index + 1) == '#' |==> false
28:COR:&&(boolean,boolean):LHS(boolean,boolean):org.apache.commons.lang3.text.translate.NumericEntityUnescaper@translate(java.lang.CharSequence,int,java.io.Writer):40:1403:input.charAt(index) == '&' && index < seqEnd - 2 && input.charAt(index + 1) == '#' |==> input.charAt(index) == '&' && index < seqEnd - 2
29:COR:&&(boolean,boolean):RHS(boolean,boolean):org.apache.commons.lang3.text.translate.NumericEntityUnescaper@translate(java.lang.CharSequence,int,java.io.Writer):40:1455:input.charAt(index) == '&' && index < seqEnd - 2 && input.charAt(index + 1) == '#' |==> input.charAt(index + 1) == '#'
30:LVR:POS:0:org.apache.commons.lang3.text.translate.NumericEntityUnescaper@translate(java.lang.CharSequence,int,java.io.Writer):41:1521:2 |==> 0
31:LVR:POS:NEG:org.apache.commons.lang3.text.translate.NumericEntityUnescaper@translate(java.lang.CharSequence,int,java.io.Writer):41:1521:2 |==> -2
32:AOR:+(int,int):%(int,int):org.apache.commons.lang3.text.translate.NumericEntityUnescaper@translate(java.lang.CharSequence,int,java.io.Writer):41:1513:index + 2 |==> index % 2
33:AOR:+(int,int):*(int,int):org.apache.commons.lang3.text.translate.NumericEntityUnescaper@translate(java.lang.CharSequence,int,java.io.Writer):41:1513:index + 2 |==> index * 2
34:AOR:+(int,int):-(int,int):org.apache.commons.lang3.text.translate.NumericEntityUnescaper@translate(java.lang.CharSequence,int,java.io.Writer):41:1513:index + 2 |==> index - 2
35:AOR:+(int,int):/(int,int):org.apache.commons.lang3.text.translate.NumericEntityUnescaper@translate(java.lang.CharSequence,int,java.io.Writer):41:1513:index + 2 |==> index / 2
36:LVR:FALSE:TRUE:org.apache.commons.lang3.text.translate.NumericEntityUnescaper@translate(java.lang.CharSequence,int,java.io.Writer):42:1552:false |==> true
37:ROR:==(int,int):<=(int,int):org.apache.commons.lang3.text.translate.NumericEntityUnescaper@translate(java.lang.CharSequence,int,java.io.Writer):45:1625:firstChar == 'x' |==> firstChar <= 'x'
38:ROR:==(int,int):>=(int,int):org.apache.commons.lang3.text.translate.NumericEntityUnescaper@translate(java.lang.CharSequence,int,java.io.Writer):45:1625:firstChar == 'x' |==> firstChar >= 'x'
39:ROR:==(int,int):FALSE(int,int):org.apache.commons.lang3.text.translate.NumericEntityUnescaper@translate(java.lang.CharSequence,int,java.io.Writer):45:1635:firstChar == 'x' |==> false
40:ROR:==(int,int):<=(int,int):org.apache.commons.lang3.text.translate.NumericEntityUnescaper@translate(java.lang.CharSequence,int,java.io.Writer):45:1645:firstChar == 'X' |==> firstChar <= 'X'
41:ROR:==(int,int):>=(int,int):org.apache.commons.lang3.text.translate.NumericEntityUnescaper@translate(java.lang.CharSequence,int,java.io.Writer):45:1645:firstChar == 'X' |==> firstChar >= 'X'
42:ROR:==(int,int):FALSE(int,int):org.apache.commons.lang3.text.translate.NumericEntityUnescaper@translate(java.lang.CharSequence,int,java.io.Writer):45:1655:firstChar == 'X' |==> false
43:COR:||(boolean,boolean):LHS(boolean,boolean):org.apache.commons.lang3.text.translate.NumericEntityUnescaper@translate(java.lang.CharSequence,int,java.io.Writer):45:1625:firstChar == 'x' || firstChar == 'X' |==> firstChar == 'x'
44:COR:||(boolean,boolean):RHS(boolean,boolean):org.apache.commons.lang3.text.translate.NumericEntityUnescaper@translate(java.lang.CharSequence,int,java.io.Writer):45:1645:firstChar == 'x' || firstChar == 'X' |==> firstChar == 'X'
45:COR:||(boolean,boolean):TRUE(boolean,boolean):org.apache.commons.lang3.text.translate.NumericEntityUnescaper@translate(java.lang.CharSequence,int,java.io.Writer):45:1642:firstChar == 'x' || firstChar == 'X' |==> true
46:STD:<INC>:<NO-OP>:org.apache.commons.lang3.text.translate.NumericEntityUnescaper@translate(java.lang.CharSequence,int,java.io.Writer):46:1681:start++; |==> <NO-OP>
47:LVR:TRUE:FALSE:org.apache.commons.lang3.text.translate.NumericEntityUnescaper@translate(java.lang.CharSequence,int,java.io.Writer):47:1714:true |==> false
48:STD:<ASSIGN>:<NO-OP>:org.apache.commons.lang3.text.translate.NumericEntityUnescaper@translate(java.lang.CharSequence,int,java.io.Writer):47:1706:isHex = true; |==> <NO-OP>
49:ROR:==(int,int):<=(int,int):org.apache.commons.lang3.text.translate.NumericEntityUnescaper@translate(java.lang.CharSequence,int,java.io.Writer):50:1806:start == seqEnd |==> start <= seqEnd
50:ROR:==(int,int):>=(int,int):org.apache.commons.lang3.text.translate.NumericEntityUnescaper@translate(java.lang.CharSequence,int,java.io.Writer):50:1806:start == seqEnd |==> start >= seqEnd
51:ROR:==(int,int):FALSE(int,int):org.apache.commons.lang3.text.translate.NumericEntityUnescaper@translate(java.lang.CharSequence,int,java.io.Writer):50:1812:start == seqEnd |==> false
52:LVR:0:POS:org.apache.commons.lang3.text.translate.NumericEntityUnescaper@translate(java.lang.CharSequence,int,java.io.Writer):51:1852:0 |==> 1
53:LVR:0:NEG:org.apache.commons.lang3.text.translate.NumericEntityUnescaper@translate(java.lang.CharSequence,int,java.io.Writer):51:1852:0 |==> -1
54:ROR:<(int,int):!=(int,int):org.apache.commons.lang3.text.translate.NumericEntityUnescaper@translate(java.lang.CharSequence,int,java.io.Writer):57:2013:end < seqEnd |==> end != seqEnd
55:ROR:<(int,int):<=(int,int):org.apache.commons.lang3.text.translate.NumericEntityUnescaper@translate(java.lang.CharSequence,int,java.io.Writer):57:2013:end < seqEnd |==> end <= seqEnd
56:ROR:<(int,int):FALSE(int,int):org.apache.commons.lang3.text.translate.NumericEntityUnescaper@translate(java.lang.CharSequence,int,java.io.Writer):57:2017:end < seqEnd |==> false
57:ROR:>=(int,int):==(int,int):org.apache.commons.lang3.text.translate.NumericEntityUnescaper@translate(java.lang.CharSequence,int,java.io.Writer):57:2032:input.charAt(end) >= '0' |==> input.charAt(end) == '0'
58:ROR:>=(int,int):>(int,int):org.apache.commons.lang3.text.translate.NumericEntityUnescaper@translate(java.lang.CharSequence,int,java.io.Writer):57:2032:input.charAt(end) >= '0' |==> input.charAt(end) > '0'
59:ROR:>=(int,int):TRUE(int,int):org.apache.commons.lang3.text.translate.NumericEntityUnescaper@translate(java.lang.CharSequence,int,java.io.Writer):57:2050:input.charAt(end) >= '0' |==> true
60:ROR:<=(int,int):<(int,int):org.apache.commons.lang3.text.translate.NumericEntityUnescaper@translate(java.lang.CharSequence,int,java.io.Writer):57:2060:input.charAt(end) <= '9' |==> input.charAt(end) < '9'
61:ROR:<=(int,int):==(int,int):org.apache.commons.lang3.text.translate.NumericEntityUnescaper@translate(java.lang.CharSequence,int,java.io.Writer):57:2060:input.charAt(end) <= '9' |==> input.charAt(end) == '9'
62:ROR:<=(int,int):TRUE(int,int):org.apache.commons.lang3.text.translate.NumericEntityUnescaper@translate(java.lang.CharSequence,int,java.io.Writer):57:2078:input.charAt(end) <= '9' |==> true
63:COR:&&(boolean,boolean):==(boolean,boolean):org.apache.commons.lang3.text.translate.NumericEntityUnescaper@translate(java.lang.CharSequence,int,java.io.Writer):57:2032:input.charAt(end) >= '0' && input.charAt(end) <= '9' |==> input.charAt(end) >= '0' == input.charAt(end) <= '9'
64:COR:&&(boolean,boolean):FALSE(boolean,boolean):org.apache.commons.lang3.text.translate.NumericEntityUnescaper@translate(java.lang.CharSequence,int,java.io.Writer):57:2057:input.charAt(end) >= '0' && input.charAt(end) <= '9' |==> false
65:COR:&&(boolean,boolean):LHS(boolean,boolean):org.apache.commons.lang3.text.translate.NumericEntityUnescaper@translate(java.lang.CharSequence,int,java.io.Writer):57:2032:input.charAt(end) >= '0' && input.charAt(end) <= '9' |==> input.charAt(end) >= '0'
66:COR:&&(boolean,boolean):RHS(boolean,boolean):org.apache.commons.lang3.text.translate.NumericEntityUnescaper@translate(java.lang.CharSequence,int,java.io.Writer):57:2060:input.charAt(end) >= '0' && input.charAt(end) <= '9' |==> input.charAt(end) <= '9'
67:ROR:>=(int,int):==(int,int):org.apache.commons.lang3.text.translate.NumericEntityUnescaper@translate(java.lang.CharSequence,int,java.io.Writer):58:2126:input.charAt(end) >= 'a' |==> input.charAt(end) == 'a'
68:ROR:>=(int,int):>(int,int):org.apache.commons.lang3.text.translate.NumericEntityUnescaper@translate(java.lang.CharSequence,int,java.io.Writer):58:2126:input.charAt(end) >= 'a' |==> input.charAt(end) > 'a'
69:ROR:>=(int,int):TRUE(int,int):org.apache.commons.lang3.text.translate.NumericEntityUnescaper@translate(java.lang.CharSequence,int,java.io.Writer):58:2144:input.charAt(end) >= 'a' |==> true
70:ROR:<=(int,int):<(int,int):org.apache.commons.lang3.text.translate.NumericEntityUnescaper@translate(java.lang.CharSequence,int,java.io.Writer):58:2154:input.charAt(end) <= 'f' |==> input.charAt(end) < 'f'
71:ROR:<=(int,int):==(int,int):org.apache.commons.lang3.text.translate.NumericEntityUnescaper@translate(java.lang.CharSequence,int,java.io.Writer):58:2154:input.charAt(end) <= 'f' |==> input.charAt(end) == 'f'
72:ROR:<=(int,int):TRUE(int,int):org.apache.commons.lang3.text.translate.NumericEntityUnescaper@translate(java.lang.CharSequence,int,java.io.Writer):58:2172:input.charAt(end) <= 'f' |==> true
73:COR:&&(boolean,boolean):==(boolean,boolean):org.apache.commons.lang3.text.translate.NumericEntityUnescaper@translate(java.lang.CharSequence,int,java.io.Writer):58:2126:input.charAt(end) >= 'a' && input.charAt(end) <= 'f' |==> input.charAt(end) >= 'a' == input.charAt(end) <= 'f'
74:COR:&&(boolean,boolean):FALSE(boolean,boolean):org.apache.commons.lang3.text.translate.NumericEntityUnescaper@translate(java.lang.CharSequence,int,java.io.Writer):58:2151:input.charAt(end) >= 'a' && input.charAt(end) <= 'f' |==> false
75:COR:&&(boolean,boolean):LHS(boolean,boolean):org.apache.commons.lang3.text.translate.NumericEntityUnescaper@translate(java.lang.CharSequence,int,java.io.Writer):58:2126:input.charAt(end) >= 'a' && input.charAt(end) <= 'f' |==> input.charAt(end) >= 'a'
76:COR:&&(boolean,boolean):RHS(boolean,boolean):org.apache.commons.lang3.text.translate.NumericEntityUnescaper@translate(java.lang.CharSequence,int,java.io.Writer):58:2154:input.charAt(end) >= 'a' && input.charAt(end) <= 'f' |==> input.charAt(end) <= 'f'
77:COR:||(boolean,boolean):!=(boolean,boolean):org.apache.commons.lang3.text.translate.NumericEntityUnescaper@translate(java.lang.CharSequence,int,java.io.Writer):57:2031:(input.charAt(end) >= '0' && input.charAt(end) <= '9') || (input.charAt(end) >= 'a' && input.charAt(end) <= 'f') |==> (input.charAt(end) >= '0' && input.charAt(end) <= '9') != (input.charAt(end) >= 'a' && input.charAt(end) <= 'f')
78:COR:||(boolean,boolean):LHS(boolean,boolean):org.apache.commons.lang3.text.translate.NumericEntityUnescaper@translate(java.lang.CharSequence,int,java.io.Writer):57:2031:(input.charAt(end) >= '0' && input.charAt(end) <= '9') || (input.charAt(end) >= 'a' && input.charAt(end) <= 'f') |==> (input.charAt(end) >= '0' && input.charAt(end) <= '9')
79:COR:||(boolean,boolean):RHS(boolean,boolean):org.apache.commons.lang3.text.translate.NumericEntityUnescaper@translate(java.lang.CharSequence,int,java.io.Writer):58:2125:(input.charAt(end) >= '0' && input.charAt(end) <= '9') || (input.charAt(end) >= 'a' && input.charAt(end) <= 'f') |==> (input.charAt(end) >= 'a' && input.charAt(end) <= 'f')
80:COR:||(boolean,boolean):TRUE(boolean,boolean):org.apache.commons.lang3.text.translate.NumericEntityUnescaper@translate(java.lang.CharSequence,int,java.io.Writer):57:2086:(input.charAt(end) >= '0' && input.charAt(end) <= '9') || (input.charAt(end) >= 'a' && input.charAt(end) <= 'f') |==> true
81:ROR:>=(int,int):==(int,int):org.apache.commons.lang3.text.translate.NumericEntityUnescaper@translate(java.lang.CharSequence,int,java.io.Writer):59:2220:input.charAt(end) >= 'A' |==> input.charAt(end) == 'A'
82:ROR:>=(int,int):>(int,int):org.apache.commons.lang3.text.translate.NumericEntityUnescaper@translate(java.lang.CharSequence,int,java.io.Writer):59:2220:input.charAt(end) >= 'A' |==> input.charAt(end) > 'A'
83:ROR:>=(int,int):TRUE(int,int):org.apache.commons.lang3.text.translate.NumericEntityUnescaper@translate(java.lang.CharSequence,int,java.io.Writer):59:2238:input.charAt(end) >= 'A' |==> true
84:ROR:<=(int,int):<(int,int):org.apache.commons.lang3.text.translate.NumericEntityUnescaper@translate(java.lang.CharSequence,int,java.io.Writer):59:2248:input.charAt(end) <= 'F' |==> input.charAt(end) < 'F'
85:ROR:<=(int,int):==(int,int):org.apache.commons.lang3.text.translate.NumericEntityUnescaper@translate(java.lang.CharSequence,int,java.io.Writer):59:2248:input.charAt(end) <= 'F' |==> input.charAt(end) == 'F'
86:ROR:<=(int,int):TRUE(int,int):org.apache.commons.lang3.text.translate.NumericEntityUnescaper@translate(java.lang.CharSequence,int,java.io.Writer):59:2266:input.charAt(end) <= 'F' |==> true
87:COR:&&(boolean,boolean):==(boolean,boolean):org.apache.commons.lang3.text.translate.NumericEntityUnescaper@translate(java.lang.CharSequence,int,java.io.Writer):59:2220:input.charAt(end) >= 'A' && input.charAt(end) <= 'F' |==> input.charAt(end) >= 'A' == input.charAt(end) <= 'F'
88:COR:&&(boolean,boolean):FALSE(boolean,boolean):org.apache.commons.lang3.text.translate.NumericEntityUnescaper@translate(java.lang.CharSequence,int,java.io.Writer):59:2245:input.charAt(end) >= 'A' && input.charAt(end) <= 'F' |==> false
89:COR:&&(boolean,boolean):LHS(boolean,boolean):org.apache.commons.lang3.text.translate.NumericEntityUnescaper@translate(java.lang.CharSequence,int,java.io.Writer):59:2220:input.charAt(end) >= 'A' && input.charAt(end) <= 'F' |==> input.charAt(end) >= 'A'
90:COR:&&(boolean,boolean):RHS(boolean,boolean):org.apache.commons.lang3.text.translate.NumericEntityUnescaper@translate(java.lang.CharSequence,int,java.io.Writer):59:2248:input.charAt(end) >= 'A' && input.charAt(end) <= 'F' |==> input.charAt(end) <= 'F'
91:COR:||(boolean,boolean):!=(boolean,boolean):org.apache.commons.lang3.text.translate.NumericEntityUnescaper@translate(java.lang.CharSequence,int,java.io.Writer):57:2031:(input.charAt(end) >= '0' && input.charAt(end) <= '9') || (input.charAt(end) >= 'a' && input.charAt(end) <= 'f') || (input.charAt(end) >= 'A' && input.charAt(end) <= 'F') |==> ((input.charAt(end) >= '0' && input.charAt(end) <= '9') || (input.charAt(end) >= 'a' && input.charAt(end) <= 'f')) != (input.charAt(end) >= 'A' && input.charAt(end) <= 'F')
92:COR:||(boolean,boolean):LHS(boolean,boolean):org.apache.commons.lang3.text.translate.NumericEntityUnescaper@translate(java.lang.CharSequence,int,java.io.Writer):57:2031:(input.charAt(end) >= '0' && input.charAt(end) <= '9') || (input.charAt(end) >= 'a' && input.charAt(end) <= 'f') || (input.charAt(end) >= 'A' && input.charAt(end) <= 'F') |==> (input.charAt(end) >= '0' && input.charAt(end) <= '9') || (input.charAt(end) >= 'a' && input.charAt(end) <= 'f')
93:COR:||(boolean,boolean):RHS(boolean,boolean):org.apache.commons.lang3.text.translate.NumericEntityUnescaper@translate(java.lang.CharSequence,int,java.io.Writer):59:2219:(input.charAt(end) >= '0' && input.charAt(end) <= '9') || (input.charAt(end) >= 'a' && input.charAt(end) <= 'f') || (input.charAt(end) >= 'A' && input.charAt(end) <= 'F') |==> (input.charAt(end) >= 'A' && input.charAt(end) <= 'F')
94:COR:||(boolean,boolean):TRUE(boolean,boolean):org.apache.commons.lang3.text.translate.NumericEntityUnescaper@translate(java.lang.CharSequence,int,java.io.Writer):58:2180:(input.charAt(end) >= '0' && input.charAt(end) <= '9') || (input.charAt(end) >= 'a' && input.charAt(end) <= 'f') || (input.charAt(end) >= 'A' && input.charAt(end) <= 'F') |==> true
95:COR:&&(boolean,boolean):==(boolean,boolean):org.apache.commons.lang3.text.translate.NumericEntityUnescaper@translate(java.lang.CharSequence,int,java.io.Writer):57:2013:end < seqEnd && ((input.charAt(end) >= '0' && input.charAt(end) <= '9') || (input.charAt(end) >= 'a' && input.charAt(end) <= 'f') || (input.charAt(end) >= 'A' && input.charAt(end) <= 'F')) |==> end < seqEnd == ((input.charAt(end) >= '0' && input.charAt(end) <= '9') || (input.charAt(end) >= 'a' && input.charAt(end) <= 'f') || (input.charAt(end) >= 'A' && input.charAt(end) <= 'F'))
96:COR:&&(boolean,boolean):FALSE(boolean,boolean):org.apache.commons.lang3.text.translate.NumericEntityUnescaper@translate(java.lang.CharSequence,int,java.io.Writer):57:2026:end < seqEnd && ((input.charAt(end) >= '0' && input.charAt(end) <= '9') || (input.charAt(end) >= 'a' && input.charAt(end) <= 'f') || (input.charAt(end) >= 'A' && input.charAt(end) <= 'F')) |==> false
97:COR:&&(boolean,boolean):LHS(boolean,boolean):org.apache.commons.lang3.text.translate.NumericEntityUnescaper@translate(java.lang.CharSequence,int,java.io.Writer):57:2013:end < seqEnd && ((input.charAt(end) >= '0' && input.charAt(end) <= '9') || (input.charAt(end) >= 'a' && input.charAt(end) <= 'f') || (input.charAt(end) >= 'A' && input.charAt(end) <= 'F')) |==> end < seqEnd
98:COR:&&(boolean,boolean):RHS(boolean,boolean):org.apache.commons.lang3.text.translate.NumericEntityUnescaper@translate(java.lang.CharSequence,int,java.io.Writer):57:2029:end < seqEnd && ((input.charAt(end) >= '0' && input.charAt(end) <= '9') || (input.charAt(end) >= 'a' && input.charAt(end) <= 'f') || (input.charAt(end) >= 'A' && input.charAt(end) <= 'F')) |==> ((input.charAt(end) >= '0' && input.charAt(end) <= '9') || (input.charAt(end) >= 'a' && input.charAt(end) <= 'f') || (input.charAt(end) >= 'A' && input.charAt(end) <= 'F'))
99:STD:<INC>:<NO-OP>:org.apache.commons.lang3.text.translate.NumericEntityUnescaper@translate(java.lang.CharSequence,int,java.io.Writer):61:2308:end++; |==> <NO-OP>
100:COR:<IDENTIFIER(boolean)>:FALSE:org.apache.commons.lang3.text.translate.NumericEntityUnescaper@translate(java.lang.CharSequence,int,java.io.Writer):66:2396:isHex |==> false
101:COR:<IDENTIFIER(boolean)>:TRUE:org.apache.commons.lang3.text.translate.NumericEntityUnescaper@translate(java.lang.CharSequence,int,java.io.Writer):66:2396:isHex |==> true
102:LVR:POS:0:org.apache.commons.lang3.text.translate.NumericEntityUnescaper@translate(java.lang.CharSequence,int,java.io.Writer):67:2498:16 |==> 0
103:LVR:POS:NEG:org.apache.commons.lang3.text.translate.NumericEntityUnescaper@translate(java.lang.CharSequence,int,java.io.Writer):67:2498:16 |==> -16
104:LVR:POS:0:org.apache.commons.lang3.text.translate.NumericEntityUnescaper@translate(java.lang.CharSequence,int,java.io.Writer):69:2621:10 |==> 0
105:LVR:POS:NEG:org.apache.commons.lang3.text.translate.NumericEntityUnescaper@translate(java.lang.CharSequence,int,java.io.Writer):69:2621:10 |==> -10
106:STD:<CALL>:<NO-OP>:org.apache.commons.lang3.text.translate.NumericEntityUnescaper@translate(java.lang.CharSequence,int,java.io.Writer):72:2705:System.err.println("FAIL: " + input.subSequence(start, end) + "[" + start + "][" + end + "]"); |==> <NO-OP>
107:LVR:0:POS:org.apache.commons.lang3.text.translate.NumericEntityUnescaper@translate(java.lang.CharSequence,int,java.io.Writer):73:2820:0 |==> 1
108:LVR:0:NEG:org.apache.commons.lang3.text.translate.NumericEntityUnescaper@translate(java.lang.CharSequence,int,java.io.Writer):73:2820:0 |==> -1
109:LVR:POS:0:org.apache.commons.lang3.text.translate.NumericEntityUnescaper@translate(java.lang.CharSequence,int,java.io.Writer):76:2867:65535 |==> 0
110:LVR:POS:NEG:org.apache.commons.lang3.text.translate.NumericEntityUnescaper@translate(java.lang.CharSequence,int,java.io.Writer):76:2867:65535 |==> -65535
111:ROR:>(int,int):!=(int,int):org.apache.commons.lang3.text.translate.NumericEntityUnescaper@translate(java.lang.CharSequence,int,java.io.Writer):76:2853:entityValue > 65535 |==> entityValue != 65535
112:ROR:>(int,int):>=(int,int):org.apache.commons.lang3.text.translate.NumericEntityUnescaper@translate(java.lang.CharSequence,int,java.io.Writer):76:2853:entityValue > 65535 |==> entityValue >= 65535
113:ROR:>(int,int):FALSE(int,int):org.apache.commons.lang3.text.translate.NumericEntityUnescaper@translate(java.lang.CharSequence,int,java.io.Writer):76:2865:entityValue > 65535 |==> false
114:LVR:0:POS:org.apache.commons.lang3.text.translate.NumericEntityUnescaper@translate(java.lang.CharSequence,int,java.io.Writer):78:2970:0 |==> 1
115:LVR:0:NEG:org.apache.commons.lang3.text.translate.NumericEntityUnescaper@translate(java.lang.CharSequence,int,java.io.Writer):78:2970:0 |==> -1
116:STD:<CALL>:<NO-OP>:org.apache.commons.lang3.text.translate.NumericEntityUnescaper@translate(java.lang.CharSequence,int,java.io.Writer):78:2955:out.write(chrs[0]); |==> <NO-OP>
117:LVR:POS:0:org.apache.commons.lang3.text.translate.NumericEntityUnescaper@translate(java.lang.CharSequence,int,java.io.Writer):79:3006:1 |==> 0
118:LVR:POS:NEG:org.apache.commons.lang3.text.translate.NumericEntityUnescaper@translate(java.lang.CharSequence,int,java.io.Writer):79:3006:1 |==> -1
119:STD:<CALL>:<NO-OP>:org.apache.commons.lang3.text.translate.NumericEntityUnescaper@translate(java.lang.CharSequence,int,java.io.Writer):79:2991:out.write(chrs[1]); |==> <NO-OP>
120:STD:<CALL>:<NO-OP>:org.apache.commons.lang3.text.translate.NumericEntityUnescaper@translate(java.lang.CharSequence,int,java.io.Writer):81:3048:out.write(entityValue); |==> <NO-OP>
121:ROR:!=(int,int):<(int,int):org.apache.commons.lang3.text.translate.NumericEntityUnescaper@translate(java.lang.CharSequence,int,java.io.Writer):84:3119:end != seqEnd |==> end < seqEnd
122:ROR:!=(int,int):>(int,int):org.apache.commons.lang3.text.translate.NumericEntityUnescaper@translate(java.lang.CharSequence,int,java.io.Writer):84:3119:end != seqEnd |==> end > seqEnd
123:ROR:!=(int,int):TRUE(int,int):org.apache.commons.lang3.text.translate.NumericEntityUnescaper@translate(java.lang.CharSequence,int,java.io.Writer):84:3123:end != seqEnd |==> true
124:ROR:==(int,int):<=(int,int):org.apache.commons.lang3.text.translate.NumericEntityUnescaper@translate(java.lang.CharSequence,int,java.io.Writer):84:3138:input.charAt(end) == ';' |==> input.charAt(end) <= ';'
125:ROR:==(int,int):>=(int,int):org.apache.commons.lang3.text.translate.NumericEntityUnescaper@translate(java.lang.CharSequence,int,java.io.Writer):84:3138:input.charAt(end) == ';' |==> input.charAt(end) >= ';'
126:ROR:==(int,int):FALSE(int,int):org.apache.commons.lang3.text.translate.NumericEntityUnescaper@translate(java.lang.CharSequence,int,java.io.Writer):84:3156:input.charAt(end) == ';' |==> false
127:COR:&&(boolean,boolean):==(boolean,boolean):org.apache.commons.lang3.text.translate.NumericEntityUnescaper@translate(java.lang.CharSequence,int,java.io.Writer):84:3118:(end != seqEnd) && (input.charAt(end) == ';') |==> (end != seqEnd) == (input.charAt(end) == ';')
128:COR:&&(boolean,boolean):FALSE(boolean,boolean):org.apache.commons.lang3.text.translate.NumericEntityUnescaper@translate(java.lang.CharSequence,int,java.io.Writer):84:3134:(end != seqEnd) && (input.charAt(end) == ';') |==> false
129:COR:&&(boolean,boolean):LHS(boolean,boolean):org.apache.commons.lang3.text.translate.NumericEntityUnescaper@translate(java.lang.CharSequence,int,java.io.Writer):84:3118:(end != seqEnd) && (input.charAt(end) == ';') |==> (end != seqEnd)
130:COR:&&(boolean,boolean):RHS(boolean,boolean):org.apache.commons.lang3.text.translate.NumericEntityUnescaper@translate(java.lang.CharSequence,int,java.io.Writer):84:3137:(end != seqEnd) && (input.charAt(end) == ';') |==> (input.charAt(end) == ';')
131:LVR:POS:0:org.apache.commons.lang3.text.translate.NumericEntityUnescaper@translate(java.lang.CharSequence,int,java.io.Writer):86:3185:2 |==> 0
132:LVR:POS:NEG:org.apache.commons.lang3.text.translate.NumericEntityUnescaper@translate(java.lang.CharSequence,int,java.io.Writer):86:3185:2 |==> -2
133:AOR:-(int,int):%(int,int):org.apache.commons.lang3.text.translate.NumericEntityUnescaper@translate(java.lang.CharSequence,int,java.io.Writer):86:3190:end - start |==> end % start
134:AOR:-(int,int):*(int,int):org.apache.commons.lang3.text.translate.NumericEntityUnescaper@translate(java.lang.CharSequence,int,java.io.Writer):86:3190:end - start |==> end * start
135:AOR:-(int,int):+(int,int):org.apache.commons.lang3.text.translate.NumericEntityUnescaper@translate(java.lang.CharSequence,int,java.io.Writer):86:3190:end - start |==> end + start
136:AOR:-(int,int):/(int,int):org.apache.commons.lang3.text.translate.NumericEntityUnescaper@translate(java.lang.CharSequence,int,java.io.Writer):86:3190:end - start |==> end / start
137:AOR:+(int,int):%(int,int):org.apache.commons.lang3.text.translate.NumericEntityUnescaper@translate(java.lang.CharSequence,int,java.io.Writer):86:3185:2 + (end - start) |==> 2 % (end - start)
138:AOR:+(int,int):*(int,int):org.apache.commons.lang3.text.translate.NumericEntityUnescaper@translate(java.lang.CharSequence,int,java.io.Writer):86:3185:2 + (end - start) |==> 2 * (end - start)
139:AOR:+(int,int):-(int,int):org.apache.commons.lang3.text.translate.NumericEntityUnescaper@translate(java.lang.CharSequence,int,java.io.Writer):86:3185:2 + (end - start) |==> 2 - (end - start)
140:AOR:+(int,int):/(int,int):org.apache.commons.lang3.text.translate.NumericEntityUnescaper@translate(java.lang.CharSequence,int,java.io.Writer):86:3185:2 + (end - start) |==> 2 / (end - start)
141:COR:<IDENTIFIER(boolean)>:FALSE:org.apache.commons.lang3.text.translate.NumericEntityUnescaper@translate(java.lang.CharSequence,int,java.io.Writer):86:3206:isHex |==> false
142:COR:<IDENTIFIER(boolean)>:TRUE:org.apache.commons.lang3.text.translate.NumericEntityUnescaper@translate(java.lang.CharSequence,int,java.io.Writer):86:3206:isHex |==> true
143:LVR:POS:0:org.apache.commons.lang3.text.translate.NumericEntityUnescaper@translate(java.lang.CharSequence,int,java.io.Writer):86:3214:1 |==> 0
144:LVR:POS:NEG:org.apache.commons.lang3.text.translate.NumericEntityUnescaper@translate(java.lang.CharSequence,int,java.io.Writer):86:3214:1 |==> -1
145:LVR:0:POS:org.apache.commons.lang3.text.translate.NumericEntityUnescaper@translate(java.lang.CharSequence,int,java.io.Writer):86:3218:0 |==> 1
146:LVR:0:NEG:org.apache.commons.lang3.text.translate.NumericEntityUnescaper@translate(java.lang.CharSequence,int,java.io.Writer):86:3218:0 |==> -1
147:AOR:+(int,int):%(int,int):org.apache.commons.lang3.text.translate.NumericEntityUnescaper@translate(java.lang.CharSequence,int,java.io.Writer):86:3185:2 + (end - start) + (isHex ? 1 : 0) |==> (2 + (end - start)) % (isHex ? 1 : 0)
148:AOR:+(int,int):*(int,int):org.apache.commons.lang3.text.translate.NumericEntityUnescaper@translate(java.lang.CharSequence,int,java.io.Writer):86:3185:2 + (end - start) + (isHex ? 1 : 0) |==> (2 + (end - start)) * (isHex ? 1 : 0)
149:AOR:+(int,int):-(int,int):org.apache.commons.lang3.text.translate.NumericEntityUnescaper@translate(java.lang.CharSequence,int,java.io.Writer):86:3185:2 + (end - start) + (isHex ? 1 : 0) |==> 2 + (end - start) - (isHex ? 1 : 0)
150:AOR:+(int,int):/(int,int):org.apache.commons.lang3.text.translate.NumericEntityUnescaper@translate(java.lang.CharSequence,int,java.io.Writer):86:3185:2 + (end - start) + (isHex ? 1 : 0) |==> (2 + (end - start)) / (isHex ? 1 : 0)
151:COR:<IDENTIFIER(boolean)>:FALSE:org.apache.commons.lang3.text.translate.NumericEntityUnescaper@translate(java.lang.CharSequence,int,java.io.Writer):86:3224:semiNext |==> false
152:COR:<IDENTIFIER(boolean)>:TRUE:org.apache.commons.lang3.text.translate.NumericEntityUnescaper@translate(java.lang.CharSequence,int,java.io.Writer):86:3224:semiNext |==> true
153:LVR:POS:0:org.apache.commons.lang3.text.translate.NumericEntityUnescaper@translate(java.lang.CharSequence,int,java.io.Writer):86:3235:1 |==> 0
154:LVR:POS:NEG:org.apache.commons.lang3.text.translate.NumericEntityUnescaper@translate(java.lang.CharSequence,int,java.io.Writer):86:3235:1 |==> -1
155:LVR:0:POS:org.apache.commons.lang3.text.translate.NumericEntityUnescaper@translate(java.lang.CharSequence,int,java.io.Writer):86:3239:0 |==> 1
156:LVR:0:NEG:org.apache.commons.lang3.text.translate.NumericEntityUnescaper@translate(java.lang.CharSequence,int,java.io.Writer):86:3239:0 |==> -1
157:AOR:+(int,int):%(int,int):org.apache.commons.lang3.text.translate.NumericEntityUnescaper@translate(java.lang.CharSequence,int,java.io.Writer):86:3185:2 + (end - start) + (isHex ? 1 : 0) + (semiNext ? 1 : 0) |==> (2 + (end - start) + (isHex ? 1 : 0)) % (semiNext ? 1 : 0)
158:AOR:+(int,int):*(int,int):org.apache.commons.lang3.text.translate.NumericEntityUnescaper@translate(java.lang.CharSequence,int,java.io.Writer):86:3185:2 + (end - start) + (isHex ? 1 : 0) + (semiNext ? 1 : 0) |==> (2 + (end - start) + (isHex ? 1 : 0)) * (semiNext ? 1 : 0)
159:AOR:+(int,int):-(int,int):org.apache.commons.lang3.text.translate.NumericEntityUnescaper@translate(java.lang.CharSequence,int,java.io.Writer):86:3185:2 + (end - start) + (isHex ? 1 : 0) + (semiNext ? 1 : 0) |==> 2 + (end - start) + (isHex ? 1 : 0) - (semiNext ? 1 : 0)
160:AOR:+(int,int):/(int,int):org.apache.commons.lang3.text.translate.NumericEntityUnescaper@translate(java.lang.CharSequence,int,java.io.Writer):86:3185:2 + (end - start) + (isHex ? 1 : 0) + (semiNext ? 1 : 0) |==> (2 + (end - start) + (isHex ? 1 : 0)) / (semiNext ? 1 : 0)
161:LVR:0:POS:org.apache.commons.lang3.text.translate.NumericEntityUnescaper@translate(java.lang.CharSequence,int,java.io.Writer):88:3268:0 |==> 1
162:LVR:0:NEG:org.apache.commons.lang3.text.translate.NumericEntityUnescaper@translate(java.lang.CharSequence,int,java.io.Writer):88:3268:0 |==> -1
