1:ROR:==(java.lang.Object,java.lang.Object):FALSE(java.lang.Object,java.lang.Object):org.apache.commons.lang3.reflect.TypeUtils@isAssignable(java.lang.reflect.Type,java.lang.reflect.Type,java.util.Map<java.lang.reflect.TypeVariable<?>,java.lang.reflect.Type>):79:2960:toType == null |==> false
2:COR:||(boolean,boolean):!=(boolean,boolean):org.apache.commons.lang3.reflect.TypeUtils@isAssignable(java.lang.reflect.Type,java.lang.reflect.Type,java.util.Map<java.lang.reflect.TypeVariable<?>,java.lang.reflect.Type>):79:2953:toType == null || toType instanceof Class<?> |==> toType == null != toType instanceof Class<?>
3:COR:||(boolean,boolean):LHS(boolean,boolean):org.apache.commons.lang3.reflect.TypeUtils@isAssignable(java.lang.reflect.Type,java.lang.reflect.Type,java.util.Map<java.lang.reflect.TypeVariable<?>,java.lang.reflect.Type>):79:2953:toType == null || toType instanceof Class<?> |==> toType == null
4:COR:||(boolean,boolean):RHS(boolean,boolean):org.apache.commons.lang3.reflect.TypeUtils@isAssignable(java.lang.reflect.Type,java.lang.reflect.Type,java.util.Map<java.lang.reflect.TypeVariable<?>,java.lang.reflect.Type>):79:2971:toType == null || toType instanceof Class<?> |==> toType instanceof Class<?>
5:COR:||(boolean,boolean):TRUE(boolean,boolean):org.apache.commons.lang3.reflect.TypeUtils@isAssignable(java.lang.reflect.Type,java.lang.reflect.Type,java.util.Map<java.lang.reflect.TypeVariable<?>,java.lang.reflect.Type>):79:2968:toType == null || toType instanceof Class<?> |==> true
6:ROR:==(java.lang.Object,java.lang.Object):FALSE(java.lang.Object,java.lang.Object):org.apache.commons.lang3.reflect.TypeUtils@isAssignable(java.lang.reflect.Type,java.lang.Class<?>):113:4175:type == null |==> false
7:ROR:==(java.lang.Object,java.lang.Object):FALSE(java.lang.Object,java.lang.Object):org.apache.commons.lang3.reflect.TypeUtils@isAssignable(java.lang.reflect.Type,java.lang.Class<?>):115:4280:toClass == null |==> false
8:COR:||(boolean,boolean):!=(boolean,boolean):org.apache.commons.lang3.reflect.TypeUtils@isAssignable(java.lang.reflect.Type,java.lang.Class<?>):115:4272:toClass == null || !toClass.isPrimitive() |==> toClass == null != !toClass.isPrimitive()
9:COR:||(boolean,boolean):LHS(boolean,boolean):org.apache.commons.lang3.reflect.TypeUtils@isAssignable(java.lang.reflect.Type,java.lang.Class<?>):115:4272:toClass == null || !toClass.isPrimitive() |==> toClass == null
10:COR:||(boolean,boolean):RHS(boolean,boolean):org.apache.commons.lang3.reflect.TypeUtils@isAssignable(java.lang.reflect.Type,java.lang.Class<?>):115:4291:toClass == null || !toClass.isPrimitive() |==> !toClass.isPrimitive()
11:COR:||(boolean,boolean):TRUE(boolean,boolean):org.apache.commons.lang3.reflect.TypeUtils@isAssignable(java.lang.reflect.Type,java.lang.Class<?>):115:4288:toClass == null || !toClass.isPrimitive() |==> true
12:ROR:==(java.lang.Object,java.lang.Object):FALSE(java.lang.Object,java.lang.Object):org.apache.commons.lang3.reflect.TypeUtils@isAssignable(java.lang.reflect.Type,java.lang.Class<?>):120:4465:toClass == null |==> false
13:LVR:FALSE:TRUE:org.apache.commons.lang3.reflect.TypeUtils@isAssignable(java.lang.reflect.Type,java.lang.Class<?>):121:4495:false |==> true
14:COR:<METHOD_INVOCATION(boolean)>:FALSE:org.apache.commons.lang3.reflect.TypeUtils@isAssignable(java.lang.reflect.Type,java.lang.Class<?>):125:4589:toClass.equals(type) |==> false
15:COR:<METHOD_INVOCATION(boolean)>:TRUE:org.apache.commons.lang3.reflect.TypeUtils@isAssignable(java.lang.reflect.Type,java.lang.Class<?>):125:4589:toClass.equals(type) |==> true
16:LVR:TRUE:FALSE:org.apache.commons.lang3.reflect.TypeUtils@isAssignable(java.lang.reflect.Type,java.lang.Class<?>):126:4618:true |==> false
17:COR:<METHOD_INVOCATION(boolean)>:FALSE:org.apache.commons.lang3.reflect.TypeUtils@isAssignable(java.lang.reflect.Type,java.lang.Class<?>):144:5284:isAssignable(bound, toClass) |==> false
18:COR:<METHOD_INVOCATION(boolean)>:TRUE:org.apache.commons.lang3.reflect.TypeUtils@isAssignable(java.lang.reflect.Type,java.lang.Class<?>):144:5284:isAssignable(bound, toClass) |==> true
19:LVR:TRUE:FALSE:org.apache.commons.lang3.reflect.TypeUtils@isAssignable(java.lang.reflect.Type,java.lang.Class<?>):145:5331:true |==> false
20:LVR:FALSE:TRUE:org.apache.commons.lang3.reflect.TypeUtils@isAssignable(java.lang.reflect.Type,java.lang.Class<?>):149:5389:false |==> true
21:COR:&&(boolean,boolean):==(boolean,boolean):org.apache.commons.lang3.reflect.TypeUtils@isAssignable(java.lang.reflect.Type,java.lang.Class<?>):156:5646:toClass.isArray() && isAssignable(((GenericArrayType)type).getGenericComponentType(), toClass.getComponentType()) |==> toClass.isArray() == isAssignable(((GenericArrayType)type).getGenericComponentType(), toClass.getComponentType())
22:COR:&&(boolean,boolean):FALSE(boolean,boolean):org.apache.commons.lang3.reflect.TypeUtils@isAssignable(java.lang.reflect.Type,java.lang.Class<?>):157:5684:toClass.isArray() && isAssignable(((GenericArrayType)type).getGenericComponentType(), toClass.getComponentType()) |==> false
23:COR:&&(boolean,boolean):LHS(boolean,boolean):org.apache.commons.lang3.reflect.TypeUtils@isAssignable(java.lang.reflect.Type,java.lang.Class<?>):156:5646:toClass.isArray() && isAssignable(((GenericArrayType)type).getGenericComponentType(), toClass.getComponentType()) |==> toClass.isArray()
24:COR:&&(boolean,boolean):RHS(boolean,boolean):org.apache.commons.lang3.reflect.TypeUtils@isAssignable(java.lang.reflect.Type,java.lang.Class<?>):157:5687:toClass.isArray() && isAssignable(((GenericArrayType)type).getGenericComponentType(), toClass.getComponentType()) |==> isAssignable(((GenericArrayType)type).getGenericComponentType(), toClass.getComponentType())
25:COR:||(boolean,boolean):!=(boolean,boolean):org.apache.commons.lang3.reflect.TypeUtils@isAssignable(java.lang.reflect.Type,java.lang.Class<?>):155:5594:toClass.equals(Object.class) || toClass.isArray() && isAssignable(((GenericArrayType)type).getGenericComponentType(), toClass.getComponentType()) |==> toClass.equals(Object.class) != (toClass.isArray() && isAssignable(((GenericArrayType)type).getGenericComponentType(), toClass.getComponentType()))
26:COR:||(boolean,boolean):LHS(boolean,boolean):org.apache.commons.lang3.reflect.TypeUtils@isAssignable(java.lang.reflect.Type,java.lang.Class<?>):155:5594:toClass.equals(Object.class) || toClass.isArray() && isAssignable(((GenericArrayType)type).getGenericComponentType(), toClass.getComponentType()) |==> toClass.equals(Object.class)
27:COR:||(boolean,boolean):RHS(boolean,boolean):org.apache.commons.lang3.reflect.TypeUtils@isAssignable(java.lang.reflect.Type,java.lang.Class<?>):156:5646:toClass.equals(Object.class) || toClass.isArray() && isAssignable(((GenericArrayType)type).getGenericComponentType(), toClass.getComponentType()) |==> toClass.isArray() && isAssignable(((GenericArrayType)type).getGenericComponentType(), toClass.getComponentType())
28:COR:||(boolean,boolean):TRUE(boolean,boolean):org.apache.commons.lang3.reflect.TypeUtils@isAssignable(java.lang.reflect.Type,java.lang.Class<?>):156:5643:toClass.equals(Object.class) || toClass.isArray() && isAssignable(((GenericArrayType)type).getGenericComponentType(), toClass.getComponentType()) |==> true
29:LVR:FALSE:TRUE:org.apache.commons.lang3.reflect.TypeUtils@isAssignable(java.lang.reflect.Type,java.lang.Class<?>):164:6024:false |==> true
30:ROR:==(java.lang.Object,java.lang.Object):FALSE(java.lang.Object,java.lang.Object):org.apache.commons.lang3.reflect.TypeUtils@isAssignable(java.lang.reflect.Type,java.lang.reflect.ParameterizedType,java.util.Map<java.lang.reflect.TypeVariable<?>,java.lang.reflect.Type>):181:6722:type == null |==> false
31:LVR:TRUE:FALSE:org.apache.commons.lang3.reflect.TypeUtils@isAssignable(java.lang.reflect.Type,java.lang.reflect.ParameterizedType,java.util.Map<java.lang.reflect.TypeVariable<?>,java.lang.reflect.Type>):182:6752:true |==> false
32:ROR:==(java.lang.Object,java.lang.Object):FALSE(java.lang.Object,java.lang.Object):org.apache.commons.lang3.reflect.TypeUtils@isAssignable(java.lang.reflect.Type,java.lang.reflect.ParameterizedType,java.util.Map<java.lang.reflect.TypeVariable<?>,java.lang.reflect.Type>):187:6920:toParameterizedType == null |==> false
33:LVR:FALSE:TRUE:org.apache.commons.lang3.reflect.TypeUtils@isAssignable(java.lang.reflect.Type,java.lang.reflect.ParameterizedType,java.util.Map<java.lang.reflect.TypeVariable<?>,java.lang.reflect.Type>):188:6950:false |==> true
34:COR:<METHOD_INVOCATION(boolean)>:FALSE:org.apache.commons.lang3.reflect.TypeUtils@isAssignable(java.lang.reflect.Type,java.lang.reflect.ParameterizedType,java.util.Map<java.lang.reflect.TypeVariable<?>,java.lang.reflect.Type>):192:7056:toParameterizedType.equals(type) |==> false
35:COR:<METHOD_INVOCATION(boolean)>:TRUE:org.apache.commons.lang3.reflect.TypeUtils@isAssignable(java.lang.reflect.Type,java.lang.reflect.ParameterizedType,java.util.Map<java.lang.reflect.TypeVariable<?>,java.lang.reflect.Type>):192:7056:toParameterizedType.equals(type) |==> true
36:LVR:TRUE:FALSE:org.apache.commons.lang3.reflect.TypeUtils@isAssignable(java.lang.reflect.Type,java.lang.reflect.ParameterizedType,java.util.Map<java.lang.reflect.TypeVariable<?>,java.lang.reflect.Type>):193:7085:true |==> false
37:ROR:==(java.lang.Object,java.lang.Object):FALSE(java.lang.Object,java.lang.Object):org.apache.commons.lang3.reflect.TypeUtils@isAssignable(java.lang.reflect.Type,java.lang.reflect.ParameterizedType,java.util.Map<java.lang.reflect.TypeVariable<?>,java.lang.reflect.Type>):203:7539:fromTypeVarAssigns == null |==> false
38:LVR:FALSE:TRUE:org.apache.commons.lang3.reflect.TypeUtils@isAssignable(java.lang.reflect.Type,java.lang.reflect.ParameterizedType,java.util.Map<java.lang.reflect.TypeVariable<?>,java.lang.reflect.Type>):204:7569:false |==> true
39:COR:<METHOD_INVOCATION(boolean)>:FALSE:org.apache.commons.lang3.reflect.TypeUtils@isAssignable(java.lang.reflect.Type,java.lang.reflect.ParameterizedType,java.util.Map<java.lang.reflect.TypeVariable<?>,java.lang.reflect.Type>):210:7819:fromTypeVarAssigns.isEmpty() |==> false
40:COR:<METHOD_INVOCATION(boolean)>:TRUE:org.apache.commons.lang3.reflect.TypeUtils@isAssignable(java.lang.reflect.Type,java.lang.reflect.ParameterizedType,java.util.Map<java.lang.reflect.TypeVariable<?>,java.lang.reflect.Type>):210:7819:fromTypeVarAssigns.isEmpty() |==> true
41:LVR:TRUE:FALSE:org.apache.commons.lang3.reflect.TypeUtils@isAssignable(java.lang.reflect.Type,java.lang.reflect.ParameterizedType,java.util.Map<java.lang.reflect.TypeVariable<?>,java.lang.reflect.Type>):211:7844:true |==> false
42:ROR:!=(java.lang.Object,java.lang.Object):TRUE(java.lang.Object,java.lang.Object):org.apache.commons.lang3.reflect.TypeUtils@isAssignable(java.lang.reflect.Type,java.lang.reflect.ParameterizedType,java.util.Map<java.lang.reflect.TypeVariable<?>,java.lang.reflect.Type>):226:8573:fromTypeArg != null |==> true
43:COR:&&(boolean,boolean):==(boolean,boolean):org.apache.commons.lang3.reflect.TypeUtils@isAssignable(java.lang.reflect.Type,java.lang.reflect.ParameterizedType,java.util.Map<java.lang.reflect.TypeVariable<?>,java.lang.reflect.Type>):226:8561:fromTypeArg != null && !toTypeArg.equals(fromTypeArg) |==> fromTypeArg != null == !toTypeArg.equals(fromTypeArg)
44:COR:&&(boolean,boolean):FALSE(boolean,boolean):org.apache.commons.lang3.reflect.TypeUtils@isAssignable(java.lang.reflect.Type,java.lang.reflect.ParameterizedType,java.util.Map<java.lang.reflect.TypeVariable<?>,java.lang.reflect.Type>):227:8601:fromTypeArg != null && !toTypeArg.equals(fromTypeArg) |==> false
45:COR:&&(boolean,boolean):LHS(boolean,boolean):org.apache.commons.lang3.reflect.TypeUtils@isAssignable(java.lang.reflect.Type,java.lang.reflect.ParameterizedType,java.util.Map<java.lang.reflect.TypeVariable<?>,java.lang.reflect.Type>):226:8561:fromTypeArg != null && !toTypeArg.equals(fromTypeArg) |==> fromTypeArg != null
46:COR:&&(boolean,boolean):RHS(boolean,boolean):org.apache.commons.lang3.reflect.TypeUtils@isAssignable(java.lang.reflect.Type,java.lang.reflect.ParameterizedType,java.util.Map<java.lang.reflect.TypeVariable<?>,java.lang.reflect.Type>):227:8604:fromTypeArg != null && !toTypeArg.equals(fromTypeArg) |==> !toTypeArg.equals(fromTypeArg)
47:COR:&&(boolean,boolean):==(boolean,boolean):org.apache.commons.lang3.reflect.TypeUtils@isAssignable(java.lang.reflect.Type,java.lang.reflect.ParameterizedType,java.util.Map<java.lang.reflect.TypeVariable<?>,java.lang.reflect.Type>):228:8660:toTypeArg instanceof WildcardType && isAssignable(fromTypeArg, toTypeArg, typeVarAssigns) |==> toTypeArg instanceof WildcardType == isAssignable(fromTypeArg, toTypeArg, typeVarAssigns)
48:COR:&&(boolean,boolean):FALSE(boolean,boolean):org.apache.commons.lang3.reflect.TypeUtils@isAssignable(java.lang.reflect.Type,java.lang.reflect.ParameterizedType,java.util.Map<java.lang.reflect.TypeVariable<?>,java.lang.reflect.Type>):228:8694:toTypeArg instanceof WildcardType && isAssignable(fromTypeArg, toTypeArg, typeVarAssigns) |==> false
49:COR:&&(boolean,boolean):LHS(boolean,boolean):org.apache.commons.lang3.reflect.TypeUtils@isAssignable(java.lang.reflect.Type,java.lang.reflect.ParameterizedType,java.util.Map<java.lang.reflect.TypeVariable<?>,java.lang.reflect.Type>):228:8660:toTypeArg instanceof WildcardType && isAssignable(fromTypeArg, toTypeArg, typeVarAssigns) |==> toTypeArg instanceof WildcardType
50:COR:&&(boolean,boolean):RHS(boolean,boolean):org.apache.commons.lang3.reflect.TypeUtils@isAssignable(java.lang.reflect.Type,java.lang.reflect.ParameterizedType,java.util.Map<java.lang.reflect.TypeVariable<?>,java.lang.reflect.Type>):228:8697:toTypeArg instanceof WildcardType && isAssignable(fromTypeArg, toTypeArg, typeVarAssigns) |==> isAssignable(fromTypeArg, toTypeArg, typeVarAssigns)
51:COR:&&(boolean,boolean):==(boolean,boolean):org.apache.commons.lang3.reflect.TypeUtils@isAssignable(java.lang.reflect.Type,java.lang.reflect.ParameterizedType,java.util.Map<java.lang.reflect.TypeVariable<?>,java.lang.reflect.Type>):226:8561:fromTypeArg != null && !toTypeArg.equals(fromTypeArg) && !(toTypeArg instanceof WildcardType && isAssignable(fromTypeArg, toTypeArg, typeVarAssigns)) |==> (fromTypeArg != null && !toTypeArg.equals(fromTypeArg)) == !(toTypeArg instanceof WildcardType && isAssignable(fromTypeArg, toTypeArg, typeVarAssigns))
52:COR:&&(boolean,boolean):FALSE(boolean,boolean):org.apache.commons.lang3.reflect.TypeUtils@isAssignable(java.lang.reflect.Type,java.lang.reflect.ParameterizedType,java.util.Map<java.lang.reflect.TypeVariable<?>,java.lang.reflect.Type>):228:8655:fromTypeArg != null && !toTypeArg.equals(fromTypeArg) && !(toTypeArg instanceof WildcardType && isAssignable(fromTypeArg, toTypeArg, typeVarAssigns)) |==> false
53:COR:&&(boolean,boolean):LHS(boolean,boolean):org.apache.commons.lang3.reflect.TypeUtils@isAssignable(java.lang.reflect.Type,java.lang.reflect.ParameterizedType,java.util.Map<java.lang.reflect.TypeVariable<?>,java.lang.reflect.Type>):226:8561:fromTypeArg != null && !toTypeArg.equals(fromTypeArg) && !(toTypeArg instanceof WildcardType && isAssignable(fromTypeArg, toTypeArg, typeVarAssigns)) |==> fromTypeArg != null && !toTypeArg.equals(fromTypeArg)
54:COR:&&(boolean,boolean):RHS(boolean,boolean):org.apache.commons.lang3.reflect.TypeUtils@isAssignable(java.lang.reflect.Type,java.lang.reflect.ParameterizedType,java.util.Map<java.lang.reflect.TypeVariable<?>,java.lang.reflect.Type>):228:8658:fromTypeArg != null && !toTypeArg.equals(fromTypeArg) && !(toTypeArg instanceof WildcardType && isAssignable(fromTypeArg, toTypeArg, typeVarAssigns)) |==> !(toTypeArg instanceof WildcardType && isAssignable(fromTypeArg, toTypeArg, typeVarAssigns))
55:LVR:FALSE:TRUE:org.apache.commons.lang3.reflect.TypeUtils@isAssignable(java.lang.reflect.Type,java.lang.reflect.ParameterizedType,java.util.Map<java.lang.reflect.TypeVariable<?>,java.lang.reflect.Type>):230:8805:false |==> true
56:LVR:TRUE:FALSE:org.apache.commons.lang3.reflect.TypeUtils@isAssignable(java.lang.reflect.Type,java.lang.reflect.ParameterizedType,java.util.Map<java.lang.reflect.TypeVariable<?>,java.lang.reflect.Type>):234:8852:true |==> false
57:COR:&&(boolean,boolean):==(boolean,boolean):org.apache.commons.lang3.reflect.TypeUtils@unrollVariableAssignments(java.lang.reflect.TypeVariable<?>,java.util.Map<java.lang.reflect.TypeVariable<?>,java.lang.reflect.Type>):241:9077:result instanceof TypeVariable<?> && !result.equals(var) |==> result instanceof TypeVariable<?> == !result.equals(var)
58:COR:&&(boolean,boolean):FALSE(boolean,boolean):org.apache.commons.lang3.reflect.TypeUtils@unrollVariableAssignments(java.lang.reflect.TypeVariable<?>,java.util.Map<java.lang.reflect.TypeVariable<?>,java.lang.reflect.Type>):241:9111:result instanceof TypeVariable<?> && !result.equals(var) |==> false
59:COR:&&(boolean,boolean):LHS(boolean,boolean):org.apache.commons.lang3.reflect.TypeUtils@unrollVariableAssignments(java.lang.reflect.TypeVariable<?>,java.util.Map<java.lang.reflect.TypeVariable<?>,java.lang.reflect.Type>):241:9077:result instanceof TypeVariable<?> && !result.equals(var) |==> result instanceof TypeVariable<?>
60:COR:&&(boolean,boolean):RHS(boolean,boolean):org.apache.commons.lang3.reflect.TypeUtils@unrollVariableAssignments(java.lang.reflect.TypeVariable<?>,java.util.Map<java.lang.reflect.TypeVariable<?>,java.lang.reflect.Type>):241:9114:result instanceof TypeVariable<?> && !result.equals(var) |==> !result.equals(var)
61:STD:<ASSIGN>:<NO-OP>:org.apache.commons.lang3.reflect.TypeUtils@unrollVariableAssignments(java.lang.reflect.TypeVariable<?>,java.util.Map<java.lang.reflect.TypeVariable<?>,java.lang.reflect.Type>):242:9153:var = (TypeVariable<?>)result; |==> <NO-OP>
62:ROR:==(java.lang.Object,java.lang.Object):FALSE(java.lang.Object,java.lang.Object):org.apache.commons.lang3.reflect.TypeUtils@isAssignable(java.lang.reflect.Type,java.lang.reflect.GenericArrayType,java.util.Map<java.lang.reflect.TypeVariable<?>,java.lang.reflect.Type>):262:9910:type == null |==> false
63:LVR:TRUE:FALSE:org.apache.commons.lang3.reflect.TypeUtils@isAssignable(java.lang.reflect.Type,java.lang.reflect.GenericArrayType,java.util.Map<java.lang.reflect.TypeVariable<?>,java.lang.reflect.Type>):263:9940:true |==> false
64:ROR:==(java.lang.Object,java.lang.Object):FALSE(java.lang.Object,java.lang.Object):org.apache.commons.lang3.reflect.TypeUtils@isAssignable(java.lang.reflect.Type,java.lang.reflect.GenericArrayType,java.util.Map<java.lang.reflect.TypeVariable<?>,java.lang.reflect.Type>):268:10107:toGenericArrayType == null |==> false
65:LVR:FALSE:TRUE:org.apache.commons.lang3.reflect.TypeUtils@isAssignable(java.lang.reflect.Type,java.lang.reflect.GenericArrayType,java.util.Map<java.lang.reflect.TypeVariable<?>,java.lang.reflect.Type>):269:10137:false |==> true
66:COR:<METHOD_INVOCATION(boolean)>:FALSE:org.apache.commons.lang3.reflect.TypeUtils@isAssignable(java.lang.reflect.Type,java.lang.reflect.GenericArrayType,java.util.Map<java.lang.reflect.TypeVariable<?>,java.lang.reflect.Type>):273:10242:toGenericArrayType.equals(type) |==> false
67:COR:<METHOD_INVOCATION(boolean)>:TRUE:org.apache.commons.lang3.reflect.TypeUtils@isAssignable(java.lang.reflect.Type,java.lang.reflect.GenericArrayType,java.util.Map<java.lang.reflect.TypeVariable<?>,java.lang.reflect.Type>):273:10242:toGenericArrayType.equals(type) |==> true
68:LVR:TRUE:FALSE:org.apache.commons.lang3.reflect.TypeUtils@isAssignable(java.lang.reflect.Type,java.lang.reflect.GenericArrayType,java.util.Map<java.lang.reflect.TypeVariable<?>,java.lang.reflect.Type>):274:10271:true |==> false
69:COR:&&(boolean,boolean):==(boolean,boolean):org.apache.commons.lang3.reflect.TypeUtils@isAssignable(java.lang.reflect.Type,java.lang.reflect.GenericArrayType,java.util.Map<java.lang.reflect.TypeVariable<?>,java.lang.reflect.Type>):283:10513:cls.isArray() && isAssignable(cls.getComponentType(), toComponentType, typeVarAssigns) |==> cls.isArray() == isAssignable(cls.getComponentType(), toComponentType, typeVarAssigns)
70:COR:&&(boolean,boolean):FALSE(boolean,boolean):org.apache.commons.lang3.reflect.TypeUtils@isAssignable(java.lang.reflect.Type,java.lang.reflect.GenericArrayType,java.util.Map<java.lang.reflect.TypeVariable<?>,java.lang.reflect.Type>):284:10547:cls.isArray() && isAssignable(cls.getComponentType(), toComponentType, typeVarAssigns) |==> false
71:COR:&&(boolean,boolean):LHS(boolean,boolean):org.apache.commons.lang3.reflect.TypeUtils@isAssignable(java.lang.reflect.Type,java.lang.reflect.GenericArrayType,java.util.Map<java.lang.reflect.TypeVariable<?>,java.lang.reflect.Type>):283:10513:cls.isArray() && isAssignable(cls.getComponentType(), toComponentType, typeVarAssigns) |==> cls.isArray()
72:COR:&&(boolean,boolean):RHS(boolean,boolean):org.apache.commons.lang3.reflect.TypeUtils@isAssignable(java.lang.reflect.Type,java.lang.reflect.GenericArrayType,java.util.Map<java.lang.reflect.TypeVariable<?>,java.lang.reflect.Type>):284:10550:cls.isArray() && isAssignable(cls.getComponentType(), toComponentType, typeVarAssigns) |==> isAssignable(cls.getComponentType(), toComponentType, typeVarAssigns)
73:COR:<METHOD_INVOCATION(boolean)>:FALSE:org.apache.commons.lang3.reflect.TypeUtils@isAssignable(java.lang.reflect.Type,java.lang.reflect.GenericArrayType,java.util.Map<java.lang.reflect.TypeVariable<?>,java.lang.reflect.Type>):296:11101:isAssignable(bound, toGenericArrayType) |==> false
74:COR:<METHOD_INVOCATION(boolean)>:TRUE:org.apache.commons.lang3.reflect.TypeUtils@isAssignable(java.lang.reflect.Type,java.lang.reflect.GenericArrayType,java.util.Map<java.lang.reflect.TypeVariable<?>,java.lang.reflect.Type>):296:11101:isAssignable(bound, toGenericArrayType) |==> true
75:LVR:TRUE:FALSE:org.apache.commons.lang3.reflect.TypeUtils@isAssignable(java.lang.reflect.Type,java.lang.reflect.GenericArrayType,java.util.Map<java.lang.reflect.TypeVariable<?>,java.lang.reflect.Type>):297:11159:true |==> false
76:LVR:FALSE:TRUE:org.apache.commons.lang3.reflect.TypeUtils@isAssignable(java.lang.reflect.Type,java.lang.reflect.GenericArrayType,java.util.Map<java.lang.reflect.TypeVariable<?>,java.lang.reflect.Type>):301:11217:false |==> true
77:COR:<METHOD_INVOCATION(boolean)>:FALSE:org.apache.commons.lang3.reflect.TypeUtils@isAssignable(java.lang.reflect.Type,java.lang.reflect.GenericArrayType,java.util.Map<java.lang.reflect.TypeVariable<?>,java.lang.reflect.Type>):308:11533:isAssignable(bound, toGenericArrayType) |==> false
78:COR:<METHOD_INVOCATION(boolean)>:TRUE:org.apache.commons.lang3.reflect.TypeUtils@isAssignable(java.lang.reflect.Type,java.lang.reflect.GenericArrayType,java.util.Map<java.lang.reflect.TypeVariable<?>,java.lang.reflect.Type>):308:11533:isAssignable(bound, toGenericArrayType) |==> true
79:LVR:TRUE:FALSE:org.apache.commons.lang3.reflect.TypeUtils@isAssignable(java.lang.reflect.Type,java.lang.reflect.GenericArrayType,java.util.Map<java.lang.reflect.TypeVariable<?>,java.lang.reflect.Type>):309:11591:true |==> false
80:LVR:FALSE:TRUE:org.apache.commons.lang3.reflect.TypeUtils@isAssignable(java.lang.reflect.Type,java.lang.reflect.GenericArrayType,java.util.Map<java.lang.reflect.TypeVariable<?>,java.lang.reflect.Type>):313:11649:false |==> true
81:LVR:FALSE:TRUE:org.apache.commons.lang3.reflect.TypeUtils@isAssignable(java.lang.reflect.Type,java.lang.reflect.GenericArrayType,java.util.Map<java.lang.reflect.TypeVariable<?>,java.lang.reflect.Type>):320:11946:false |==> true
82:ROR:==(java.lang.Object,java.lang.Object):FALSE(java.lang.Object,java.lang.Object):org.apache.commons.lang3.reflect.TypeUtils@isAssignable(java.lang.reflect.Type,java.lang.reflect.WildcardType,java.util.Map<java.lang.reflect.TypeVariable<?>,java.lang.reflect.Type>):338:12634:type == null |==> false
83:LVR:TRUE:FALSE:org.apache.commons.lang3.reflect.TypeUtils@isAssignable(java.lang.reflect.Type,java.lang.reflect.WildcardType,java.util.Map<java.lang.reflect.TypeVariable<?>,java.lang.reflect.Type>):339:12664:true |==> false
84:ROR:==(java.lang.Object,java.lang.Object):FALSE(java.lang.Object,java.lang.Object):org.apache.commons.lang3.reflect.TypeUtils@isAssignable(java.lang.reflect.Type,java.lang.reflect.WildcardType,java.util.Map<java.lang.reflect.TypeVariable<?>,java.lang.reflect.Type>):344:12827:toWildcardType == null |==> false
85:LVR:FALSE:TRUE:org.apache.commons.lang3.reflect.TypeUtils@isAssignable(java.lang.reflect.Type,java.lang.reflect.WildcardType,java.util.Map<java.lang.reflect.TypeVariable<?>,java.lang.reflect.Type>):345:12857:false |==> true
86:COR:<METHOD_INVOCATION(boolean)>:FALSE:org.apache.commons.lang3.reflect.TypeUtils@isAssignable(java.lang.reflect.Type,java.lang.reflect.WildcardType,java.util.Map<java.lang.reflect.TypeVariable<?>,java.lang.reflect.Type>):349:12958:toWildcardType.equals(type) |==> false
87:COR:<METHOD_INVOCATION(boolean)>:TRUE:org.apache.commons.lang3.reflect.TypeUtils@isAssignable(java.lang.reflect.Type,java.lang.reflect.WildcardType,java.util.Map<java.lang.reflect.TypeVariable<?>,java.lang.reflect.Type>):349:12958:toWildcardType.equals(type) |==> true
88:LVR:TRUE:FALSE:org.apache.commons.lang3.reflect.TypeUtils@isAssignable(java.lang.reflect.Type,java.lang.reflect.WildcardType,java.util.Map<java.lang.reflect.TypeVariable<?>,java.lang.reflect.Type>):350:12987:true |==> false
89:STD:<ASSIGN>:<NO-OP>:org.apache.commons.lang3.reflect.TypeUtils@isAssignable(java.lang.reflect.Type,java.lang.reflect.WildcardType,java.util.Map<java.lang.reflect.TypeVariable<?>,java.lang.reflect.Type>):364:13589:toBound = substituteTypeVariables(toBound, typeVarAssigns); |==> <NO-OP>
90:COR:<METHOD_INVOCATION(boolean)>:FALSE:org.apache.commons.lang3.reflect.TypeUtils@isAssignable(java.lang.reflect.Type,java.lang.reflect.WildcardType,java.util.Map<java.lang.reflect.TypeVariable<?>,java.lang.reflect.Type>):370:13890:isAssignable(bound, toBound, typeVarAssigns) |==> false
91:COR:<METHOD_INVOCATION(boolean)>:TRUE:org.apache.commons.lang3.reflect.TypeUtils@isAssignable(java.lang.reflect.Type,java.lang.reflect.WildcardType,java.util.Map<java.lang.reflect.TypeVariable<?>,java.lang.reflect.Type>):370:13890:isAssignable(bound, toBound, typeVarAssigns) |==> true
92:LVR:FALSE:TRUE:org.apache.commons.lang3.reflect.TypeUtils@isAssignable(java.lang.reflect.Type,java.lang.reflect.WildcardType,java.util.Map<java.lang.reflect.TypeVariable<?>,java.lang.reflect.Type>):371:13957:false |==> true
93:STD:<ASSIGN>:<NO-OP>:org.apache.commons.lang3.reflect.TypeUtils@isAssignable(java.lang.reflect.Type,java.lang.reflect.WildcardType,java.util.Map<java.lang.reflect.TypeVariable<?>,java.lang.reflect.Type>):379:14213:toBound = substituteTypeVariables(toBound, typeVarAssigns); |==> <NO-OP>
94:COR:<METHOD_INVOCATION(boolean)>:FALSE:org.apache.commons.lang3.reflect.TypeUtils@isAssignable(java.lang.reflect.Type,java.lang.reflect.WildcardType,java.util.Map<java.lang.reflect.TypeVariable<?>,java.lang.reflect.Type>):385:14514:isAssignable(toBound, bound, typeVarAssigns) |==> false
95:COR:<METHOD_INVOCATION(boolean)>:TRUE:org.apache.commons.lang3.reflect.TypeUtils@isAssignable(java.lang.reflect.Type,java.lang.reflect.WildcardType,java.util.Map<java.lang.reflect.TypeVariable<?>,java.lang.reflect.Type>):385:14514:isAssignable(toBound, bound, typeVarAssigns) |==> true
96:LVR:FALSE:TRUE:org.apache.commons.lang3.reflect.TypeUtils@isAssignable(java.lang.reflect.Type,java.lang.reflect.WildcardType,java.util.Map<java.lang.reflect.TypeVariable<?>,java.lang.reflect.Type>):386:14581:false |==> true
97:LVR:TRUE:FALSE:org.apache.commons.lang3.reflect.TypeUtils@isAssignable(java.lang.reflect.Type,java.lang.reflect.WildcardType,java.util.Map<java.lang.reflect.TypeVariable<?>,java.lang.reflect.Type>):391:14662:true |==> false
98:COR:<METHOD_INVOCATION(boolean)>:FALSE:org.apache.commons.lang3.reflect.TypeUtils@isAssignable(java.lang.reflect.Type,java.lang.reflect.WildcardType,java.util.Map<java.lang.reflect.TypeVariable<?>,java.lang.reflect.Type>):397:14874:isAssignable(type, substituteTypeVariables(toBound, typeVarAssigns), typeVarAssigns) |==> false
99:COR:<METHOD_INVOCATION(boolean)>:TRUE:org.apache.commons.lang3.reflect.TypeUtils@isAssignable(java.lang.reflect.Type,java.lang.reflect.WildcardType,java.util.Map<java.lang.reflect.TypeVariable<?>,java.lang.reflect.Type>):397:14874:isAssignable(type, substituteTypeVariables(toBound, typeVarAssigns), typeVarAssigns) |==> true
100:LVR:FALSE:TRUE:org.apache.commons.lang3.reflect.TypeUtils@isAssignable(java.lang.reflect.Type,java.lang.reflect.WildcardType,java.util.Map<java.lang.reflect.TypeVariable<?>,java.lang.reflect.Type>):399:14993:false |==> true
101:COR:<METHOD_INVOCATION(boolean)>:FALSE:org.apache.commons.lang3.reflect.TypeUtils@isAssignable(java.lang.reflect.Type,java.lang.reflect.WildcardType,java.util.Map<java.lang.reflect.TypeVariable<?>,java.lang.reflect.Type>):406:15220:isAssignable(substituteTypeVariables(toBound, typeVarAssigns), type, typeVarAssigns) |==> false
102:COR:<METHOD_INVOCATION(boolean)>:TRUE:org.apache.commons.lang3.reflect.TypeUtils@isAssignable(java.lang.reflect.Type,java.lang.reflect.WildcardType,java.util.Map<java.lang.reflect.TypeVariable<?>,java.lang.reflect.Type>):406:15220:isAssignable(substituteTypeVariables(toBound, typeVarAssigns), type, typeVarAssigns) |==> true
103:LVR:FALSE:TRUE:org.apache.commons.lang3.reflect.TypeUtils@isAssignable(java.lang.reflect.Type,java.lang.reflect.WildcardType,java.util.Map<java.lang.reflect.TypeVariable<?>,java.lang.reflect.Type>):408:15339:false |==> true
104:LVR:TRUE:FALSE:org.apache.commons.lang3.reflect.TypeUtils@isAssignable(java.lang.reflect.Type,java.lang.reflect.WildcardType,java.util.Map<java.lang.reflect.TypeVariable<?>,java.lang.reflect.Type>):412:15386:true |==> false
105:ROR:==(java.lang.Object,java.lang.Object):FALSE(java.lang.Object,java.lang.Object):org.apache.commons.lang3.reflect.TypeUtils@isAssignable(java.lang.reflect.Type,java.lang.reflect.TypeVariable<?>,java.util.Map<java.lang.reflect.TypeVariable<?>,java.lang.reflect.Type>):427:15988:type == null |==> false
106:LVR:TRUE:FALSE:org.apache.commons.lang3.reflect.TypeUtils@isAssignable(java.lang.reflect.Type,java.lang.reflect.TypeVariable<?>,java.util.Map<java.lang.reflect.TypeVariable<?>,java.lang.reflect.Type>):428:16018:true |==> false
107:ROR:==(java.lang.Object,java.lang.Object):FALSE(java.lang.Object,java.lang.Object):org.apache.commons.lang3.reflect.TypeUtils@isAssignable(java.lang.reflect.Type,java.lang.reflect.TypeVariable<?>,java.util.Map<java.lang.reflect.TypeVariable<?>,java.lang.reflect.Type>):433:16181:toTypeVariable == null |==> false
108:LVR:FALSE:TRUE:org.apache.commons.lang3.reflect.TypeUtils@isAssignable(java.lang.reflect.Type,java.lang.reflect.TypeVariable<?>,java.util.Map<java.lang.reflect.TypeVariable<?>,java.lang.reflect.Type>):434:16211:false |==> true
109:COR:<METHOD_INVOCATION(boolean)>:FALSE:org.apache.commons.lang3.reflect.TypeUtils@isAssignable(java.lang.reflect.Type,java.lang.reflect.TypeVariable<?>,java.util.Map<java.lang.reflect.TypeVariable<?>,java.lang.reflect.Type>):438:16312:toTypeVariable.equals(type) |==> false
110:COR:<METHOD_INVOCATION(boolean)>:TRUE:org.apache.commons.lang3.reflect.TypeUtils@isAssignable(java.lang.reflect.Type,java.lang.reflect.TypeVariable<?>,java.util.Map<java.lang.reflect.TypeVariable<?>,java.lang.reflect.Type>):438:16312:toTypeVariable.equals(type) |==> true
111:LVR:TRUE:FALSE:org.apache.commons.lang3.reflect.TypeUtils@isAssignable(java.lang.reflect.Type,java.lang.reflect.TypeVariable<?>,java.util.Map<java.lang.reflect.TypeVariable<?>,java.lang.reflect.Type>):439:16341:true |==> false
112:COR:<METHOD_INVOCATION(boolean)>:FALSE:org.apache.commons.lang3.reflect.TypeUtils@isAssignable(java.lang.reflect.Type,java.lang.reflect.TypeVariable<?>,java.util.Map<java.lang.reflect.TypeVariable<?>,java.lang.reflect.Type>):449:16755:isAssignable(bound, toTypeVariable, typeVarAssigns) |==> false
113:COR:<METHOD_INVOCATION(boolean)>:TRUE:org.apache.commons.lang3.reflect.TypeUtils@isAssignable(java.lang.reflect.Type,java.lang.reflect.TypeVariable<?>,java.util.Map<java.lang.reflect.TypeVariable<?>,java.lang.reflect.Type>):449:16755:isAssignable(bound, toTypeVariable, typeVarAssigns) |==> true
114:LVR:TRUE:FALSE:org.apache.commons.lang3.reflect.TypeUtils@isAssignable(java.lang.reflect.Type,java.lang.reflect.TypeVariable<?>,java.util.Map<java.lang.reflect.TypeVariable<?>,java.lang.reflect.Type>):450:16825:true |==> false
115:COR:||(boolean,boolean):!=(boolean,boolean):org.apache.commons.lang3.reflect.TypeUtils@isAssignable(java.lang.reflect.Type,java.lang.reflect.TypeVariable<?>,java.util.Map<java.lang.reflect.TypeVariable<?>,java.lang.reflect.Type>):455:16886:type instanceof Class<?> || type instanceof ParameterizedType |==> type instanceof Class<?> != type instanceof ParameterizedType
116:COR:||(boolean,boolean):LHS(boolean,boolean):org.apache.commons.lang3.reflect.TypeUtils@isAssignable(java.lang.reflect.Type,java.lang.reflect.TypeVariable<?>,java.util.Map<java.lang.reflect.TypeVariable<?>,java.lang.reflect.Type>):455:16886:type instanceof Class<?> || type instanceof ParameterizedType |==> type instanceof Class<?>
117:COR:||(boolean,boolean):RHS(boolean,boolean):org.apache.commons.lang3.reflect.TypeUtils@isAssignable(java.lang.reflect.Type,java.lang.reflect.TypeVariable<?>,java.util.Map<java.lang.reflect.TypeVariable<?>,java.lang.reflect.Type>):455:16914:type instanceof Class<?> || type instanceof ParameterizedType |==> type instanceof ParameterizedType
118:COR:||(boolean,boolean):TRUE(boolean,boolean):org.apache.commons.lang3.reflect.TypeUtils@isAssignable(java.lang.reflect.Type,java.lang.reflect.TypeVariable<?>,java.util.Map<java.lang.reflect.TypeVariable<?>,java.lang.reflect.Type>):455:16911:type instanceof Class<?> || type instanceof ParameterizedType |==> true
119:COR:||(boolean,boolean):!=(boolean,boolean):org.apache.commons.lang3.reflect.TypeUtils@isAssignable(java.lang.reflect.Type,java.lang.reflect.TypeVariable<?>,java.util.Map<java.lang.reflect.TypeVariable<?>,java.lang.reflect.Type>):455:16886:type instanceof Class<?> || type instanceof ParameterizedType || type instanceof GenericArrayType |==> (type instanceof Class<?> || type instanceof ParameterizedType) != type instanceof GenericArrayType
120:COR:||(boolean,boolean):LHS(boolean,boolean):org.apache.commons.lang3.reflect.TypeUtils@isAssignable(java.lang.reflect.Type,java.lang.reflect.TypeVariable<?>,java.util.Map<java.lang.reflect.TypeVariable<?>,java.lang.reflect.Type>):455:16886:type instanceof Class<?> || type instanceof ParameterizedType || type instanceof GenericArrayType |==> type instanceof Class<?> || type instanceof ParameterizedType
121:COR:||(boolean,boolean):RHS(boolean,boolean):org.apache.commons.lang3.reflect.TypeUtils@isAssignable(java.lang.reflect.Type,java.lang.reflect.TypeVariable<?>,java.util.Map<java.lang.reflect.TypeVariable<?>,java.lang.reflect.Type>):456:16967:type instanceof Class<?> || type instanceof ParameterizedType || type instanceof GenericArrayType |==> type instanceof GenericArrayType
122:COR:||(boolean,boolean):TRUE(boolean,boolean):org.apache.commons.lang3.reflect.TypeUtils@isAssignable(java.lang.reflect.Type,java.lang.reflect.TypeVariable<?>,java.util.Map<java.lang.reflect.TypeVariable<?>,java.lang.reflect.Type>):456:16964:type instanceof Class<?> || type instanceof ParameterizedType || type instanceof GenericArrayType |==> true
123:COR:||(boolean,boolean):!=(boolean,boolean):org.apache.commons.lang3.reflect.TypeUtils@isAssignable(java.lang.reflect.Type,java.lang.reflect.TypeVariable<?>,java.util.Map<java.lang.reflect.TypeVariable<?>,java.lang.reflect.Type>):455:16886:type instanceof Class<?> || type instanceof ParameterizedType || type instanceof GenericArrayType || type instanceof WildcardType |==> (type instanceof Class<?> || type instanceof ParameterizedType || type instanceof GenericArrayType) != type instanceof WildcardType
124:COR:||(boolean,boolean):LHS(boolean,boolean):org.apache.commons.lang3.reflect.TypeUtils@isAssignable(java.lang.reflect.Type,java.lang.reflect.TypeVariable<?>,java.util.Map<java.lang.reflect.TypeVariable<?>,java.lang.reflect.Type>):455:16886:type instanceof Class<?> || type instanceof ParameterizedType || type instanceof GenericArrayType || type instanceof WildcardType |==> type instanceof Class<?> || type instanceof ParameterizedType || type instanceof GenericArrayType
125:COR:||(boolean,boolean):RHS(boolean,boolean):org.apache.commons.lang3.reflect.TypeUtils@isAssignable(java.lang.reflect.Type,java.lang.reflect.TypeVariable<?>,java.util.Map<java.lang.reflect.TypeVariable<?>,java.lang.reflect.Type>):456:17003:type instanceof Class<?> || type instanceof ParameterizedType || type instanceof GenericArrayType || type instanceof WildcardType |==> type instanceof WildcardType
126:COR:||(boolean,boolean):TRUE(boolean,boolean):org.apache.commons.lang3.reflect.TypeUtils@isAssignable(java.lang.reflect.Type,java.lang.reflect.TypeVariable<?>,java.util.Map<java.lang.reflect.TypeVariable<?>,java.lang.reflect.Type>):456:17000:type instanceof Class<?> || type instanceof ParameterizedType || type instanceof GenericArrayType || type instanceof WildcardType |==> true
127:LVR:FALSE:TRUE:org.apache.commons.lang3.reflect.TypeUtils@isAssignable(java.lang.reflect.Type,java.lang.reflect.TypeVariable<?>,java.util.Map<java.lang.reflect.TypeVariable<?>,java.lang.reflect.Type>):457:17054:false |==> true
128:ROR:!=(java.lang.Object,java.lang.Object):TRUE(java.lang.Object,java.lang.Object):org.apache.commons.lang3.reflect.TypeUtils@substituteTypeVariables(java.lang.reflect.Type,java.util.Map<java.lang.reflect.TypeVariable<?>,java.lang.reflect.Type>):472:17568:typeVarAssigns != null |==> true
129:COR:&&(boolean,boolean):==(boolean,boolean):org.apache.commons.lang3.reflect.TypeUtils@substituteTypeVariables(java.lang.reflect.Type,java.util.Map<java.lang.reflect.TypeVariable<?>,java.lang.reflect.Type>):472:17518:type instanceof TypeVariable<?> && typeVarAssigns != null |==> type instanceof TypeVariable<?> == (typeVarAssigns != null)
130:COR:&&(boolean,boolean):FALSE(boolean,boolean):org.apache.commons.lang3.reflect.TypeUtils@substituteTypeVariables(java.lang.reflect.Type,java.util.Map<java.lang.reflect.TypeVariable<?>,java.lang.reflect.Type>):472:17550:type instanceof TypeVariable<?> && typeVarAssigns != null |==> false
131:COR:&&(boolean,boolean):LHS(boolean,boolean):org.apache.commons.lang3.reflect.TypeUtils@substituteTypeVariables(java.lang.reflect.Type,java.util.Map<java.lang.reflect.TypeVariable<?>,java.lang.reflect.Type>):472:17518:type instanceof TypeVariable<?> && typeVarAssigns != null |==> type instanceof TypeVariable<?>
132:COR:&&(boolean,boolean):RHS(boolean,boolean):org.apache.commons.lang3.reflect.TypeUtils@substituteTypeVariables(java.lang.reflect.Type,java.util.Map<java.lang.reflect.TypeVariable<?>,java.lang.reflect.Type>):472:17553:type instanceof TypeVariable<?> && typeVarAssigns != null |==> typeVarAssigns != null
133:ROR:==(java.lang.Object,java.lang.Object):FALSE(java.lang.Object,java.lang.Object):org.apache.commons.lang3.reflect.TypeUtils@substituteTypeVariables(java.lang.reflect.Type,java.util.Map<java.lang.reflect.TypeVariable<?>,java.lang.reflect.Type>):475:17673:replacementType == null |==> false
134:COR:<METHOD_INVOCATION(boolean)>:FALSE:org.apache.commons.lang3.reflect.TypeUtils@getTypeArguments(java.lang.reflect.Type,java.lang.Class<?>,java.util.Map<java.lang.reflect.TypeVariable<?>,java.lang.reflect.Type>):557:21724:toClass.isArray() |==> false
135:COR:<METHOD_INVOCATION(boolean)>:TRUE:org.apache.commons.lang3.reflect.TypeUtils@getTypeArguments(java.lang.reflect.Type,java.lang.Class<?>,java.util.Map<java.lang.reflect.TypeVariable<?>,java.lang.reflect.Type>):557:21724:toClass.isArray() |==> true
136:COR:<METHOD_INVOCATION(boolean)>:FALSE:org.apache.commons.lang3.reflect.TypeUtils@getTypeArguments(java.lang.reflect.Type,java.lang.Class<?>,java.util.Map<java.lang.reflect.TypeVariable<?>,java.lang.reflect.Type>):565:22134:isAssignable(bound, toClass) |==> false
137:COR:<METHOD_INVOCATION(boolean)>:TRUE:org.apache.commons.lang3.reflect.TypeUtils@getTypeArguments(java.lang.reflect.Type,java.lang.Class<?>,java.util.Map<java.lang.reflect.TypeVariable<?>,java.lang.reflect.Type>):565:22134:isAssignable(bound, toClass) |==> true
138:COR:<METHOD_INVOCATION(boolean)>:FALSE:org.apache.commons.lang3.reflect.TypeUtils@getTypeArguments(java.lang.reflect.Type,java.lang.Class<?>,java.util.Map<java.lang.reflect.TypeVariable<?>,java.lang.reflect.Type>):577:22549:isAssignable(bound, toClass) |==> false
139:COR:<METHOD_INVOCATION(boolean)>:TRUE:org.apache.commons.lang3.reflect.TypeUtils@getTypeArguments(java.lang.reflect.Type,java.lang.Class<?>,java.util.Map<java.lang.reflect.TypeVariable<?>,java.lang.reflect.Type>):577:22549:isAssignable(bound, toClass) |==> true
140:COR:<METHOD_INVOCATION(boolean)>:FALSE:org.apache.commons.lang3.reflect.TypeUtils@getTypeArguments(java.lang.reflect.ParameterizedType,java.lang.Class<?>,java.util.Map<java.lang.reflect.TypeVariable<?>,java.lang.reflect.Type>):603:23453:isAssignable(cls, toClass) |==> false
141:COR:<METHOD_INVOCATION(boolean)>:TRUE:org.apache.commons.lang3.reflect.TypeUtils@getTypeArguments(java.lang.reflect.ParameterizedType,java.lang.Class<?>,java.util.Map<java.lang.reflect.TypeVariable<?>,java.lang.reflect.Type>):603:23453:isAssignable(cls, toClass) |==> true
142:ROR:==(java.lang.Object,java.lang.Object):FALSE(java.lang.Object,java.lang.Object):org.apache.commons.lang3.reflect.TypeUtils@getTypeArguments(java.lang.reflect.ParameterizedType,java.lang.Class<?>,java.util.Map<java.lang.reflect.TypeVariable<?>,java.lang.reflect.Type>):617:24082:subtypeVarAssigns == null |==> false
143:LVR:0:POS:org.apache.commons.lang3.reflect.TypeUtils@getTypeArguments(java.lang.reflect.ParameterizedType,java.lang.Class<?>,java.util.Map<java.lang.reflect.TypeVariable<?>,java.lang.reflect.Type>):627:24566:0 |==> 1
144:LVR:0:NEG:org.apache.commons.lang3.reflect.TypeUtils@getTypeArguments(java.lang.reflect.ParameterizedType,java.lang.Class<?>,java.util.Map<java.lang.reflect.TypeVariable<?>,java.lang.reflect.Type>):627:24566:0 |==> -1
145:ROR:<(int,int):<=(int,int):org.apache.commons.lang3.reflect.TypeUtils@getTypeArguments(java.lang.reflect.ParameterizedType,java.lang.Class<?>,java.util.Map<java.lang.reflect.TypeVariable<?>,java.lang.reflect.Type>):627:24569:i < typeParams.length |==> i <= typeParams.length
146:ROR:<(int,int):FALSE(int,int):org.apache.commons.lang3.reflect.TypeUtils@getTypeArguments(java.lang.reflect.ParameterizedType,java.lang.Class<?>,java.util.Map<java.lang.reflect.TypeVariable<?>,java.lang.reflect.Type>):627:24571:i < typeParams.length |==> false
147:COR:<METHOD_INVOCATION(boolean)>:FALSE:org.apache.commons.lang3.reflect.TypeUtils@getTypeArguments(java.lang.reflect.ParameterizedType,java.lang.Class<?>,java.util.Map<java.lang.reflect.TypeVariable<?>,java.lang.reflect.Type>):629:24711:typeVarAssigns.containsKey(typeArg) |==> false
148:COR:<METHOD_INVOCATION(boolean)>:TRUE:org.apache.commons.lang3.reflect.TypeUtils@getTypeArguments(java.lang.reflect.ParameterizedType,java.lang.Class<?>,java.util.Map<java.lang.reflect.TypeVariable<?>,java.lang.reflect.Type>):629:24711:typeVarAssigns.containsKey(typeArg) |==> true
149:STD:<CALL>:<NO-OP>:org.apache.commons.lang3.reflect.TypeUtils@getTypeArguments(java.lang.reflect.ParameterizedType,java.lang.Class<?>,java.util.Map<java.lang.reflect.TypeVariable<?>,java.lang.reflect.Type>):629:24651:typeVarAssigns.put(typeParams[i], typeVarAssigns.containsKey(typeArg) ? typeVarAssigns.get(typeArg) : typeArg); |==> <NO-OP>
150:COR:<METHOD_INVOCATION(boolean)>:FALSE:org.apache.commons.lang3.reflect.TypeUtils@getTypeArguments(java.lang.reflect.ParameterizedType,java.lang.Class<?>,java.util.Map<java.lang.reflect.TypeVariable<?>,java.lang.reflect.Type>):633:24821:toClass.equals(cls) |==> false
151:COR:<METHOD_INVOCATION(boolean)>:TRUE:org.apache.commons.lang3.reflect.TypeUtils@getTypeArguments(java.lang.reflect.ParameterizedType,java.lang.Class<?>,java.util.Map<java.lang.reflect.TypeVariable<?>,java.lang.reflect.Type>):633:24821:toClass.equals(cls) |==> true
152:COR:<METHOD_INVOCATION(boolean)>:FALSE:org.apache.commons.lang3.reflect.TypeUtils@getTypeArguments(java.lang.Class<?>,java.lang.Class<?>,java.util.Map<java.lang.reflect.TypeVariable<?>,java.lang.reflect.Type>):653:25631:isAssignable(cls, toClass) |==> false
153:COR:<METHOD_INVOCATION(boolean)>:TRUE:org.apache.commons.lang3.reflect.TypeUtils@getTypeArguments(java.lang.Class<?>,java.lang.Class<?>,java.util.Map<java.lang.reflect.TypeVariable<?>,java.lang.reflect.Type>):653:25631:isAssignable(cls, toClass) |==> true
154:COR:<METHOD_INVOCATION(boolean)>:FALSE:org.apache.commons.lang3.reflect.TypeUtils@getTypeArguments(java.lang.Class<?>,java.lang.Class<?>,java.util.Map<java.lang.reflect.TypeVariable<?>,java.lang.reflect.Type>):658:25750:cls.isPrimitive() |==> false
155:COR:<METHOD_INVOCATION(boolean)>:TRUE:org.apache.commons.lang3.reflect.TypeUtils@getTypeArguments(java.lang.Class<?>,java.lang.Class<?>,java.util.Map<java.lang.reflect.TypeVariable<?>,java.lang.reflect.Type>):658:25750:cls.isPrimitive() |==> true
156:COR:<METHOD_INVOCATION(boolean)>:FALSE:org.apache.commons.lang3.reflect.TypeUtils@getTypeArguments(java.lang.Class<?>,java.lang.Class<?>,java.util.Map<java.lang.reflect.TypeVariable<?>,java.lang.reflect.Type>):660:25835:toClass.isPrimitive() |==> false
157:COR:<METHOD_INVOCATION(boolean)>:TRUE:org.apache.commons.lang3.reflect.TypeUtils@getTypeArguments(java.lang.Class<?>,java.lang.Class<?>,java.util.Map<java.lang.reflect.TypeVariable<?>,java.lang.reflect.Type>):660:25835:toClass.isPrimitive() |==> true
158:STD:<ASSIGN>:<NO-OP>:org.apache.commons.lang3.reflect.TypeUtils@getTypeArguments(java.lang.Class<?>,java.lang.Class<?>,java.util.Map<java.lang.reflect.TypeVariable<?>,java.lang.reflect.Type>):667:26127:cls = ClassUtils.primitiveToWrapper(cls); |==> <NO-OP>
159:ROR:==(java.lang.Object,java.lang.Object):FALSE(java.lang.Object,java.lang.Object):org.apache.commons.lang3.reflect.TypeUtils@getTypeArguments(java.lang.Class<?>,java.lang.Class<?>,java.util.Map<java.lang.reflect.TypeVariable<?>,java.lang.reflect.Type>):671:26329:subtypeVarAssigns == null |==> false
160:COR:<METHOD_INVOCATION(boolean)>:FALSE:org.apache.commons.lang3.reflect.TypeUtils@getTypeArguments(java.lang.Class<?>,java.lang.Class<?>,java.util.Map<java.lang.reflect.TypeVariable<?>,java.lang.reflect.Type>):675:26518:toClass.equals(cls) |==> false
161:COR:<METHOD_INVOCATION(boolean)>:TRUE:org.apache.commons.lang3.reflect.TypeUtils@getTypeArguments(java.lang.Class<?>,java.lang.Class<?>,java.util.Map<java.lang.reflect.TypeVariable<?>,java.lang.reflect.Type>):675:26518:toClass.equals(cls) |==> true
162:COR:<METHOD_INVOCATION(boolean)>:FALSE:org.apache.commons.lang3.reflect.TypeUtils@determineTypeArguments(java.lang.Class<?>,java.lang.reflect.ParameterizedType):715:28696:isAssignable(cls, superClass) |==> false
163:COR:<METHOD_INVOCATION(boolean)>:TRUE:org.apache.commons.lang3.reflect.TypeUtils@determineTypeArguments(java.lang.Class<?>,java.lang.reflect.ParameterizedType):715:28696:isAssignable(cls, superClass) |==> true
164:COR:<METHOD_INVOCATION(boolean)>:FALSE:org.apache.commons.lang3.reflect.TypeUtils@determineTypeArguments(java.lang.Class<?>,java.lang.reflect.ParameterizedType):719:28775:cls.equals(superClass) |==> false
165:COR:<METHOD_INVOCATION(boolean)>:TRUE:org.apache.commons.lang3.reflect.TypeUtils@determineTypeArguments(java.lang.Class<?>,java.lang.reflect.ParameterizedType):719:28775:cls.equals(superClass) |==> true
166:STD:<CALL>:<NO-OP>:org.apache.commons.lang3.reflect.TypeUtils@determineTypeArguments(java.lang.Class<?>,java.lang.reflect.ParameterizedType):737:29603:mapTypeVariablesToArguments(cls, midParameterizedType, typeVarAssigns); |==> <NO-OP>
167:STD:<CALL>:<NO-OP>:org.apache.commons.lang3.reflect.TypeUtils@mapTypeVariablesToArguments(java.lang.Class<T>,java.lang.reflect.ParameterizedType,java.util.Map<java.lang.reflect.TypeVariable<?>,java.lang.reflect.Type>):757:30440:mapTypeVariablesToArguments(cls, (ParameterizedType)ownerType, typeVarAssigns); |==> <NO-OP>
168:LVR:0:POS:org.apache.commons.lang3.reflect.TypeUtils@mapTypeVariablesToArguments(java.lang.Class<T>,java.lang.reflect.ParameterizedType,java.util.Map<java.lang.reflect.TypeVariable<?>,java.lang.reflect.Type>):774:31337:0 |==> 1
169:LVR:0:NEG:org.apache.commons.lang3.reflect.TypeUtils@mapTypeVariablesToArguments(java.lang.Class<T>,java.lang.reflect.ParameterizedType,java.util.Map<java.lang.reflect.TypeVariable<?>,java.lang.reflect.Type>):774:31337:0 |==> -1
170:ROR:<(int,int):<=(int,int):org.apache.commons.lang3.reflect.TypeUtils@mapTypeVariablesToArguments(java.lang.Class<T>,java.lang.reflect.ParameterizedType,java.util.Map<java.lang.reflect.TypeVariable<?>,java.lang.reflect.Type>):774:31340:i < typeArgs.length |==> i <= typeArgs.length
171:ROR:<(int,int):FALSE(int,int):org.apache.commons.lang3.reflect.TypeUtils@mapTypeVariablesToArguments(java.lang.Class<T>,java.lang.reflect.ParameterizedType,java.util.Map<java.lang.reflect.TypeVariable<?>,java.lang.reflect.Type>):774:31342:i < typeArgs.length |==> false
172:COR:&&(boolean,boolean):==(boolean,boolean):org.apache.commons.lang3.reflect.TypeUtils@mapTypeVariablesToArguments(java.lang.Class<T>,java.lang.reflect.ParameterizedType,java.util.Map<java.lang.reflect.TypeVariable<?>,java.lang.reflect.Type>):779:31547:typeVarList.contains(typeArg) && typeVarAssigns.containsKey(typeVar) |==> typeVarList.contains(typeArg) == typeVarAssigns.containsKey(typeVar)
173:COR:&&(boolean,boolean):FALSE(boolean,boolean):org.apache.commons.lang3.reflect.TypeUtils@mapTypeVariablesToArguments(java.lang.Class<T>,java.lang.reflect.ParameterizedType,java.util.Map<java.lang.reflect.TypeVariable<?>,java.lang.reflect.Type>):782:31707:typeVarList.contains(typeArg) && typeVarAssigns.containsKey(typeVar) |==> false
174:COR:&&(boolean,boolean):LHS(boolean,boolean):org.apache.commons.lang3.reflect.TypeUtils@mapTypeVariablesToArguments(java.lang.Class<T>,java.lang.reflect.ParameterizedType,java.util.Map<java.lang.reflect.TypeVariable<?>,java.lang.reflect.Type>):779:31547:typeVarList.contains(typeArg) && typeVarAssigns.containsKey(typeVar) |==> typeVarList.contains(typeArg)
175:COR:&&(boolean,boolean):RHS(boolean,boolean):org.apache.commons.lang3.reflect.TypeUtils@mapTypeVariablesToArguments(java.lang.Class<T>,java.lang.reflect.ParameterizedType,java.util.Map<java.lang.reflect.TypeVariable<?>,java.lang.reflect.Type>):782:31710:typeVarList.contains(typeArg) && typeVarAssigns.containsKey(typeVar) |==> typeVarAssigns.containsKey(typeVar)
176:STD:<CALL>:<NO-OP>:org.apache.commons.lang3.reflect.TypeUtils@mapTypeVariablesToArguments(java.lang.Class<T>,java.lang.reflect.ParameterizedType,java.util.Map<java.lang.reflect.TypeVariable<?>,java.lang.reflect.Type>):784:31830:typeVarAssigns.put((TypeVariable<?>)typeArg, typeVarAssigns.get(typeVar)); |==> <NO-OP>
177:COR:<METHOD_INVOCATION(boolean)>:FALSE:org.apache.commons.lang3.reflect.TypeUtils@getClosestParentType(java.lang.Class<?>,java.lang.Class<?>):799:32416:superClass.isInterface() |==> false
178:COR:<METHOD_INVOCATION(boolean)>:TRUE:org.apache.commons.lang3.reflect.TypeUtils@getClosestParentType(java.lang.Class<?>,java.lang.Class<?>):799:32416:superClass.isInterface() |==> true
179:STD:<ASSIGN>:<NO-OP>:org.apache.commons.lang3.reflect.TypeUtils@getClosestParentType(java.lang.Class<?>,java.lang.Class<?>):810:32890:midClass = getRawType((ParameterizedType)midType); |==> <NO-OP>
180:STD:<ASSIGN>:<NO-OP>:org.apache.commons.lang3.reflect.TypeUtils@getClosestParentType(java.lang.Class<?>,java.lang.Class<?>):812:33020:midClass = (Class<?>)midType; |==> <NO-OP>
181:COR:&&(boolean,boolean):==(boolean,boolean):org.apache.commons.lang3.reflect.TypeUtils@getClosestParentType(java.lang.Class<?>,java.lang.Class<?>):820:33386:isAssignable(midClass, superClass) && isAssignable(genericInterface, (Type)midClass) |==> isAssignable(midClass, superClass) == isAssignable(genericInterface, (Type)midClass)
182:COR:&&(boolean,boolean):FALSE(boolean,boolean):org.apache.commons.lang3.reflect.TypeUtils@getClosestParentType(java.lang.Class<?>,java.lang.Class<?>):821:33445:isAssignable(midClass, superClass) && isAssignable(genericInterface, (Type)midClass) |==> false
183:COR:&&(boolean,boolean):LHS(boolean,boolean):org.apache.commons.lang3.reflect.TypeUtils@getClosestParentType(java.lang.Class<?>,java.lang.Class<?>):820:33386:isAssignable(midClass, superClass) && isAssignable(genericInterface, (Type)midClass) |==> isAssignable(midClass, superClass)
184:COR:&&(boolean,boolean):RHS(boolean,boolean):org.apache.commons.lang3.reflect.TypeUtils@getClosestParentType(java.lang.Class<?>,java.lang.Class<?>):821:33448:isAssignable(midClass, superClass) && isAssignable(genericInterface, (Type)midClass) |==> isAssignable(genericInterface, (Type)midClass)
185:STD:<ASSIGN>:<NO-OP>:org.apache.commons.lang3.reflect.TypeUtils@getClosestParentType(java.lang.Class<?>,java.lang.Class<?>):822:33519:genericInterface = midType; |==> <NO-OP>
186:ROR:!=(java.lang.Object,java.lang.Object):TRUE(java.lang.Object,java.lang.Object):org.apache.commons.lang3.reflect.TypeUtils@getClosestParentType(java.lang.Class<?>,java.lang.Class<?>):827:33643:genericInterface != null |==> true
187:ROR:==(java.lang.Object,java.lang.Object):FALSE(java.lang.Object,java.lang.Object):org.apache.commons.lang3.reflect.TypeUtils@isInstance(java.lang.Object,java.lang.reflect.Type):846:34276:type == null |==> false
188:LVR:FALSE:TRUE:org.apache.commons.lang3.reflect.TypeUtils@isInstance(java.lang.Object,java.lang.reflect.Type):847:34306:false |==> true
189:ROR:==(java.lang.Object,java.lang.Object):FALSE(java.lang.Object,java.lang.Object):org.apache.commons.lang3.reflect.TypeUtils@isInstance(java.lang.Object,java.lang.reflect.Type):850:34345:value == null |==> false
190:COR:||(boolean,boolean):!=(boolean,boolean):org.apache.commons.lang3.reflect.TypeUtils@isInstance(java.lang.Object,java.lang.reflect.Type):850:34355:!(type instanceof Class<?>) || !((Class<?>)type).isPrimitive() |==> !(type instanceof Class<?>) != !((Class<?>)type).isPrimitive()
191:COR:||(boolean,boolean):LHS(boolean,boolean):org.apache.commons.lang3.reflect.TypeUtils@isInstance(java.lang.Object,java.lang.reflect.Type):850:34355:!(type instanceof Class<?>) || !((Class<?>)type).isPrimitive() |==> !(type instanceof Class<?>)
192:COR:||(boolean,boolean):RHS(boolean,boolean):org.apache.commons.lang3.reflect.TypeUtils@isInstance(java.lang.Object,java.lang.reflect.Type):850:34386:!(type instanceof Class<?>) || !((Class<?>)type).isPrimitive() |==> !((Class<?>)type).isPrimitive()
193:COR:||(boolean,boolean):TRUE(boolean,boolean):org.apache.commons.lang3.reflect.TypeUtils@isInstance(java.lang.Object,java.lang.reflect.Type):850:34383:!(type instanceof Class<?>) || !((Class<?>)type).isPrimitive() |==> true
194:LVR:POS:0:org.apache.commons.lang3.reflect.TypeUtils@normalizeUpperBounds(java.lang.reflect.Type[]):877:35537:2 |==> 0
195:LVR:POS:NEG:org.apache.commons.lang3.reflect.TypeUtils@normalizeUpperBounds(java.lang.reflect.Type[]):877:35537:2 |==> -2
196:ROR:<(int,int):!=(int,int):org.apache.commons.lang3.reflect.TypeUtils@normalizeUpperBounds(java.lang.reflect.Type[]):877:35521:bounds.length < 2 |==> bounds.length != 2
197:ROR:<(int,int):<=(int,int):org.apache.commons.lang3.reflect.TypeUtils@normalizeUpperBounds(java.lang.reflect.Type[]):877:35521:bounds.length < 2 |==> bounds.length <= 2
198:ROR:<(int,int):FALSE(int,int):org.apache.commons.lang3.reflect.TypeUtils@normalizeUpperBounds(java.lang.reflect.Type[]):877:35535:bounds.length < 2 |==> false
199:LVR:FALSE:TRUE:org.apache.commons.lang3.reflect.TypeUtils@normalizeUpperBounds(java.lang.reflect.Type[]):884:35712:false |==> true
200:ROR:!=(java.lang.Object,java.lang.Object):TRUE(java.lang.Object,java.lang.Object):org.apache.commons.lang3.reflect.TypeUtils@normalizeUpperBounds(java.lang.reflect.Type[]):887:35786:type1 != type2 |==> true
201:COR:&&(boolean,boolean):==(boolean,boolean):org.apache.commons.lang3.reflect.TypeUtils@normalizeUpperBounds(java.lang.reflect.Type[]):887:35780:type1 != type2 && isAssignable(type2, type1, null) |==> type1 != type2 == isAssignable(type2, type1, null)
202:COR:&&(boolean,boolean):FALSE(boolean,boolean):org.apache.commons.lang3.reflect.TypeUtils@normalizeUpperBounds(java.lang.reflect.Type[]):887:35795:type1 != type2 && isAssignable(type2, type1, null) |==> false
203:COR:&&(boolean,boolean):LHS(boolean,boolean):org.apache.commons.lang3.reflect.TypeUtils@normalizeUpperBounds(java.lang.reflect.Type[]):887:35780:type1 != type2 && isAssignable(type2, type1, null) |==> type1 != type2
204:COR:&&(boolean,boolean):RHS(boolean,boolean):org.apache.commons.lang3.reflect.TypeUtils@normalizeUpperBounds(java.lang.reflect.Type[]):887:35798:type1 != type2 && isAssignable(type2, type1, null) |==> isAssignable(type2, type1, null)
205:LVR:TRUE:FALSE:org.apache.commons.lang3.reflect.TypeUtils@normalizeUpperBounds(java.lang.reflect.Type[]):888:35869:true |==> false
206:STD:<ASSIGN>:<NO-OP>:org.apache.commons.lang3.reflect.TypeUtils@normalizeUpperBounds(java.lang.reflect.Type[]):888:35854:subtypeFound = true; |==> <NO-OP>
207:COR:<IDENTIFIER(boolean)>:FALSE:org.apache.commons.lang3.reflect.TypeUtils@normalizeUpperBounds(java.lang.reflect.Type[]):893:35952:subtypeFound |==> false
208:COR:<IDENTIFIER(boolean)>:TRUE:org.apache.commons.lang3.reflect.TypeUtils@normalizeUpperBounds(java.lang.reflect.Type[]):893:35952:subtypeFound |==> true
209:STD:<CALL>:<NO-OP>:org.apache.commons.lang3.reflect.TypeUtils@normalizeUpperBounds(java.lang.reflect.Type[]):894:35984:types.add(type1); |==> <NO-OP>
210:LVR:0:POS:org.apache.commons.lang3.reflect.TypeUtils@getImplicitBounds(java.lang.reflect.TypeVariable<?>):913:36673:0 |==> 1
211:LVR:0:NEG:org.apache.commons.lang3.reflect.TypeUtils@getImplicitBounds(java.lang.reflect.TypeVariable<?>):913:36673:0 |==> -1
212:ROR:==(int,int):>=(int,int):org.apache.commons.lang3.reflect.TypeUtils@getImplicitBounds(java.lang.reflect.TypeVariable<?>):913:36656:bounds.length == 0 |==> bounds.length >= 0
213:ROR:==(int,int):FALSE(int,int):org.apache.commons.lang3.reflect.TypeUtils@getImplicitBounds(java.lang.reflect.TypeVariable<?>):913:36670:bounds.length == 0 |==> false
214:LVR:0:POS:org.apache.commons.lang3.reflect.TypeUtils@getImplicitUpperBounds(java.lang.reflect.WildcardType):929:37360:0 |==> 1
215:LVR:0:NEG:org.apache.commons.lang3.reflect.TypeUtils@getImplicitUpperBounds(java.lang.reflect.WildcardType):929:37360:0 |==> -1
216:ROR:==(int,int):>=(int,int):org.apache.commons.lang3.reflect.TypeUtils@getImplicitUpperBounds(java.lang.reflect.WildcardType):929:37343:bounds.length == 0 |==> bounds.length >= 0
217:ROR:==(int,int):FALSE(int,int):org.apache.commons.lang3.reflect.TypeUtils@getImplicitUpperBounds(java.lang.reflect.WildcardType):929:37357:bounds.length == 0 |==> false
218:LVR:0:POS:org.apache.commons.lang3.reflect.TypeUtils@getImplicitLowerBounds(java.lang.reflect.WildcardType):944:38001:0 |==> 1
219:LVR:0:NEG:org.apache.commons.lang3.reflect.TypeUtils@getImplicitLowerBounds(java.lang.reflect.WildcardType):944:38001:0 |==> -1
220:ROR:==(int,int):>=(int,int):org.apache.commons.lang3.reflect.TypeUtils@getImplicitLowerBounds(java.lang.reflect.WildcardType):944:37984:bounds.length == 0 |==> bounds.length >= 0
221:ROR:==(int,int):FALSE(int,int):org.apache.commons.lang3.reflect.TypeUtils@getImplicitLowerBounds(java.lang.reflect.WildcardType):944:37998:bounds.length == 0 |==> false
222:COR:<METHOD_INVOCATION(boolean)>:FALSE:org.apache.commons.lang3.reflect.TypeUtils@typesSatisfyVariables(java.util.Map<java.lang.reflect.TypeVariable<?>,java.lang.reflect.Type>):968:39175:isAssignable(type, substituteTypeVariables(bound, typeVarAssigns), typeVarAssigns) |==> false
223:COR:<METHOD_INVOCATION(boolean)>:TRUE:org.apache.commons.lang3.reflect.TypeUtils@typesSatisfyVariables(java.util.Map<java.lang.reflect.TypeVariable<?>,java.lang.reflect.Type>):968:39175:isAssignable(type, substituteTypeVariables(bound, typeVarAssigns), typeVarAssigns) |==> true
224:LVR:FALSE:TRUE:org.apache.commons.lang3.reflect.TypeUtils@typesSatisfyVariables(java.util.Map<java.lang.reflect.TypeVariable<?>,java.lang.reflect.Type>):970:39300:false |==> true
225:LVR:TRUE:FALSE:org.apache.commons.lang3.reflect.TypeUtils@typesSatisfyVariables(java.util.Map<java.lang.reflect.TypeVariable<?>,java.lang.reflect.Type>):975:39365:true |==> false
226:ROR:==(java.lang.Object,java.lang.Object):FALSE(java.lang.Object,java.lang.Object):org.apache.commons.lang3.reflect.TypeUtils@getRawType(java.lang.reflect.Type,java.lang.reflect.Type):1024:41401:assigningType == null |==> false
227:ROR:==(java.lang.Object,java.lang.Object):FALSE(java.lang.Object,java.lang.Object):org.apache.commons.lang3.reflect.TypeUtils@getRawType(java.lang.reflect.Type,java.lang.reflect.Type):1044:42207:typeVarAssigns == null |==> false
228:ROR:==(java.lang.Object,java.lang.Object):FALSE(java.lang.Object,java.lang.Object):org.apache.commons.lang3.reflect.TypeUtils@getRawType(java.lang.reflect.Type,java.lang.reflect.Type):1051:42413:typeArgument == null |==> false
229:LVR:0:POS:org.apache.commons.lang3.reflect.TypeUtils@getRawType(java.lang.reflect.Type,java.lang.reflect.Type):1065:42955:0 |==> 1
230:LVR:0:NEG:org.apache.commons.lang3.reflect.TypeUtils@getRawType(java.lang.reflect.Type,java.lang.reflect.Type):1065:42955:0 |==> -1
231:COR:&&(boolean,boolean):==(boolean,boolean):org.apache.commons.lang3.reflect.TypeUtils@isArrayType(java.lang.reflect.Type):1082:43530:type instanceof Class<?> && ((Class<?>)type).isArray() |==> type instanceof Class<?> == ((Class<?>)type).isArray()
232:COR:&&(boolean,boolean):FALSE(boolean,boolean):org.apache.commons.lang3.reflect.TypeUtils@isArrayType(java.lang.reflect.Type):1082:43555:type instanceof Class<?> && ((Class<?>)type).isArray() |==> false
233:COR:&&(boolean,boolean):LHS(boolean,boolean):org.apache.commons.lang3.reflect.TypeUtils@isArrayType(java.lang.reflect.Type):1082:43530:type instanceof Class<?> && ((Class<?>)type).isArray() |==> type instanceof Class<?>
234:COR:&&(boolean,boolean):RHS(boolean,boolean):org.apache.commons.lang3.reflect.TypeUtils@isArrayType(java.lang.reflect.Type):1082:43558:type instanceof Class<?> && ((Class<?>)type).isArray() |==> ((Class<?>)type).isArray()
235:COR:||(boolean,boolean):!=(boolean,boolean):org.apache.commons.lang3.reflect.TypeUtils@isArrayType(java.lang.reflect.Type):1082:43494:type instanceof GenericArrayType || type instanceof Class<?> && ((Class<?>)type).isArray() |==> type instanceof GenericArrayType != (type instanceof Class<?> && ((Class<?>)type).isArray())
236:COR:||(boolean,boolean):LHS(boolean,boolean):org.apache.commons.lang3.reflect.TypeUtils@isArrayType(java.lang.reflect.Type):1082:43494:type instanceof GenericArrayType || type instanceof Class<?> && ((Class<?>)type).isArray() |==> type instanceof GenericArrayType
237:COR:||(boolean,boolean):RHS(boolean,boolean):org.apache.commons.lang3.reflect.TypeUtils@isArrayType(java.lang.reflect.Type):1082:43530:type instanceof GenericArrayType || type instanceof Class<?> && ((Class<?>)type).isArray() |==> type instanceof Class<?> && ((Class<?>)type).isArray()
238:COR:||(boolean,boolean):TRUE(boolean,boolean):org.apache.commons.lang3.reflect.TypeUtils@isArrayType(java.lang.reflect.Type):1082:43527:type instanceof GenericArrayType || type instanceof Class<?> && ((Class<?>)type).isArray() |==> true
239:COR:<METHOD_INVOCATION(boolean)>:FALSE:org.apache.commons.lang3.reflect.TypeUtils@getArrayComponentType(java.lang.reflect.Type):1093:43953:clazz.isArray() |==> false
240:COR:<METHOD_INVOCATION(boolean)>:TRUE:org.apache.commons.lang3.reflect.TypeUtils@getArrayComponentType(java.lang.reflect.Type):1093:43953:clazz.isArray() |==> true
