1:ROR:==(java.lang.Object,java.lang.Object):FALSE(java.lang.Object,java.lang.Object):org.apache.commons.lang3.LocaleUtils@toLocale(java.lang.String):89:3458:str == null |==> false
2:LVR:POS:0:org.apache.commons.lang3.LocaleUtils@toLocale(java.lang.String):93:3560:2 |==> 0
3:LVR:POS:NEG:org.apache.commons.lang3.LocaleUtils@toLocale(java.lang.String):93:3560:2 |==> -2
4:ROR:<(int,int):!=(int,int):org.apache.commons.lang3.LocaleUtils@toLocale(java.lang.String):93:3554:len < 2 |==> len != 2
5:ROR:<(int,int):<=(int,int):org.apache.commons.lang3.LocaleUtils@toLocale(java.lang.String):93:3554:len < 2 |==> len <= 2
6:ROR:<(int,int):FALSE(int,int):org.apache.commons.lang3.LocaleUtils@toLocale(java.lang.String):93:3558:len < 2 |==> false
7:LVR:0:POS:org.apache.commons.lang3.LocaleUtils@toLocale(java.lang.String):96:3692:0 |==> 1
8:LVR:0:NEG:org.apache.commons.lang3.LocaleUtils@toLocale(java.lang.String):96:3692:0 |==> -1
9:ROR:==(int,int):<=(int,int):org.apache.commons.lang3.LocaleUtils@toLocale(java.lang.String):97:3708:ch0 == '_' |==> ch0 <= '_'
10:ROR:==(int,int):>=(int,int):org.apache.commons.lang3.LocaleUtils@toLocale(java.lang.String):97:3708:ch0 == '_' |==> ch0 >= '_'
11:ROR:==(int,int):FALSE(int,int):org.apache.commons.lang3.LocaleUtils@toLocale(java.lang.String):97:3712:ch0 == '_' |==> false
12:LVR:POS:0:org.apache.commons.lang3.LocaleUtils@toLocale(java.lang.String):98:3744:3 |==> 0
13:LVR:POS:NEG:org.apache.commons.lang3.LocaleUtils@toLocale(java.lang.String):98:3744:3 |==> -3
14:ROR:<(int,int):!=(int,int):org.apache.commons.lang3.LocaleUtils@toLocale(java.lang.String):98:3738:len < 3 |==> len != 3
15:ROR:<(int,int):<=(int,int):org.apache.commons.lang3.LocaleUtils@toLocale(java.lang.String):98:3738:len < 3 |==> len <= 3
16:ROR:<(int,int):FALSE(int,int):org.apache.commons.lang3.LocaleUtils@toLocale(java.lang.String):98:3742:len < 3 |==> false
17:LVR:POS:0:org.apache.commons.lang3.LocaleUtils@toLocale(java.lang.String):101:3888:1 |==> 0
18:LVR:POS:NEG:org.apache.commons.lang3.LocaleUtils@toLocale(java.lang.String):101:3888:1 |==> -1
19:LVR:POS:0:org.apache.commons.lang3.LocaleUtils@toLocale(java.lang.String):102:3932:2 |==> 0
20:LVR:POS:NEG:org.apache.commons.lang3.LocaleUtils@toLocale(java.lang.String):102:3932:2 |==> -2
21:COR:||(boolean,boolean):!=(boolean,boolean):org.apache.commons.lang3.LocaleUtils@toLocale(java.lang.String):103:3952:!Character.isUpperCase(ch1) || !Character.isUpperCase(ch2) |==> !Character.isUpperCase(ch1) != !Character.isUpperCase(ch2)
22:COR:||(boolean,boolean):LHS(boolean,boolean):org.apache.commons.lang3.LocaleUtils@toLocale(java.lang.String):103:3952:!Character.isUpperCase(ch1) || !Character.isUpperCase(ch2) |==> !Character.isUpperCase(ch1)
23:COR:||(boolean,boolean):RHS(boolean,boolean):org.apache.commons.lang3.LocaleUtils@toLocale(java.lang.String):103:3983:!Character.isUpperCase(ch1) || !Character.isUpperCase(ch2) |==> !Character.isUpperCase(ch2)
24:COR:||(boolean,boolean):TRUE(boolean,boolean):org.apache.commons.lang3.LocaleUtils@toLocale(java.lang.String):103:3980:!Character.isUpperCase(ch1) || !Character.isUpperCase(ch2) |==> true
25:LVR:POS:0:org.apache.commons.lang3.LocaleUtils@toLocale(java.lang.String):106:4136:3 |==> 0
26:LVR:POS:NEG:org.apache.commons.lang3.LocaleUtils@toLocale(java.lang.String):106:4136:3 |==> -3
27:ROR:==(int,int):<=(int,int):org.apache.commons.lang3.LocaleUtils@toLocale(java.lang.String):106:4129:len == 3 |==> len <= 3
28:ROR:==(int,int):>=(int,int):org.apache.commons.lang3.LocaleUtils@toLocale(java.lang.String):106:4129:len == 3 |==> len >= 3
29:ROR:==(int,int):FALSE(int,int):org.apache.commons.lang3.LocaleUtils@toLocale(java.lang.String):106:4133:len == 3 |==> false
30:LVR:POS:0:org.apache.commons.lang3.LocaleUtils@toLocale(java.lang.String):107:4193:1 |==> 0
31:LVR:POS:NEG:org.apache.commons.lang3.LocaleUtils@toLocale(java.lang.String):107:4193:1 |==> -1
32:LVR:POS:0:org.apache.commons.lang3.LocaleUtils@toLocale(java.lang.String):107:4196:3 |==> 0
33:LVR:POS:NEG:org.apache.commons.lang3.LocaleUtils@toLocale(java.lang.String):107:4196:3 |==> -3
34:LVR:POS:0:org.apache.commons.lang3.LocaleUtils@toLocale(java.lang.String):109:4237:5 |==> 0
35:LVR:POS:NEG:org.apache.commons.lang3.LocaleUtils@toLocale(java.lang.String):109:4237:5 |==> -5
36:ROR:<(int,int):!=(int,int):org.apache.commons.lang3.LocaleUtils@toLocale(java.lang.String):109:4231:len < 5 |==> len != 5
37:ROR:<(int,int):<=(int,int):org.apache.commons.lang3.LocaleUtils@toLocale(java.lang.String):109:4231:len < 5 |==> len <= 5
38:ROR:<(int,int):FALSE(int,int):org.apache.commons.lang3.LocaleUtils@toLocale(java.lang.String):109:4235:len < 5 |==> false
39:LVR:POS:0:org.apache.commons.lang3.LocaleUtils@toLocale(java.lang.String):112:4368:3 |==> 0
40:LVR:POS:NEG:org.apache.commons.lang3.LocaleUtils@toLocale(java.lang.String):112:4368:3 |==> -3
41:ROR:!=(int,int):<(int,int):org.apache.commons.lang3.LocaleUtils@toLocale(java.lang.String):112:4357:str.charAt(3) != '_' |==> str.charAt(3) < '_'
42:ROR:!=(int,int):>(int,int):org.apache.commons.lang3.LocaleUtils@toLocale(java.lang.String):112:4357:str.charAt(3) != '_' |==> str.charAt(3) > '_'
43:ROR:!=(int,int):TRUE(int,int):org.apache.commons.lang3.LocaleUtils@toLocale(java.lang.String):112:4371:str.charAt(3) != '_' |==> true
44:LVR:POS:0:org.apache.commons.lang3.LocaleUtils@toLocale(java.lang.String):115:4528:1 |==> 0
45:LVR:POS:NEG:org.apache.commons.lang3.LocaleUtils@toLocale(java.lang.String):115:4528:1 |==> -1
46:LVR:POS:0:org.apache.commons.lang3.LocaleUtils@toLocale(java.lang.String):115:4531:3 |==> 0
47:LVR:POS:NEG:org.apache.commons.lang3.LocaleUtils@toLocale(java.lang.String):115:4531:3 |==> -3
48:LVR:POS:0:org.apache.commons.lang3.LocaleUtils@toLocale(java.lang.String):115:4549:4 |==> 0
49:LVR:POS:NEG:org.apache.commons.lang3.LocaleUtils@toLocale(java.lang.String):115:4549:4 |==> -4
50:LVR:POS:0:org.apache.commons.lang3.LocaleUtils@toLocale(java.lang.String):117:4611:1 |==> 0
51:LVR:POS:NEG:org.apache.commons.lang3.LocaleUtils@toLocale(java.lang.String):117:4611:1 |==> -1
52:COR:||(boolean,boolean):!=(boolean,boolean):org.apache.commons.lang3.LocaleUtils@toLocale(java.lang.String):118:4631:!Character.isLowerCase(ch0) || !Character.isLowerCase(ch1) |==> !Character.isLowerCase(ch0) != !Character.isLowerCase(ch1)
53:COR:||(boolean,boolean):LHS(boolean,boolean):org.apache.commons.lang3.LocaleUtils@toLocale(java.lang.String):118:4631:!Character.isLowerCase(ch0) || !Character.isLowerCase(ch1) |==> !Character.isLowerCase(ch0)
54:COR:||(boolean,boolean):RHS(boolean,boolean):org.apache.commons.lang3.LocaleUtils@toLocale(java.lang.String):118:4662:!Character.isLowerCase(ch0) || !Character.isLowerCase(ch1) |==> !Character.isLowerCase(ch1)
55:COR:||(boolean,boolean):TRUE(boolean,boolean):org.apache.commons.lang3.LocaleUtils@toLocale(java.lang.String):118:4659:!Character.isLowerCase(ch0) || !Character.isLowerCase(ch1) |==> true
56:LVR:POS:0:org.apache.commons.lang3.LocaleUtils@toLocale(java.lang.String):121:4815:2 |==> 0
57:LVR:POS:NEG:org.apache.commons.lang3.LocaleUtils@toLocale(java.lang.String):121:4815:2 |==> -2
58:ROR:==(int,int):<=(int,int):org.apache.commons.lang3.LocaleUtils@toLocale(java.lang.String):121:4808:len == 2 |==> len <= 2
59:ROR:==(int,int):>=(int,int):org.apache.commons.lang3.LocaleUtils@toLocale(java.lang.String):121:4808:len == 2 |==> len >= 2
60:ROR:==(int,int):FALSE(int,int):org.apache.commons.lang3.LocaleUtils@toLocale(java.lang.String):121:4812:len == 2 |==> false
61:LVR:POS:0:org.apache.commons.lang3.LocaleUtils@toLocale(java.lang.String):124:4896:5 |==> 0
62:LVR:POS:NEG:org.apache.commons.lang3.LocaleUtils@toLocale(java.lang.String):124:4896:5 |==> -5
63:ROR:<(int,int):!=(int,int):org.apache.commons.lang3.LocaleUtils@toLocale(java.lang.String):124:4890:len < 5 |==> len != 5
64:ROR:<(int,int):<=(int,int):org.apache.commons.lang3.LocaleUtils@toLocale(java.lang.String):124:4890:len < 5 |==> len <= 5
65:ROR:<(int,int):FALSE(int,int):org.apache.commons.lang3.LocaleUtils@toLocale(java.lang.String):124:4894:len < 5 |==> false
66:LVR:POS:0:org.apache.commons.lang3.LocaleUtils@toLocale(java.lang.String):127:5027:2 |==> 0
67:LVR:POS:NEG:org.apache.commons.lang3.LocaleUtils@toLocale(java.lang.String):127:5027:2 |==> -2
68:ROR:!=(int,int):<(int,int):org.apache.commons.lang3.LocaleUtils@toLocale(java.lang.String):127:5016:str.charAt(2) != '_' |==> str.charAt(2) < '_'
69:ROR:!=(int,int):>(int,int):org.apache.commons.lang3.LocaleUtils@toLocale(java.lang.String):127:5016:str.charAt(2) != '_' |==> str.charAt(2) > '_'
70:ROR:!=(int,int):TRUE(int,int):org.apache.commons.lang3.LocaleUtils@toLocale(java.lang.String):127:5030:str.charAt(2) != '_' |==> true
71:LVR:POS:0:org.apache.commons.lang3.LocaleUtils@toLocale(java.lang.String):130:5179:3 |==> 0
72:LVR:POS:NEG:org.apache.commons.lang3.LocaleUtils@toLocale(java.lang.String):130:5179:3 |==> -3
73:ROR:==(int,int):<=(int,int):org.apache.commons.lang3.LocaleUtils@toLocale(java.lang.String):131:5199:ch3 == '_' |==> ch3 <= '_'
74:ROR:==(int,int):>=(int,int):org.apache.commons.lang3.LocaleUtils@toLocale(java.lang.String):131:5199:ch3 == '_' |==> ch3 >= '_'
75:ROR:==(int,int):FALSE(int,int):org.apache.commons.lang3.LocaleUtils@toLocale(java.lang.String):131:5203:ch3 == '_' |==> false
76:LVR:0:POS:org.apache.commons.lang3.LocaleUtils@toLocale(java.lang.String):132:5261:0 |==> 1
77:LVR:0:NEG:org.apache.commons.lang3.LocaleUtils@toLocale(java.lang.String):132:5261:0 |==> -1
78:LVR:POS:0:org.apache.commons.lang3.LocaleUtils@toLocale(java.lang.String):132:5264:2 |==> 0
79:LVR:POS:NEG:org.apache.commons.lang3.LocaleUtils@toLocale(java.lang.String):132:5264:2 |==> -2
80:LVR:POS:0:org.apache.commons.lang3.LocaleUtils@toLocale(java.lang.String):132:5286:4 |==> 0
81:LVR:POS:NEG:org.apache.commons.lang3.LocaleUtils@toLocale(java.lang.String):132:5286:4 |==> -4
82:LVR:POS:0:org.apache.commons.lang3.LocaleUtils@toLocale(java.lang.String):134:5345:4 |==> 0
83:LVR:POS:NEG:org.apache.commons.lang3.LocaleUtils@toLocale(java.lang.String):134:5345:4 |==> -4
84:COR:||(boolean,boolean):!=(boolean,boolean):org.apache.commons.lang3.LocaleUtils@toLocale(java.lang.String):135:5365:!Character.isUpperCase(ch3) || !Character.isUpperCase(ch4) |==> !Character.isUpperCase(ch3) != !Character.isUpperCase(ch4)
85:COR:||(boolean,boolean):LHS(boolean,boolean):org.apache.commons.lang3.LocaleUtils@toLocale(java.lang.String):135:5365:!Character.isUpperCase(ch3) || !Character.isUpperCase(ch4) |==> !Character.isUpperCase(ch3)
86:COR:||(boolean,boolean):RHS(boolean,boolean):org.apache.commons.lang3.LocaleUtils@toLocale(java.lang.String):135:5396:!Character.isUpperCase(ch3) || !Character.isUpperCase(ch4) |==> !Character.isUpperCase(ch4)
87:COR:||(boolean,boolean):TRUE(boolean,boolean):org.apache.commons.lang3.LocaleUtils@toLocale(java.lang.String):135:5393:!Character.isUpperCase(ch3) || !Character.isUpperCase(ch4) |==> true
88:LVR:POS:0:org.apache.commons.lang3.LocaleUtils@toLocale(java.lang.String):138:5549:5 |==> 0
89:LVR:POS:NEG:org.apache.commons.lang3.LocaleUtils@toLocale(java.lang.String):138:5549:5 |==> -5
90:ROR:==(int,int):<=(int,int):org.apache.commons.lang3.LocaleUtils@toLocale(java.lang.String):138:5542:len == 5 |==> len <= 5
91:ROR:==(int,int):>=(int,int):org.apache.commons.lang3.LocaleUtils@toLocale(java.lang.String):138:5542:len == 5 |==> len >= 5
92:ROR:==(int,int):FALSE(int,int):org.apache.commons.lang3.LocaleUtils@toLocale(java.lang.String):138:5546:len == 5 |==> false
93:LVR:0:POS:org.apache.commons.lang3.LocaleUtils@toLocale(java.lang.String):139:5602:0 |==> 1
94:LVR:0:NEG:org.apache.commons.lang3.LocaleUtils@toLocale(java.lang.String):139:5602:0 |==> -1
95:LVR:POS:0:org.apache.commons.lang3.LocaleUtils@toLocale(java.lang.String):139:5605:2 |==> 0
96:LVR:POS:NEG:org.apache.commons.lang3.LocaleUtils@toLocale(java.lang.String):139:5605:2 |==> -2
97:LVR:POS:0:org.apache.commons.lang3.LocaleUtils@toLocale(java.lang.String):139:5623:3 |==> 0
98:LVR:POS:NEG:org.apache.commons.lang3.LocaleUtils@toLocale(java.lang.String):139:5623:3 |==> -3
99:LVR:POS:0:org.apache.commons.lang3.LocaleUtils@toLocale(java.lang.String):139:5626:5 |==> 0
100:LVR:POS:NEG:org.apache.commons.lang3.LocaleUtils@toLocale(java.lang.String):139:5626:5 |==> -5
101:LVR:POS:0:org.apache.commons.lang3.LocaleUtils@toLocale(java.lang.String):141:5667:7 |==> 0
102:LVR:POS:NEG:org.apache.commons.lang3.LocaleUtils@toLocale(java.lang.String):141:5667:7 |==> -7
103:ROR:<(int,int):!=(int,int):org.apache.commons.lang3.LocaleUtils@toLocale(java.lang.String):141:5661:len < 7 |==> len != 7
104:ROR:<(int,int):<=(int,int):org.apache.commons.lang3.LocaleUtils@toLocale(java.lang.String):141:5661:len < 7 |==> len <= 7
105:ROR:<(int,int):FALSE(int,int):org.apache.commons.lang3.LocaleUtils@toLocale(java.lang.String):141:5665:len < 7 |==> false
106:LVR:POS:0:org.apache.commons.lang3.LocaleUtils@toLocale(java.lang.String):144:5798:5 |==> 0
107:LVR:POS:NEG:org.apache.commons.lang3.LocaleUtils@toLocale(java.lang.String):144:5798:5 |==> -5
108:ROR:!=(int,int):<(int,int):org.apache.commons.lang3.LocaleUtils@toLocale(java.lang.String):144:5787:str.charAt(5) != '_' |==> str.charAt(5) < '_'
109:ROR:!=(int,int):>(int,int):org.apache.commons.lang3.LocaleUtils@toLocale(java.lang.String):144:5787:str.charAt(5) != '_' |==> str.charAt(5) > '_'
110:ROR:!=(int,int):TRUE(int,int):org.apache.commons.lang3.LocaleUtils@toLocale(java.lang.String):144:5801:str.charAt(5) != '_' |==> true
111:LVR:0:POS:org.apache.commons.lang3.LocaleUtils@toLocale(java.lang.String):147:5954:0 |==> 1
112:LVR:0:NEG:org.apache.commons.lang3.LocaleUtils@toLocale(java.lang.String):147:5954:0 |==> -1
113:LVR:POS:0:org.apache.commons.lang3.LocaleUtils@toLocale(java.lang.String):147:5957:2 |==> 0
114:LVR:POS:NEG:org.apache.commons.lang3.LocaleUtils@toLocale(java.lang.String):147:5957:2 |==> -2
115:LVR:POS:0:org.apache.commons.lang3.LocaleUtils@toLocale(java.lang.String):147:5975:3 |==> 0
116:LVR:POS:NEG:org.apache.commons.lang3.LocaleUtils@toLocale(java.lang.String):147:5975:3 |==> -3
117:LVR:POS:0:org.apache.commons.lang3.LocaleUtils@toLocale(java.lang.String):147:5978:5 |==> 0
118:LVR:POS:NEG:org.apache.commons.lang3.LocaleUtils@toLocale(java.lang.String):147:5978:5 |==> -5
119:LVR:POS:0:org.apache.commons.lang3.LocaleUtils@toLocale(java.lang.String):147:5996:6 |==> 0
120:LVR:POS:NEG:org.apache.commons.lang3.LocaleUtils@toLocale(java.lang.String):147:5996:6 |==> -6
121:LVR:POS:0:org.apache.commons.lang3.LocaleUtils@localeLookupList(java.util.Locale,java.util.Locale):187:7583:4 |==> 0
122:LVR:POS:NEG:org.apache.commons.lang3.LocaleUtils@localeLookupList(java.util.Locale,java.util.Locale):187:7583:4 |==> -4
123:ROR:!=(java.lang.Object,java.lang.Object):TRUE(java.lang.Object,java.lang.Object):org.apache.commons.lang3.LocaleUtils@localeLookupList(java.util.Locale,java.util.Locale):188:7606:locale != null |==> true
124:STD:<CALL>:<NO-OP>:org.apache.commons.lang3.LocaleUtils@localeLookupList(java.util.Locale,java.util.Locale):189:7629:list.add(locale); |==> <NO-OP>
125:LVR:0:POS:org.apache.commons.lang3.LocaleUtils@localeLookupList(java.util.Locale,java.util.Locale):190:7694:0 |==> 1
126:LVR:0:NEG:org.apache.commons.lang3.LocaleUtils@localeLookupList(java.util.Locale,java.util.Locale):190:7694:0 |==> -1
127:ROR:>(int,int):>=(int,int):org.apache.commons.lang3.LocaleUtils@localeLookupList(java.util.Locale,java.util.Locale):190:7663:locale.getVariant().length() > 0 |==> locale.getVariant().length() >= 0
128:ROR:>(int,int):FALSE(int,int):org.apache.commons.lang3.LocaleUtils@localeLookupList(java.util.Locale,java.util.Locale):190:7692:locale.getVariant().length() > 0 |==> false
129:STD:<CALL>:<NO-OP>:org.apache.commons.lang3.LocaleUtils@localeLookupList(java.util.Locale,java.util.Locale):191:7715:list.add(new Locale(locale.getLanguage(), locale.getCountry())); |==> <NO-OP>
130:LVR:0:POS:org.apache.commons.lang3.LocaleUtils@localeLookupList(java.util.Locale,java.util.Locale):193:7841:0 |==> 1
131:LVR:0:NEG:org.apache.commons.lang3.LocaleUtils@localeLookupList(java.util.Locale,java.util.Locale):193:7841:0 |==> -1
132:ROR:>(int,int):>=(int,int):org.apache.commons.lang3.LocaleUtils@localeLookupList(java.util.Locale,java.util.Locale):193:7810:locale.getCountry().length() > 0 |==> locale.getCountry().length() >= 0
133:ROR:>(int,int):FALSE(int,int):org.apache.commons.lang3.LocaleUtils@localeLookupList(java.util.Locale,java.util.Locale):193:7839:locale.getCountry().length() > 0 |==> false
134:STD:<CALL>:<NO-OP>:org.apache.commons.lang3.LocaleUtils@localeLookupList(java.util.Locale,java.util.Locale):194:7862:list.add(new Locale(locale.getLanguage(), "")); |==> <NO-OP>
135:LVR:FALSE:TRUE:org.apache.commons.lang3.LocaleUtils@localeLookupList(java.util.Locale,java.util.Locale):196:7972:false |==> true
136:ROR:==(boolean,boolean):FALSE(boolean,boolean):org.apache.commons.lang3.LocaleUtils@localeLookupList(java.util.Locale,java.util.Locale):196:7969:list.contains(defaultLocale) == false |==> false
137:ROR:==(boolean,boolean):LHS(boolean,boolean):org.apache.commons.lang3.LocaleUtils@localeLookupList(java.util.Locale,java.util.Locale):196:7940:list.contains(defaultLocale) == false |==> list.contains(defaultLocale)
138:ROR:==(boolean,boolean):RHS(boolean,boolean):org.apache.commons.lang3.LocaleUtils@localeLookupList(java.util.Locale,java.util.Locale):196:7972:list.contains(defaultLocale) == false |==> false
139:STD:<CALL>:<NO-OP>:org.apache.commons.lang3.LocaleUtils@localeLookupList(java.util.Locale,java.util.Locale):197:7997:list.add(defaultLocale); |==> <NO-OP>
140:ROR:==(java.lang.Object,java.lang.Object):FALSE(java.lang.Object,java.lang.Object):org.apache.commons.lang3.LocaleUtils@languagesByCountry(java.lang.String):253:10142:countryCode == null |==> false
141:ROR:==(java.lang.Object,java.lang.Object):FALSE(java.lang.Object,java.lang.Object):org.apache.commons.lang3.LocaleUtils@languagesByCountry(java.lang.String):257:10292:langs == null |==> false
142:STD:<ASSIGN>:<NO-OP>:org.apache.commons.lang3.LocaleUtils@languagesByCountry(java.lang.String):258:10315:langs = new ArrayList<Locale>(); |==> <NO-OP>
143:LVR:0:POS:org.apache.commons.lang3.LocaleUtils@languagesByCountry(java.lang.String):260:10431:0 |==> 1
144:LVR:0:NEG:org.apache.commons.lang3.LocaleUtils@languagesByCountry(java.lang.String):260:10431:0 |==> -1
145:ROR:<(int,int):<=(int,int):org.apache.commons.lang3.LocaleUtils@languagesByCountry(java.lang.String):260:10434:i < locales.size() |==> i <= locales.size()
146:ROR:<(int,int):FALSE(int,int):org.apache.commons.lang3.LocaleUtils@languagesByCountry(java.lang.String):260:10436:i < locales.size() |==> false
147:COR:&&(boolean,boolean):==(boolean,boolean):org.apache.commons.lang3.LocaleUtils@languagesByCountry(java.lang.String):262:10529:countryCode.equals(locale.getCountry()) && locale.getVariant().isEmpty() |==> countryCode.equals(locale.getCountry()) == locale.getVariant().isEmpty()
148:COR:&&(boolean,boolean):FALSE(boolean,boolean):org.apache.commons.lang3.LocaleUtils@languagesByCountry(java.lang.String):262:10569:countryCode.equals(locale.getCountry()) && locale.getVariant().isEmpty() |==> false
149:COR:&&(boolean,boolean):LHS(boolean,boolean):org.apache.commons.lang3.LocaleUtils@languagesByCountry(java.lang.String):262:10529:countryCode.equals(locale.getCountry()) && locale.getVariant().isEmpty() |==> countryCode.equals(locale.getCountry())
150:COR:&&(boolean,boolean):RHS(boolean,boolean):org.apache.commons.lang3.LocaleUtils@languagesByCountry(java.lang.String):263:10596:countryCode.equals(locale.getCountry()) && locale.getVariant().isEmpty() |==> locale.getVariant().isEmpty()
151:STD:<CALL>:<NO-OP>:org.apache.commons.lang3.LocaleUtils@languagesByCountry(java.lang.String):264:10649:langs.add(locale); |==> <NO-OP>
152:STD:<ASSIGN>:<NO-OP>:org.apache.commons.lang3.LocaleUtils@languagesByCountry(java.lang.String):267:10712:langs = Collections.unmodifiableList(langs); |==> <NO-OP>
153:STD:<CALL>:<NO-OP>:org.apache.commons.lang3.LocaleUtils@languagesByCountry(java.lang.String):268:10769:cLanguagesByCountry.putIfAbsent(countryCode, langs); |==> <NO-OP>
154:STD:<ASSIGN>:<NO-OP>:org.apache.commons.lang3.LocaleUtils@languagesByCountry(java.lang.String):269:10834:langs = cLanguagesByCountry.get(countryCode); |==> <NO-OP>
155:ROR:==(java.lang.Object,java.lang.Object):FALSE(java.lang.Object,java.lang.Object):org.apache.commons.lang3.LocaleUtils@countriesByLanguage(java.lang.String):285:11490:languageCode == null |==> false
156:ROR:==(java.lang.Object,java.lang.Object):FALSE(java.lang.Object,java.lang.Object):org.apache.commons.lang3.LocaleUtils@countriesByLanguage(java.lang.String):289:11650:countries == null |==> false
157:STD:<ASSIGN>:<NO-OP>:org.apache.commons.lang3.LocaleUtils@countriesByLanguage(java.lang.String):290:11673:countries = new ArrayList<Locale>(); |==> <NO-OP>
158:LVR:0:POS:org.apache.commons.lang3.LocaleUtils@countriesByLanguage(java.lang.String):292:11793:0 |==> 1
159:LVR:0:NEG:org.apache.commons.lang3.LocaleUtils@countriesByLanguage(java.lang.String):292:11793:0 |==> -1
160:ROR:<(int,int):<=(int,int):org.apache.commons.lang3.LocaleUtils@countriesByLanguage(java.lang.String):292:11796:i < locales.size() |==> i <= locales.size()
161:ROR:<(int,int):FALSE(int,int):org.apache.commons.lang3.LocaleUtils@countriesByLanguage(java.lang.String):292:11798:i < locales.size() |==> false
162:LVR:0:POS:org.apache.commons.lang3.LocaleUtils@countriesByLanguage(java.lang.String):295:11992:0 |==> 1
163:LVR:0:NEG:org.apache.commons.lang3.LocaleUtils@countriesByLanguage(java.lang.String):295:11992:0 |==> -1
164:ROR:!=(int,int):<(int,int):org.apache.commons.lang3.LocaleUtils@countriesByLanguage(java.lang.String):295:11960:locale.getCountry().length() != 0 |==> locale.getCountry().length() < 0
165:ROR:!=(int,int):TRUE(int,int):org.apache.commons.lang3.LocaleUtils@countriesByLanguage(java.lang.String):295:11989:locale.getCountry().length() != 0 |==> true
166:COR:&&(boolean,boolean):==(boolean,boolean):org.apache.commons.lang3.LocaleUtils@countriesByLanguage(java.lang.String):294:11891:languageCode.equals(locale.getLanguage()) && locale.getCountry().length() != 0 |==> languageCode.equals(locale.getLanguage()) == (locale.getCountry().length() != 0)
167:COR:&&(boolean,boolean):FALSE(boolean,boolean):org.apache.commons.lang3.LocaleUtils@countriesByLanguage(java.lang.String):294:11933:languageCode.equals(locale.getLanguage()) && locale.getCountry().length() != 0 |==> false
168:COR:&&(boolean,boolean):LHS(boolean,boolean):org.apache.commons.lang3.LocaleUtils@countriesByLanguage(java.lang.String):294:11891:languageCode.equals(locale.getLanguage()) && locale.getCountry().length() != 0 |==> languageCode.equals(locale.getLanguage())
169:COR:&&(boolean,boolean):RHS(boolean,boolean):org.apache.commons.lang3.LocaleUtils@countriesByLanguage(java.lang.String):295:11960:languageCode.equals(locale.getLanguage()) && locale.getCountry().length() != 0 |==> locale.getCountry().length() != 0
170:COR:&&(boolean,boolean):==(boolean,boolean):org.apache.commons.lang3.LocaleUtils@countriesByLanguage(java.lang.String):294:11891:languageCode.equals(locale.getLanguage()) && locale.getCountry().length() != 0 && locale.getVariant().isEmpty() |==> (languageCode.equals(locale.getLanguage()) && locale.getCountry().length() != 0) == locale.getVariant().isEmpty()
171:COR:&&(boolean,boolean):FALSE(boolean,boolean):org.apache.commons.lang3.LocaleUtils@countriesByLanguage(java.lang.String):295:11994:languageCode.equals(locale.getLanguage()) && locale.getCountry().length() != 0 && locale.getVariant().isEmpty() |==> false
172:COR:&&(boolean,boolean):LHS(boolean,boolean):org.apache.commons.lang3.LocaleUtils@countriesByLanguage(java.lang.String):294:11891:languageCode.equals(locale.getLanguage()) && locale.getCountry().length() != 0 && locale.getVariant().isEmpty() |==> languageCode.equals(locale.getLanguage()) && locale.getCountry().length() != 0
173:COR:&&(boolean,boolean):RHS(boolean,boolean):org.apache.commons.lang3.LocaleUtils@countriesByLanguage(java.lang.String):296:12021:languageCode.equals(locale.getLanguage()) && locale.getCountry().length() != 0 && locale.getVariant().isEmpty() |==> locale.getVariant().isEmpty()
174:STD:<CALL>:<NO-OP>:org.apache.commons.lang3.LocaleUtils@countriesByLanguage(java.lang.String):297:12074:countries.add(locale); |==> <NO-OP>
175:STD:<ASSIGN>:<NO-OP>:org.apache.commons.lang3.LocaleUtils@countriesByLanguage(java.lang.String):300:12141:countries = Collections.unmodifiableList(countries); |==> <NO-OP>
176:STD:<CALL>:<NO-OP>:org.apache.commons.lang3.LocaleUtils@countriesByLanguage(java.lang.String):301:12206:cCountriesByLanguage.putIfAbsent(languageCode, countries); |==> <NO-OP>
177:STD:<ASSIGN>:<NO-OP>:org.apache.commons.lang3.LocaleUtils@countriesByLanguage(java.lang.String):302:12277:countries = cCountriesByLanguage.get(languageCode); |==> <NO-OP>
