1:LVR:POS:0:org.apache.commons.lang3.time.FastDateParser:77:2886:3 |==> 0
2:LVR:POS:NEG:org.apache.commons.lang3.time.FastDateParser:77:2886:3 |==> -3
3:STD:<CALL>:<NO-OP>:org.apache.commons.lang3.time.FastDateParser@<init>(java.lang.String,java.util.TimeZone,java.util.Locale):108:3889:init(); |==> <NO-OP>
4:STD:<ASSIGN>:<NO-OP>:org.apache.commons.lang3.time.FastDateParser@init():116:4087:thisYear = Calendar.getInstance(timeZone, locale).get(Calendar.YEAR); |==> <NO-OP>
5:STD:<ASSIGN>:<NO-OP>:org.apache.commons.lang3.time.FastDateParser@init():118:4165:nameValues = new ConcurrentHashMap<Integer, KeyValue[]>(); |==> <NO-OP>
6:COR:<METHOD_INVOCATION(boolean)>:FALSE:org.apache.commons.lang3.time.FastDateParser@init():124:4437:patternMatcher.lookingAt() |==> false
7:COR:<METHOD_INVOCATION(boolean)>:TRUE:org.apache.commons.lang3.time.FastDateParser@init():124:4437:patternMatcher.lookingAt() |==> true
8:STD:<ASSIGN>:<NO-OP>:org.apache.commons.lang3.time.FastDateParser@init():128:4529:currentFormatField = patternMatcher.group(); |==> <NO-OP>
9:STD:<CALL>:<NO-OP>:org.apache.commons.lang3.time.FastDateParser@init():131:4670:patternMatcher.region(patternMatcher.end(), patternMatcher.regionEnd()); |==> <NO-OP>
10:COR:<METHOD_INVOCATION(boolean)>:FALSE:org.apache.commons.lang3.time.FastDateParser@init():132:4783:patternMatcher.lookingAt() |==> false
11:COR:<METHOD_INVOCATION(boolean)>:TRUE:org.apache.commons.lang3.time.FastDateParser@init():132:4783:patternMatcher.lookingAt() |==> true
12:STD:<ASSIGN>:<NO-OP>:org.apache.commons.lang3.time.FastDateParser@init():133:4805:nextStrategy = null; |==> <NO-OP>
13:STD:<ASSIGN>:<NO-OP>:org.apache.commons.lang3.time.FastDateParser@init():137:4935:nextStrategy = getStrategy(nextFormatField); |==> <NO-OP>
14:COR:<METHOD_INVOCATION(boolean)>:FALSE:org.apache.commons.lang3.time.FastDateParser@init():138:5019:currentStrategy.addRegex(this, regex) |==> false
15:COR:<METHOD_INVOCATION(boolean)>:TRUE:org.apache.commons.lang3.time.FastDateParser@init():138:5019:currentStrategy.addRegex(this, regex) |==> true
16:STD:<CALL>:<NO-OP>:org.apache.commons.lang3.time.FastDateParser@init():139:5052:collector.add(currentStrategy); |==> <NO-OP>
17:STD:<ASSIGN>:<NO-OP>:org.apache.commons.lang3.time.FastDateParser@init():141:5110:currentFormatField = nextFormatField; |==> <NO-OP>
18:STD:<ASSIGN>:<NO-OP>:org.apache.commons.lang3.time.FastDateParser@init():142:5159:currentStrategy = nextStrategy; |==> <NO-OP>
19:ROR:!=(int,int):<(int,int):org.apache.commons.lang3.time.FastDateParser@init():144:5212:patternMatcher.regionStart() != patternMatcher.regionEnd() |==> patternMatcher.regionStart() < patternMatcher.regionEnd()
20:ROR:!=(int,int):>(int,int):org.apache.commons.lang3.time.FastDateParser@init():144:5212:patternMatcher.regionStart() != patternMatcher.regionEnd() |==> patternMatcher.regionStart() > patternMatcher.regionEnd()
21:ROR:!=(int,int):TRUE(int,int):org.apache.commons.lang3.time.FastDateParser@init():144:5241:patternMatcher.regionStart() != patternMatcher.regionEnd() |==> true
22:COR:<METHOD_INVOCATION(boolean)>:FALSE:org.apache.commons.lang3.time.FastDateParser@init():147:5451:currentStrategy.addRegex(this, regex) |==> false
23:COR:<METHOD_INVOCATION(boolean)>:TRUE:org.apache.commons.lang3.time.FastDateParser@init():147:5451:currentStrategy.addRegex(this, regex) |==> true
24:STD:<CALL>:<NO-OP>:org.apache.commons.lang3.time.FastDateParser@init():148:5480:collector.add(currentStrategy); |==> <NO-OP>
25:STD:<ASSIGN>:<NO-OP>:org.apache.commons.lang3.time.FastDateParser@init():150:5530:currentFormatField = null; |==> <NO-OP>
26:STD:<ASSIGN>:<NO-OP>:org.apache.commons.lang3.time.FastDateParser@init():151:5564:strategies = collector.toArray(new Strategy[collector.size()]); |==> <NO-OP>
27:STD:<ASSIGN>:<NO-OP>:org.apache.commons.lang3.time.FastDateParser@init():152:5635:parsePattern = Pattern.compile(regex.toString()); |==> <NO-OP>
28:LVR:FALSE:TRUE:org.apache.commons.lang3.time.FastDateParser@equals(java.lang.Object):197:6837:false |==> true
29:COR:&&(boolean,boolean):==(boolean,boolean):org.apache.commons.lang3.time.FastDateParser@equals(java.lang.Object):200:6922:pattern.equals(other.pattern) && timeZone.equals(other.timeZone) |==> pattern.equals(other.pattern) == timeZone.equals(other.timeZone)
30:COR:&&(boolean,boolean):FALSE(boolean,boolean):org.apache.commons.lang3.time.FastDateParser@equals(java.lang.Object):201:6964:pattern.equals(other.pattern) && timeZone.equals(other.timeZone) |==> false
31:COR:&&(boolean,boolean):LHS(boolean,boolean):org.apache.commons.lang3.time.FastDateParser@equals(java.lang.Object):200:6922:pattern.equals(other.pattern) && timeZone.equals(other.timeZone) |==> pattern.equals(other.pattern)
32:COR:&&(boolean,boolean):RHS(boolean,boolean):org.apache.commons.lang3.time.FastDateParser@equals(java.lang.Object):201:6967:pattern.equals(other.pattern) && timeZone.equals(other.timeZone) |==> timeZone.equals(other.timeZone)
33:COR:&&(boolean,boolean):==(boolean,boolean):org.apache.commons.lang3.time.FastDateParser@equals(java.lang.Object):200:6922:pattern.equals(other.pattern) && timeZone.equals(other.timeZone) && locale.equals(other.locale) |==> (pattern.equals(other.pattern) && timeZone.equals(other.timeZone)) == locale.equals(other.locale)
34:COR:&&(boolean,boolean):FALSE(boolean,boolean):org.apache.commons.lang3.time.FastDateParser@equals(java.lang.Object):202:7011:pattern.equals(other.pattern) && timeZone.equals(other.timeZone) && locale.equals(other.locale) |==> false
35:COR:&&(boolean,boolean):LHS(boolean,boolean):org.apache.commons.lang3.time.FastDateParser@equals(java.lang.Object):200:6922:pattern.equals(other.pattern) && timeZone.equals(other.timeZone) && locale.equals(other.locale) |==> pattern.equals(other.pattern) && timeZone.equals(other.timeZone)
36:COR:&&(boolean,boolean):RHS(boolean,boolean):org.apache.commons.lang3.time.FastDateParser@equals(java.lang.Object):202:7014:pattern.equals(other.pattern) && timeZone.equals(other.timeZone) && locale.equals(other.locale) |==> locale.equals(other.locale)
37:LVR:POS:0:org.apache.commons.lang3.time.FastDateParser@hashCode():212:7256:13 |==> 0
38:LVR:POS:NEG:org.apache.commons.lang3.time.FastDateParser@hashCode():212:7256:13 |==> -13
39:LVR:POS:0:org.apache.commons.lang3.time.FastDateParser@hashCode():212:7284:13 |==> 0
40:LVR:POS:NEG:org.apache.commons.lang3.time.FastDateParser@hashCode():212:7284:13 |==> -13
41:AOR:*(int,int):%(int,int):org.apache.commons.lang3.time.FastDateParser@hashCode():212:7284:13 * locale.hashCode() |==> 13 % locale.hashCode()
42:AOR:*(int,int):+(int,int):org.apache.commons.lang3.time.FastDateParser@hashCode():212:7284:13 * locale.hashCode() |==> 13 + locale.hashCode()
43:AOR:*(int,int):-(int,int):org.apache.commons.lang3.time.FastDateParser@hashCode():212:7284:13 * locale.hashCode() |==> 13 - locale.hashCode()
44:AOR:*(int,int):/(int,int):org.apache.commons.lang3.time.FastDateParser@hashCode():212:7284:13 * locale.hashCode() |==> 13 / locale.hashCode()
45:AOR:+(int,int):%(int,int):org.apache.commons.lang3.time.FastDateParser@hashCode():212:7262:timeZone.hashCode() + 13 * locale.hashCode() |==> timeZone.hashCode() % (13 * locale.hashCode())
46:AOR:+(int,int):*(int,int):org.apache.commons.lang3.time.FastDateParser@hashCode():212:7262:timeZone.hashCode() + 13 * locale.hashCode() |==> timeZone.hashCode() * (13 * locale.hashCode())
47:AOR:+(int,int):-(int,int):org.apache.commons.lang3.time.FastDateParser@hashCode():212:7262:timeZone.hashCode() + 13 * locale.hashCode() |==> timeZone.hashCode() - 13 * locale.hashCode()
48:AOR:+(int,int):/(int,int):org.apache.commons.lang3.time.FastDateParser@hashCode():212:7262:timeZone.hashCode() + 13 * locale.hashCode() |==> timeZone.hashCode() / (13 * locale.hashCode())
49:AOR:*(int,int):%(int,int):org.apache.commons.lang3.time.FastDateParser@hashCode():212:7256:13 * (timeZone.hashCode() + 13 * locale.hashCode()) |==> 13 % (timeZone.hashCode() + 13 * locale.hashCode())
50:AOR:*(int,int):+(int,int):org.apache.commons.lang3.time.FastDateParser@hashCode():212:7256:13 * (timeZone.hashCode() + 13 * locale.hashCode()) |==> 13 + (timeZone.hashCode() + 13 * locale.hashCode())
51:AOR:*(int,int):-(int,int):org.apache.commons.lang3.time.FastDateParser@hashCode():212:7256:13 * (timeZone.hashCode() + 13 * locale.hashCode()) |==> 13 - (timeZone.hashCode() + 13 * locale.hashCode())
52:AOR:*(int,int):/(int,int):org.apache.commons.lang3.time.FastDateParser@hashCode():212:7256:13 * (timeZone.hashCode() + 13 * locale.hashCode()) |==> 13 / (timeZone.hashCode() + 13 * locale.hashCode())
53:AOR:+(int,int):%(int,int):org.apache.commons.lang3.time.FastDateParser@hashCode():212:7235:pattern.hashCode() + 13 * (timeZone.hashCode() + 13 * locale.hashCode()) |==> pattern.hashCode() % (13 * (timeZone.hashCode() + 13 * locale.hashCode()))
54:AOR:+(int,int):*(int,int):org.apache.commons.lang3.time.FastDateParser@hashCode():212:7235:pattern.hashCode() + 13 * (timeZone.hashCode() + 13 * locale.hashCode()) |==> pattern.hashCode() * (13 * (timeZone.hashCode() + 13 * locale.hashCode()))
55:AOR:+(int,int):-(int,int):org.apache.commons.lang3.time.FastDateParser@hashCode():212:7235:pattern.hashCode() + 13 * (timeZone.hashCode() + 13 * locale.hashCode()) |==> pattern.hashCode() - 13 * (timeZone.hashCode() + 13 * locale.hashCode())
56:AOR:+(int,int):/(int,int):org.apache.commons.lang3.time.FastDateParser@hashCode():212:7235:pattern.hashCode() + 13 * (timeZone.hashCode() + 13 * locale.hashCode()) |==> pattern.hashCode() / (13 * (timeZone.hashCode() + 13 * locale.hashCode()))
57:STD:<CALL>:<NO-OP>:org.apache.commons.lang3.time.FastDateParser@readObject(java.io.ObjectInputStream):236:8103:in.defaultReadObject(); |==> <NO-OP>
58:STD:<CALL>:<NO-OP>:org.apache.commons.lang3.time.FastDateParser@readObject(java.io.ObjectInputStream):237:8135:init(); |==> <NO-OP>
59:LVR:0:POS:org.apache.commons.lang3.time.FastDateParser@parse(java.lang.String):253:8614:0 |==> 1
60:LVR:0:NEG:org.apache.commons.lang3.time.FastDateParser@parse(java.lang.String):253:8614:0 |==> -1
61:ROR:==(java.lang.Object,java.lang.Object):FALSE(java.lang.Object,java.lang.Object):org.apache.commons.lang3.time.FastDateParser@parse(java.lang.String):254:8634:date == null |==> false
62:COR:<METHOD_INVOCATION(boolean)>:FALSE:org.apache.commons.lang3.time.FastDateParser@parse(java.lang.String):256:8723:locale.equals(JAPANESE_IMPERIAL) |==> false
63:COR:<METHOD_INVOCATION(boolean)>:TRUE:org.apache.commons.lang3.time.FastDateParser@parse(java.lang.String):256:8723:locale.equals(JAPANESE_IMPERIAL) |==> true
64:LVR:0:POS:org.apache.commons.lang3.time.FastDateParser@parse(java.lang.String):259:8990:0 |==> 1
65:LVR:0:NEG:org.apache.commons.lang3.time.FastDateParser@parse(java.lang.String):259:8990:0 |==> -1
66:LVR:0:POS:org.apache.commons.lang3.time.FastDateParser@parse(java.lang.String):261:9120:0 |==> 1
67:LVR:0:NEG:org.apache.commons.lang3.time.FastDateParser@parse(java.lang.String):261:9120:0 |==> -1
68:COR:<METHOD_INVOCATION(boolean)>:FALSE:org.apache.commons.lang3.time.FastDateParser@parse(java.lang.String,java.text.ParsePosition):281:9762:matcher.lookingAt() |==> false
69:COR:<METHOD_INVOCATION(boolean)>:TRUE:org.apache.commons.lang3.time.FastDateParser@parse(java.lang.String,java.text.ParsePosition):281:9762:matcher.lookingAt() |==> true
70:STD:<CALL>:<NO-OP>:org.apache.commons.lang3.time.FastDateParser@parse(java.lang.String,java.text.ParsePosition):286:9954:cal.clear(); |==> <NO-OP>
71:LVR:0:POS:org.apache.commons.lang3.time.FastDateParser@parse(java.lang.String,java.text.ParsePosition):288:9986:0 |==> 1
72:LVR:0:NEG:org.apache.commons.lang3.time.FastDateParser@parse(java.lang.String,java.text.ParsePosition):288:9986:0 |==> -1
73:ROR:<(int,int):!=(int,int):org.apache.commons.lang3.time.FastDateParser@parse(java.lang.String,java.text.ParsePosition):288:9989:i < strategies.length |==> i != strategies.length
74:ROR:<(int,int):<=(int,int):org.apache.commons.lang3.time.FastDateParser@parse(java.lang.String,java.text.ParsePosition):288:9989:i < strategies.length |==> i <= strategies.length
75:ROR:<(int,int):FALSE(int,int):org.apache.commons.lang3.time.FastDateParser@parse(java.lang.String,java.text.ParsePosition):288:9990:i < strategies.length |==> false
76:STD:<CALL>:<NO-OP>:org.apache.commons.lang3.time.FastDateParser@parse(java.lang.String,java.text.ParsePosition):290:10073:strategy.setCalendar(this, cal, matcher.group(i)); |==> <NO-OP>
77:AOR:+(int,int):%(int,int):org.apache.commons.lang3.time.FastDateParser@parse(java.lang.String,java.text.ParsePosition):292:10155:offset + matcher.end() |==> offset % matcher.end()
78:AOR:+(int,int):*(int,int):org.apache.commons.lang3.time.FastDateParser@parse(java.lang.String,java.text.ParsePosition):292:10155:offset + matcher.end() |==> offset * matcher.end()
79:AOR:+(int,int):-(int,int):org.apache.commons.lang3.time.FastDateParser@parse(java.lang.String,java.text.ParsePosition):292:10155:offset + matcher.end() |==> offset - matcher.end()
80:AOR:+(int,int):/(int,int):org.apache.commons.lang3.time.FastDateParser@parse(java.lang.String,java.text.ParsePosition):292:10155:offset + matcher.end() |==> offset / matcher.end()
81:STD:<CALL>:<NO-OP>:org.apache.commons.lang3.time.FastDateParser@parse(java.lang.String,java.text.ParsePosition):292:10142:pos.setIndex(offset + matcher.end()); |==> <NO-OP>
82:LVR:0:POS:org.apache.commons.lang3.time.FastDateParser@escapeRegex(java.lang.StringBuilder,java.lang.String,boolean):307:10722:0 |==> 1
83:LVR:0:NEG:org.apache.commons.lang3.time.FastDateParser@escapeRegex(java.lang.StringBuilder,java.lang.String,boolean):307:10722:0 |==> -1
84:ROR:<(int,int):!=(int,int):org.apache.commons.lang3.time.FastDateParser@escapeRegex(java.lang.StringBuilder,java.lang.String,boolean):307:10725:i < value.length() |==> i != value.length()
85:ROR:<(int,int):<=(int,int):org.apache.commons.lang3.time.FastDateParser@escapeRegex(java.lang.StringBuilder,java.lang.String,boolean):307:10725:i < value.length() |==> i <= value.length()
86:ROR:<(int,int):FALSE(int,int):org.apache.commons.lang3.time.FastDateParser@escapeRegex(java.lang.StringBuilder,java.lang.String,boolean):307:10726:i < value.length() |==> false
87:COR:<IDENTIFIER(boolean)>:FALSE:org.apache.commons.lang3.time.FastDateParser@escapeRegex(java.lang.StringBuilder,java.lang.String,boolean):311:10853:unquote |==> false
88:COR:<IDENTIFIER(boolean)>:TRUE:org.apache.commons.lang3.time.FastDateParser@escapeRegex(java.lang.StringBuilder,java.lang.String,boolean):311:10853:unquote |==> true
89:ROR:==(int,int):<=(int,int):org.apache.commons.lang3.time.FastDateParser@escapeRegex(java.lang.StringBuilder,java.lang.String,boolean):312:10887:++i == value.length() |==> ++i <= value.length()
90:ROR:==(int,int):>=(int,int):org.apache.commons.lang3.time.FastDateParser@escapeRegex(java.lang.StringBuilder,java.lang.String,boolean):312:10887:++i == value.length() |==> ++i >= value.length()
91:ROR:==(int,int):FALSE(int,int):org.apache.commons.lang3.time.FastDateParser@escapeRegex(java.lang.StringBuilder,java.lang.String,boolean):312:10890:++i == value.length() |==> false
92:STD:<ASSIGN>:<NO-OP>:org.apache.commons.lang3.time.FastDateParser@escapeRegex(java.lang.StringBuilder,java.lang.String,boolean):315:10990:c = value.charAt(i); |==> <NO-OP>
93:STD:<CALL>:<NO-OP>:org.apache.commons.lang3.time.FastDateParser@escapeRegex(java.lang.StringBuilder,java.lang.String,boolean):332:11376:regex.append('\\'); |==> <NO-OP>
94:STD:<CALL>:<NO-OP>:org.apache.commons.lang3.time.FastDateParser@escapeRegex(java.lang.StringBuilder,java.lang.String,boolean):334:11422:regex.append(c); |==> <NO-OP>
95:STD:<ASSIGN>:<NO-OP>:org.apache.commons.lang3.time.FastDateParser$KeyValue@<init>(java.lang.String,int):352:11815:this.key = key; |==> <NO-OP>
96:STD:<ASSIGN>:<NO-OP>:org.apache.commons.lang3.time.FastDateParser$KeyValue@<init>(java.lang.String,int):353:11842:this.value = value; |==> <NO-OP>
97:ROR:==(java.lang.Object,java.lang.Object):FALSE(java.lang.Object,java.lang.Object):org.apache.commons.lang3.time.FastDateParser@getDisplayNames(int):375:12548:fieldKeyValues == null |==> false
98:STD:<ASSIGN>:<NO-OP>:org.apache.commons.lang3.time.FastDateParser@getDisplayNames(int):386:13314:fieldKeyValues = createKeyValues(longEras, shortEras); |==> <NO-OP>
99:STD:<ASSIGN>:<NO-OP>:org.apache.commons.lang3.time.FastDateParser@getDisplayNames(int):389:13446:fieldKeyValues = createKeyValues(symbols.getWeekdays(), symbols.getShortWeekdays()); |==> <NO-OP>
100:STD:<ASSIGN>:<NO-OP>:org.apache.commons.lang3.time.FastDateParser@getDisplayNames(int):392:13602:fieldKeyValues = createKeyValues(symbols.getAmPmStrings(), null); |==> <NO-OP>
101:STD:<ASSIGN>:<NO-OP>:org.apache.commons.lang3.time.FastDateParser@getDisplayNames(int):395:13739:fieldKeyValues = createKeyValues(symbols.getMonths(), symbols.getShortMonths()); |==> <NO-OP>
102:ROR:!=(java.lang.Object,java.lang.Object):TRUE(java.lang.Object,java.lang.Object):org.apache.commons.lang3.time.FastDateParser@getDisplayNames(int):401:14060:prior != null |==> true
103:STD:<ASSIGN>:<NO-OP>:org.apache.commons.lang3.time.FastDateParser@getDisplayNames(int):402:14086:fieldKeyValues = prior; |==> <NO-OP>
104:ROR:==(java.lang.Object,java.lang.Object):FALSE(java.lang.Object,java.lang.Object):org.apache.commons.lang3.time.FastDateParser@toArray(java.util.Map<java.lang.String,java.lang.Integer>):413:14484:key == null |==> false
105:STD:<ASSIGN>:<NO-OP>:org.apache.commons.lang3.time.FastDateParser@toArray(java.util.Map<java.lang.String,java.lang.Integer>):416:14575:eras[idx] = key; |==> <NO-OP>
106:AOR:+(int,int):%(int,int):org.apache.commons.lang3.time.FastDateParser@createKeyValues(java.lang.String[],java.lang.String[]):428:15021:count(longValues) + count(shortValues) |==> count(longValues) % count(shortValues)
107:AOR:+(int,int):*(int,int):org.apache.commons.lang3.time.FastDateParser@createKeyValues(java.lang.String[],java.lang.String[]):428:15021:count(longValues) + count(shortValues) |==> count(longValues) * count(shortValues)
108:AOR:+(int,int):-(int,int):org.apache.commons.lang3.time.FastDateParser@createKeyValues(java.lang.String[],java.lang.String[]):428:15021:count(longValues) + count(shortValues) |==> count(longValues) - count(shortValues)
109:AOR:+(int,int):/(int,int):org.apache.commons.lang3.time.FastDateParser@createKeyValues(java.lang.String[],java.lang.String[]):428:15021:count(longValues) + count(shortValues) |==> count(longValues) / count(shortValues)
110:LVR:0:POS:org.apache.commons.lang3.time.FastDateParser@createKeyValues(java.lang.String[],java.lang.String[]):429:15110:0 |==> 1
111:LVR:0:NEG:org.apache.commons.lang3.time.FastDateParser@createKeyValues(java.lang.String[],java.lang.String[]):429:15110:0 |==> -1
112:STD:<CALL>:<NO-OP>:org.apache.commons.lang3.time.FastDateParser@createKeyValues(java.lang.String[],java.lang.String[]):429:15068:copy(fieldKeyValues, copy(fieldKeyValues, 0, longValues), shortValues); |==> <NO-OP>
113:STD:<CALL>:<NO-OP>:org.apache.commons.lang3.time.FastDateParser@createKeyValues(java.lang.String[],java.lang.String[]):430:15148:Arrays.sort(fieldKeyValues, IGNORE_CASE_COMPARATOR); |==> <NO-OP>
114:LVR:0:POS:org.apache.commons.lang3.time.FastDateParser@count(java.lang.String[]):440:15517:0 |==> 1
115:LVR:0:NEG:org.apache.commons.lang3.time.FastDateParser@count(java.lang.String[]):440:15517:0 |==> -1
116:ROR:!=(java.lang.Object,java.lang.Object):TRUE(java.lang.Object,java.lang.Object):org.apache.commons.lang3.time.FastDateParser@count(java.lang.String[]):441:15537:values != null |==> true
117:LVR:0:POS:org.apache.commons.lang3.time.FastDateParser@count(java.lang.String[]):443:15622:0 |==> 1
118:LVR:0:NEG:org.apache.commons.lang3.time.FastDateParser@count(java.lang.String[]):443:15622:0 |==> -1
119:ROR:>(int,int):>=(int,int):org.apache.commons.lang3.time.FastDateParser@count(java.lang.String[]):443:15607:value.length() > 0 |==> value.length() >= 0
120:ROR:>(int,int):FALSE(int,int):org.apache.commons.lang3.time.FastDateParser@count(java.lang.String[]):443:15621:value.length() > 0 |==> false
121:STD:<INC>:<NO-OP>:org.apache.commons.lang3.time.FastDateParser@count(java.lang.String[]):444:15647:++count; |==> <NO-OP>
122:ROR:!=(java.lang.Object,java.lang.Object):TRUE(java.lang.Object,java.lang.Object):org.apache.commons.lang3.time.FastDateParser@copy(org.apache.commons.lang3.time.FastDateParser.KeyValue[],int,java.lang.String[]):459:16150:values != null |==> true
123:LVR:0:POS:org.apache.commons.lang3.time.FastDateParser@copy(org.apache.commons.lang3.time.FastDateParser.KeyValue[],int,java.lang.String[]):460:16183:0 |==> 1
124:LVR:0:NEG:org.apache.commons.lang3.time.FastDateParser@copy(org.apache.commons.lang3.time.FastDateParser.KeyValue[],int,java.lang.String[]):460:16183:0 |==> -1
125:ROR:<(int,int):<=(int,int):org.apache.commons.lang3.time.FastDateParser@copy(org.apache.commons.lang3.time.FastDateParser.KeyValue[],int,java.lang.String[]):460:16186:i < values.length |==> i <= values.length
126:ROR:<(int,int):FALSE(int,int):org.apache.commons.lang3.time.FastDateParser@copy(org.apache.commons.lang3.time.FastDateParser.KeyValue[],int,java.lang.String[]):460:16187:i < values.length |==> false
127:LVR:0:POS:org.apache.commons.lang3.time.FastDateParser@copy(org.apache.commons.lang3.time.FastDateParser.KeyValue[],int,java.lang.String[]):462:16285:0 |==> 1
128:LVR:0:NEG:org.apache.commons.lang3.time.FastDateParser@copy(org.apache.commons.lang3.time.FastDateParser.KeyValue[],int,java.lang.String[]):462:16285:0 |==> -1
129:ROR:>(int,int):>=(int,int):org.apache.commons.lang3.time.FastDateParser@copy(org.apache.commons.lang3.time.FastDateParser.KeyValue[],int,java.lang.String[]):462:16270:value.length() > 0 |==> value.length() >= 0
130:ROR:>(int,int):FALSE(int,int):org.apache.commons.lang3.time.FastDateParser@copy(org.apache.commons.lang3.time.FastDateParser.KeyValue[],int,java.lang.String[]):462:16284:value.length() > 0 |==> false
131:STD:<ASSIGN>:<NO-OP>:org.apache.commons.lang3.time.FastDateParser@copy(org.apache.commons.lang3.time.FastDateParser.KeyValue[],int,java.lang.String[]):463:16310:fieldKeyValues[offset++] = new KeyValue(value, i); |==> <NO-OP>
132:AOR:+(int,int):%(int,int):org.apache.commons.lang3.time.FastDateParser@adjustYear(int):476:16718:twoDigitYear + thisYear |==> twoDigitYear % thisYear
133:AOR:+(int,int):*(int,int):org.apache.commons.lang3.time.FastDateParser@adjustYear(int):476:16718:twoDigitYear + thisYear |==> twoDigitYear * thisYear
134:AOR:+(int,int):-(int,int):org.apache.commons.lang3.time.FastDateParser@adjustYear(int):476:16718:twoDigitYear + thisYear |==> twoDigitYear - thisYear
135:AOR:+(int,int):/(int,int):org.apache.commons.lang3.time.FastDateParser@adjustYear(int):476:16718:twoDigitYear + thisYear |==> twoDigitYear / thisYear
136:LVR:POS:0:org.apache.commons.lang3.time.FastDateParser@adjustYear(int):476:16753:100 |==> 0
137:AOR:%(int,int):*(int,int):org.apache.commons.lang3.time.FastDateParser@adjustYear(int):476:16744:thisYear % 100 |==> thisYear * 100
138:AOR:%(int,int):+(int,int):org.apache.commons.lang3.time.FastDateParser@adjustYear(int):476:16744:thisYear % 100 |==> thisYear + 100
139:AOR:%(int,int):-(int,int):org.apache.commons.lang3.time.FastDateParser@adjustYear(int):476:16744:thisYear % 100 |==> thisYear - 100
140:AOR:%(int,int):/(int,int):org.apache.commons.lang3.time.FastDateParser@adjustYear(int):476:16744:thisYear % 100 |==> thisYear / 100
141:AOR:-(int,int):%(int,int):org.apache.commons.lang3.time.FastDateParser@adjustYear(int):476:16718:twoDigitYear + thisYear - thisYear % 100 |==> (twoDigitYear + thisYear) % (thisYear % 100)
142:AOR:-(int,int):*(int,int):org.apache.commons.lang3.time.FastDateParser@adjustYear(int):476:16718:twoDigitYear + thisYear - thisYear % 100 |==> (twoDigitYear + thisYear) * (thisYear % 100)
143:AOR:-(int,int):+(int,int):org.apache.commons.lang3.time.FastDateParser@adjustYear(int):476:16718:twoDigitYear + thisYear - thisYear % 100 |==> twoDigitYear + thisYear + thisYear % 100
144:AOR:-(int,int):/(int,int):org.apache.commons.lang3.time.FastDateParser@adjustYear(int):476:16718:twoDigitYear + thisYear - thisYear % 100 |==> (twoDigitYear + thisYear) / (thisYear % 100)
145:LVR:POS:0:org.apache.commons.lang3.time.FastDateParser@adjustYear(int):477:16786:20 |==> 0
146:LVR:POS:NEG:org.apache.commons.lang3.time.FastDateParser@adjustYear(int):477:16786:20 |==> -20
147:AOR:+(int,int):%(int,int):org.apache.commons.lang3.time.FastDateParser@adjustYear(int):477:16777:thisYear + 20 |==> thisYear % 20
148:AOR:+(int,int):*(int,int):org.apache.commons.lang3.time.FastDateParser@adjustYear(int):477:16777:thisYear + 20 |==> thisYear * 20
149:AOR:+(int,int):-(int,int):org.apache.commons.lang3.time.FastDateParser@adjustYear(int):477:16777:thisYear + 20 |==> thisYear - 20
150:AOR:+(int,int):/(int,int):org.apache.commons.lang3.time.FastDateParser@adjustYear(int):477:16777:thisYear + 20 |==> thisYear / 20
151:ROR:<(int,int):!=(int,int):org.apache.commons.lang3.time.FastDateParser@adjustYear(int):477:16769:trial < thisYear + 20 |==> trial != thisYear + 20
152:ROR:<(int,int):<=(int,int):org.apache.commons.lang3.time.FastDateParser@adjustYear(int):477:16769:trial < thisYear + 20 |==> trial <= thisYear + 20
153:ROR:<(int,int):FALSE(int,int):org.apache.commons.lang3.time.FastDateParser@adjustYear(int):477:16775:trial < thisYear + 20 |==> false
154:LVR:POS:0:org.apache.commons.lang3.time.FastDateParser@adjustYear(int):480:16849:100 |==> 0
155:LVR:POS:NEG:org.apache.commons.lang3.time.FastDateParser@adjustYear(int):480:16849:100 |==> -100
156:AOR:-(int,int):%(int,int):org.apache.commons.lang3.time.FastDateParser@adjustYear(int):480:16843:trial - 100 |==> trial % 100
157:AOR:-(int,int):*(int,int):org.apache.commons.lang3.time.FastDateParser@adjustYear(int):480:16843:trial - 100 |==> trial * 100
158:AOR:-(int,int):+(int,int):org.apache.commons.lang3.time.FastDateParser@adjustYear(int):480:16843:trial - 100 |==> trial + 100
159:AOR:-(int,int):/(int,int):org.apache.commons.lang3.time.FastDateParser@adjustYear(int):480:16843:trial - 100 |==> trial / 100
160:ROR:!=(java.lang.Object,java.lang.Object):TRUE(java.lang.Object,java.lang.Object):org.apache.commons.lang3.time.FastDateParser@isNextNumber():488:17020:nextStrategy != null |==> true
161:COR:&&(boolean,boolean):==(boolean,boolean):org.apache.commons.lang3.time.FastDateParser@isNextNumber():488:17008:nextStrategy != null && nextStrategy.isNumber() |==> nextStrategy != null == nextStrategy.isNumber()
162:COR:&&(boolean,boolean):FALSE(boolean,boolean):org.apache.commons.lang3.time.FastDateParser@isNextNumber():488:17027:nextStrategy != null && nextStrategy.isNumber() |==> false
163:COR:&&(boolean,boolean):LHS(boolean,boolean):org.apache.commons.lang3.time.FastDateParser@isNextNumber():488:17008:nextStrategy != null && nextStrategy.isNumber() |==> nextStrategy != null
164:COR:&&(boolean,boolean):RHS(boolean,boolean):org.apache.commons.lang3.time.FastDateParser@isNextNumber():488:17030:nextStrategy != null && nextStrategy.isNumber() |==> nextStrategy.isNumber()
165:LVR:0:POS:org.apache.commons.lang3.time.FastDateParser@getStrategy(java.lang.String):538:18919:0 |==> 1
166:LVR:0:NEG:org.apache.commons.lang3.time.FastDateParser@getStrategy(java.lang.String):538:18919:0 |==> -1
167:LVR:POS:0:org.apache.commons.lang3.time.FastDateParser@getStrategy(java.lang.String):540:18980:2 |==> 0
168:LVR:POS:NEG:org.apache.commons.lang3.time.FastDateParser@getStrategy(java.lang.String):540:18980:2 |==> -2
169:ROR:>(int,int):!=(int,int):org.apache.commons.lang3.time.FastDateParser@getStrategy(java.lang.String):540:18959:formatField.length() > 2 |==> formatField.length() != 2
170:ROR:>(int,int):>=(int,int):org.apache.commons.lang3.time.FastDateParser@getStrategy(java.lang.String):540:18959:formatField.length() > 2 |==> formatField.length() >= 2
171:ROR:>(int,int):FALSE(int,int):org.apache.commons.lang3.time.FastDateParser@getStrategy(java.lang.String):540:18979:formatField.length() > 2 |==> false
172:LVR:POS:0:org.apache.commons.lang3.time.FastDateParser@getStrategy(java.lang.String):541:19036:1 |==> 0
173:LVR:POS:NEG:org.apache.commons.lang3.time.FastDateParser@getStrategy(java.lang.String):541:19036:1 |==> -1
174:LVR:POS:0:org.apache.commons.lang3.time.FastDateParser@getStrategy(java.lang.String):541:19060:1 |==> 0
175:LVR:POS:NEG:org.apache.commons.lang3.time.FastDateParser@getStrategy(java.lang.String):541:19060:1 |==> -1
176:AOR:-(int,int):%(int,int):org.apache.commons.lang3.time.FastDateParser@getStrategy(java.lang.String):541:19039:formatField.length() - 1 |==> formatField.length() % 1
177:AOR:-(int,int):*(int,int):org.apache.commons.lang3.time.FastDateParser@getStrategy(java.lang.String):541:19039:formatField.length() - 1 |==> formatField.length() * 1
178:AOR:-(int,int):+(int,int):org.apache.commons.lang3.time.FastDateParser@getStrategy(java.lang.String):541:19039:formatField.length() - 1 |==> formatField.length() + 1
179:AOR:-(int,int):/(int,int):org.apache.commons.lang3.time.FastDateParser@getStrategy(java.lang.String):541:19039:formatField.length() - 1 |==> formatField.length() / 1
180:STD:<ASSIGN>:<NO-OP>:org.apache.commons.lang3.time.FastDateParser@getStrategy(java.lang.String):541:19001:formatField = formatField.substring(1, formatField.length() - 1); |==> <NO-OP>
181:LVR:POS:0:org.apache.commons.lang3.time.FastDateParser@getStrategy(java.lang.String):559:19594:3 |==> 0
182:LVR:POS:NEG:org.apache.commons.lang3.time.FastDateParser@getStrategy(java.lang.String):559:19594:3 |==> -3
183:ROR:>=(int,int):==(int,int):org.apache.commons.lang3.time.FastDateParser@getStrategy(java.lang.String):559:19572:formatField.length() >= 3 |==> formatField.length() == 3
184:ROR:>=(int,int):>(int,int):org.apache.commons.lang3.time.FastDateParser@getStrategy(java.lang.String):559:19572:formatField.length() >= 3 |==> formatField.length() > 3
185:ROR:>=(int,int):TRUE(int,int):org.apache.commons.lang3.time.FastDateParser@getStrategy(java.lang.String):559:19592:formatField.length() >= 3 |==> true
186:LVR:POS:0:org.apache.commons.lang3.time.FastDateParser@getStrategy(java.lang.String):581:20255:2 |==> 0
187:LVR:POS:NEG:org.apache.commons.lang3.time.FastDateParser@getStrategy(java.lang.String):581:20255:2 |==> -2
188:ROR:>(int,int):!=(int,int):org.apache.commons.lang3.time.FastDateParser@getStrategy(java.lang.String):581:20234:formatField.length() > 2 |==> formatField.length() != 2
189:ROR:>(int,int):>=(int,int):org.apache.commons.lang3.time.FastDateParser@getStrategy(java.lang.String):581:20234:formatField.length() > 2 |==> formatField.length() >= 2
190:ROR:>(int,int):FALSE(int,int):org.apache.commons.lang3.time.FastDateParser@getStrategy(java.lang.String):581:20254:formatField.length() > 2 |==> false
191:ROR:==(java.lang.Object,java.lang.Object):FALSE(java.lang.Object,java.lang.Object):org.apache.commons.lang3.time.FastDateParser@getStrategy(java.lang.String):586:20421:tzs == null |==> false
192:STD:<ASSIGN>:<NO-OP>:org.apache.commons.lang3.time.FastDateParser@getStrategy(java.lang.String):587:20443:tzs = new TimeZoneStrategy(locale); |==> <NO-OP>
193:ROR:!=(java.lang.Object,java.lang.Object):TRUE(java.lang.Object,java.lang.Object):org.apache.commons.lang3.time.FastDateParser@getStrategy(java.lang.String):589:20573:inCache != null |==> true
194:LVR:0:POS:org.apache.commons.lang3.time.FastDateParser$CopyQuotedStrategy@isNumber():615:21274:0 |==> 1
195:LVR:0:NEG:org.apache.commons.lang3.time.FastDateParser$CopyQuotedStrategy@isNumber():615:21274:0 |==> -1
196:ROR:==(int,int):<=(int,int):org.apache.commons.lang3.time.FastDateParser$CopyQuotedStrategy@isNumber():616:21293:c == '\'' |==> c <= '\''
197:ROR:==(int,int):>=(int,int):org.apache.commons.lang3.time.FastDateParser$CopyQuotedStrategy@isNumber():616:21293:c == '\'' |==> c >= '\''
198:ROR:==(int,int):FALSE(int,int):org.apache.commons.lang3.time.FastDateParser$CopyQuotedStrategy@isNumber():616:21294:c == '\'' |==> false
199:LVR:POS:0:org.apache.commons.lang3.time.FastDateParser$CopyQuotedStrategy@isNumber():617:21342:1 |==> 0
200:LVR:POS:NEG:org.apache.commons.lang3.time.FastDateParser$CopyQuotedStrategy@isNumber():617:21342:1 |==> -1
201:STD:<ASSIGN>:<NO-OP>:org.apache.commons.lang3.time.FastDateParser$CopyQuotedStrategy@isNumber():617:21320:c = formatField.charAt(1); |==> <NO-OP>
202:LVR:TRUE:FALSE:org.apache.commons.lang3.time.FastDateParser$CopyQuotedStrategy@addRegex(org.apache.commons.lang3.time.FastDateParser,java.lang.StringBuilder):627:21601:true |==> false
203:STD:<CALL>:<NO-OP>:org.apache.commons.lang3.time.FastDateParser$CopyQuotedStrategy@addRegex(org.apache.commons.lang3.time.FastDateParser,java.lang.StringBuilder):627:21569:escapeRegex(regex, formatField, true); |==> <NO-OP>
204:LVR:FALSE:TRUE:org.apache.commons.lang3.time.FastDateParser$CopyQuotedStrategy@addRegex(org.apache.commons.lang3.time.FastDateParser,java.lang.StringBuilder):628:21627:false |==> true
205:LVR:FALSE:TRUE:org.apache.commons.lang3.time.FastDateParser$TextStrategy@isNumber():658:22313:false |==> true
206:STD:<CALL>:<NO-OP>:org.apache.commons.lang3.time.FastDateParser$TextStrategy@addRegex(org.apache.commons.lang3.time.FastDateParser,java.lang.StringBuilder):666:22488:regex.append('('); |==> <NO-OP>
207:LVR:FALSE:TRUE:org.apache.commons.lang3.time.FastDateParser$TextStrategy@addRegex(org.apache.commons.lang3.time.FastDateParser,java.lang.StringBuilder):668:22633:false |==> true
208:STD:<CALL>:<NO-OP>:org.apache.commons.lang3.time.FastDateParser$TextStrategy@addRegex(org.apache.commons.lang3.time.FastDateParser,java.lang.StringBuilder):668:22596:escapeRegex(regex, textKeyValue.key, false).append('|'); |==> <NO-OP>
209:LVR:POS:0:org.apache.commons.lang3.time.FastDateParser$TextStrategy@addRegex(org.apache.commons.lang3.time.FastDateParser,java.lang.StringBuilder):670:22710:1 |==> 0
210:LVR:POS:NEG:org.apache.commons.lang3.time.FastDateParser$TextStrategy@addRegex(org.apache.commons.lang3.time.FastDateParser,java.lang.StringBuilder):670:22710:1 |==> -1
211:AOR:-(int,int):%(int,int):org.apache.commons.lang3.time.FastDateParser$TextStrategy@addRegex(org.apache.commons.lang3.time.FastDateParser,java.lang.StringBuilder):670:22695:regex.length() - 1 |==> regex.length() % 1
212:AOR:-(int,int):*(int,int):org.apache.commons.lang3.time.FastDateParser$TextStrategy@addRegex(org.apache.commons.lang3.time.FastDateParser,java.lang.StringBuilder):670:22695:regex.length() - 1 |==> regex.length() * 1
213:AOR:-(int,int):+(int,int):org.apache.commons.lang3.time.FastDateParser$TextStrategy@addRegex(org.apache.commons.lang3.time.FastDateParser,java.lang.StringBuilder):670:22695:regex.length() - 1 |==> regex.length() + 1
214:AOR:-(int,int):/(int,int):org.apache.commons.lang3.time.FastDateParser$TextStrategy@addRegex(org.apache.commons.lang3.time.FastDateParser,java.lang.StringBuilder):670:22695:regex.length() - 1 |==> regex.length() / 1
215:STD:<CALL>:<NO-OP>:org.apache.commons.lang3.time.FastDateParser$TextStrategy@addRegex(org.apache.commons.lang3.time.FastDateParser,java.lang.StringBuilder):670:22679:regex.setCharAt(regex.length() - 1, ')'); |==> <NO-OP>
216:LVR:TRUE:FALSE:org.apache.commons.lang3.time.FastDateParser$TextStrategy@addRegex(org.apache.commons.lang3.time.FastDateParser,java.lang.StringBuilder):671:22738:true |==> false
217:LVR:NEG:0:org.apache.commons.lang3.time.FastDateParser$TextStrategy@setCalendar(org.apache.commons.lang3.time.FastDateParser,java.util.Calendar,java.lang.String):680:23052:-1 |==> 0
218:LVR:NEG:POS:org.apache.commons.lang3.time.FastDateParser$TextStrategy@setCalendar(org.apache.commons.lang3.time.FastDateParser,java.util.Calendar,java.lang.String):680:23052:-1 |==> 1
219:LVR:0:POS:org.apache.commons.lang3.time.FastDateParser$TextStrategy@setCalendar(org.apache.commons.lang3.time.FastDateParser,java.util.Calendar,java.lang.String):681:23101:0 |==> 1
220:LVR:0:NEG:org.apache.commons.lang3.time.FastDateParser$TextStrategy@setCalendar(org.apache.commons.lang3.time.FastDateParser,java.util.Calendar,java.lang.String):681:23101:0 |==> -1
221:ROR:<(int,int):!=(int,int):org.apache.commons.lang3.time.FastDateParser$TextStrategy@setCalendar(org.apache.commons.lang3.time.FastDateParser,java.util.Calendar,java.lang.String):681:23097:idx < 0 |==> idx != 0
222:ROR:<(int,int):<=(int,int):org.apache.commons.lang3.time.FastDateParser$TextStrategy@setCalendar(org.apache.commons.lang3.time.FastDateParser,java.util.Calendar,java.lang.String):681:23097:idx < 0 |==> idx <= 0
223:ROR:<(int,int):FALSE(int,int):org.apache.commons.lang3.time.FastDateParser$TextStrategy@setCalendar(org.apache.commons.lang3.time.FastDateParser,java.util.Calendar,java.lang.String):681:23100:idx < 0 |==> false
224:STD:<CALL>:<NO-OP>:org.apache.commons.lang3.time.FastDateParser$TextStrategy@setCalendar(org.apache.commons.lang3.time.FastDateParser,java.util.Calendar,java.lang.String):683:23182:sb.append(" not in ("); |==> <NO-OP>
225:STD:<CALL>:<NO-OP>:org.apache.commons.lang3.time.FastDateParser$TextStrategy@setCalendar(org.apache.commons.lang3.time.FastDateParser,java.util.Calendar,java.lang.String):685:23287:sb.append(textKeyValue.key).append(' '); |==> <NO-OP>
226:LVR:POS:0:org.apache.commons.lang3.time.FastDateParser$TextStrategy@setCalendar(org.apache.commons.lang3.time.FastDateParser,java.util.Calendar,java.lang.String):687:23387:1 |==> 0
227:LVR:POS:NEG:org.apache.commons.lang3.time.FastDateParser$TextStrategy@setCalendar(org.apache.commons.lang3.time.FastDateParser,java.util.Calendar,java.lang.String):687:23387:1 |==> -1
228:AOR:-(int,int):%(int,int):org.apache.commons.lang3.time.FastDateParser$TextStrategy@setCalendar(org.apache.commons.lang3.time.FastDateParser,java.util.Calendar,java.lang.String):687:23375:sb.length() - 1 |==> sb.length() % 1
229:AOR:-(int,int):*(int,int):org.apache.commons.lang3.time.FastDateParser$TextStrategy@setCalendar(org.apache.commons.lang3.time.FastDateParser,java.util.Calendar,java.lang.String):687:23375:sb.length() - 1 |==> sb.length() * 1
230:AOR:-(int,int):+(int,int):org.apache.commons.lang3.time.FastDateParser$TextStrategy@setCalendar(org.apache.commons.lang3.time.FastDateParser,java.util.Calendar,java.lang.String):687:23375:sb.length() - 1 |==> sb.length() + 1
231:AOR:-(int,int):/(int,int):org.apache.commons.lang3.time.FastDateParser$TextStrategy@setCalendar(org.apache.commons.lang3.time.FastDateParser,java.util.Calendar,java.lang.String):687:23375:sb.length() - 1 |==> sb.length() / 1
232:STD:<CALL>:<NO-OP>:org.apache.commons.lang3.time.FastDateParser$TextStrategy@setCalendar(org.apache.commons.lang3.time.FastDateParser,java.util.Calendar,java.lang.String):687:23362:sb.setCharAt(sb.length() - 1, ')'); |==> <NO-OP>
233:STD:<CALL>:<NO-OP>:org.apache.commons.lang3.time.FastDateParser$TextStrategy@setCalendar(org.apache.commons.lang3.time.FastDateParser,java.util.Calendar,java.lang.String):690:23489:cal.set(field, textKeyValues[idx].value); |==> <NO-OP>
234:LVR:TRUE:FALSE:org.apache.commons.lang3.time.FastDateParser$NumberStrategy@isNumber():713:24058:true |==> false
235:COR:<METHOD_INVOCATION(boolean)>:FALSE:org.apache.commons.lang3.time.FastDateParser$NumberStrategy@addRegex(org.apache.commons.lang3.time.FastDateParser,java.lang.StringBuilder):721:24254:parser.isNextNumber() |==> false
236:COR:<METHOD_INVOCATION(boolean)>:TRUE:org.apache.commons.lang3.time.FastDateParser$NumberStrategy@addRegex(org.apache.commons.lang3.time.FastDateParser,java.lang.StringBuilder):721:24254:parser.isNextNumber() |==> true
237:STD:<CALL>:<NO-OP>:org.apache.commons.lang3.time.FastDateParser$NumberStrategy@addRegex(org.apache.commons.lang3.time.FastDateParser,java.lang.StringBuilder):722:24276:regex.append("(\\p{IsNd}{").append(parser.getFieldWidth()).append("}+)"); |==> <NO-OP>
238:STD:<CALL>:<NO-OP>:org.apache.commons.lang3.time.FastDateParser$NumberStrategy@addRegex(org.apache.commons.lang3.time.FastDateParser,java.lang.StringBuilder):725:24399:regex.append("(\\p{IsNd}++)"); |==> <NO-OP>
239:LVR:TRUE:FALSE:org.apache.commons.lang3.time.FastDateParser$NumberStrategy@addRegex(org.apache.commons.lang3.time.FastDateParser,java.lang.StringBuilder):727:24463:true |==> false
240:STD:<CALL>:<NO-OP>:org.apache.commons.lang3.time.FastDateParser$NumberStrategy@setCalendar(org.apache.commons.lang3.time.FastDateParser,java.util.Calendar,java.lang.String):735:24644:cal.set(field, modify(Integer.parseInt(value))); |==> <NO-OP>
241:LVR:POS:0:org.apache.commons.lang3.time.FastDateParser$2@setCalendar(org.apache.commons.lang3.time.FastDateParser,java.util.Calendar,java.lang.String):755:25267:100 |==> 0
242:LVR:POS:NEG:org.apache.commons.lang3.time.FastDateParser$2@setCalendar(org.apache.commons.lang3.time.FastDateParser,java.util.Calendar,java.lang.String):755:25267:100 |==> -100
243:ROR:<(int,int):!=(int,int):org.apache.commons.lang3.time.FastDateParser$2@setCalendar(org.apache.commons.lang3.time.FastDateParser,java.util.Calendar,java.lang.String):755:25260:iValue < 100 |==> iValue != 100
244:ROR:<(int,int):<=(int,int):org.apache.commons.lang3.time.FastDateParser$2@setCalendar(org.apache.commons.lang3.time.FastDateParser,java.util.Calendar,java.lang.String):755:25260:iValue < 100 |==> iValue <= 100
245:ROR:<(int,int):FALSE(int,int):org.apache.commons.lang3.time.FastDateParser$2@setCalendar(org.apache.commons.lang3.time.FastDateParser,java.util.Calendar,java.lang.String):755:25266:iValue < 100 |==> false
246:STD:<ASSIGN>:<NO-OP>:org.apache.commons.lang3.time.FastDateParser$2@setCalendar(org.apache.commons.lang3.time.FastDateParser,java.util.Calendar,java.lang.String):756:25290:iValue = parser.adjustYear(iValue); |==> <NO-OP>
247:STD:<CALL>:<NO-OP>:org.apache.commons.lang3.time.FastDateParser$2@setCalendar(org.apache.commons.lang3.time.FastDateParser,java.util.Calendar,java.lang.String):758:25351:cal.set(Calendar.YEAR, iValue); |==> <NO-OP>
248:COR:<METHOD_INVOCATION(boolean)>:FALSE:org.apache.commons.lang3.time.FastDateParser$TimeZoneStrategy@<init>(java.util.Locale):776:25955:id.startsWith("GMT") |==> false
249:COR:<METHOD_INVOCATION(boolean)>:TRUE:org.apache.commons.lang3.time.FastDateParser$TimeZoneStrategy@<init>(java.util.Locale):776:25955:id.startsWith("GMT") |==> true
250:LVR:FALSE:TRUE:org.apache.commons.lang3.time.FastDateParser$TimeZoneStrategy@<init>(java.util.Locale):780:26115:false |==> true
251:STD:<CALL>:<NO-OP>:org.apache.commons.lang3.time.FastDateParser$TimeZoneStrategy@<init>(java.util.Locale):780:26085:tzNames.put(tz.getDisplayName(false, TimeZone.SHORT, locale), tz); |==> <NO-OP>
252:LVR:FALSE:TRUE:org.apache.commons.lang3.time.FastDateParser$TimeZoneStrategy@<init>(java.util.Locale):781:26198:false |==> true
253:STD:<CALL>:<NO-OP>:org.apache.commons.lang3.time.FastDateParser$TimeZoneStrategy@<init>(java.util.Locale):781:26168:tzNames.put(tz.getDisplayName(false, TimeZone.LONG, locale), tz); |==> <NO-OP>
254:COR:<METHOD_INVOCATION(boolean)>:FALSE:org.apache.commons.lang3.time.FastDateParser$TimeZoneStrategy@<init>(java.util.Locale):782:26271:tz.useDaylightTime() |==> false
255:COR:<METHOD_INVOCATION(boolean)>:TRUE:org.apache.commons.lang3.time.FastDateParser$TimeZoneStrategy@<init>(java.util.Locale):782:26271:tz.useDaylightTime() |==> true
256:LVR:TRUE:FALSE:org.apache.commons.lang3.time.FastDateParser$TimeZoneStrategy@<init>(java.util.Locale):783:26327:true |==> false
257:STD:<CALL>:<NO-OP>:org.apache.commons.lang3.time.FastDateParser$TimeZoneStrategy@<init>(java.util.Locale):783:26297:tzNames.put(tz.getDisplayName(true, TimeZone.SHORT, locale), tz); |==> <NO-OP>
258:LVR:TRUE:FALSE:org.apache.commons.lang3.time.FastDateParser$TimeZoneStrategy@<init>(java.util.Locale):784:26413:true |==> false
259:STD:<CALL>:<NO-OP>:org.apache.commons.lang3.time.FastDateParser$TimeZoneStrategy@<init>(java.util.Locale):784:26383:tzNames.put(tz.getDisplayName(true, TimeZone.LONG, locale), tz); |==> <NO-OP>
260:STD:<CALL>:<NO-OP>:org.apache.commons.lang3.time.FastDateParser$TimeZoneStrategy@<init>(java.util.Locale):788:26543:sb.append("(GMT[+\\-]\\d{0,1}\\d{2}|[+\\-]\\d{2}:?\\d{2}|"); |==> <NO-OP>
261:LVR:FALSE:TRUE:org.apache.commons.lang3.time.FastDateParser$TimeZoneStrategy@<init>(java.util.Locale):790:26688:false |==> true
262:STD:<CALL>:<NO-OP>:org.apache.commons.lang3.time.FastDateParser$TimeZoneStrategy@<init>(java.util.Locale):790:26668:escapeRegex(sb, id, false).append('|'); |==> <NO-OP>
263:LVR:POS:0:org.apache.commons.lang3.time.FastDateParser$TimeZoneStrategy@<init>(java.util.Locale):792:26759:1 |==> 0
264:LVR:POS:NEG:org.apache.commons.lang3.time.FastDateParser$TimeZoneStrategy@<init>(java.util.Locale):792:26759:1 |==> -1
265:AOR:-(int,int):%(int,int):org.apache.commons.lang3.time.FastDateParser$TimeZoneStrategy@<init>(java.util.Locale):792:26747:sb.length() - 1 |==> sb.length() % 1
266:AOR:-(int,int):*(int,int):org.apache.commons.lang3.time.FastDateParser$TimeZoneStrategy@<init>(java.util.Locale):792:26747:sb.length() - 1 |==> sb.length() * 1
267:AOR:-(int,int):+(int,int):org.apache.commons.lang3.time.FastDateParser$TimeZoneStrategy@<init>(java.util.Locale):792:26747:sb.length() - 1 |==> sb.length() + 1
268:AOR:-(int,int):/(int,int):org.apache.commons.lang3.time.FastDateParser$TimeZoneStrategy@<init>(java.util.Locale):792:26747:sb.length() - 1 |==> sb.length() / 1
269:STD:<CALL>:<NO-OP>:org.apache.commons.lang3.time.FastDateParser$TimeZoneStrategy@<init>(java.util.Locale):792:26734:sb.setCharAt(sb.length() - 1, ')'); |==> <NO-OP>
270:LVR:FALSE:TRUE:org.apache.commons.lang3.time.FastDateParser$TimeZoneStrategy@isNumber():801:26948:false |==> true
271:STD:<CALL>:<NO-OP>:org.apache.commons.lang3.time.FastDateParser$TimeZoneStrategy@addRegex(org.apache.commons.lang3.time.FastDateParser,java.lang.StringBuilder):809:27123:regex.append(validTimeZoneChars); |==> <NO-OP>
272:LVR:TRUE:FALSE:org.apache.commons.lang3.time.FastDateParser$TimeZoneStrategy@addRegex(org.apache.commons.lang3.time.FastDateParser,java.lang.StringBuilder):810:27176:true |==> false
273:LVR:0:POS:org.apache.commons.lang3.time.FastDateParser$TimeZoneStrategy@setCalendar(org.apache.commons.lang3.time.FastDateParser,java.util.Calendar,java.lang.String):819:27398:0 |==> 1
274:LVR:0:NEG:org.apache.commons.lang3.time.FastDateParser$TimeZoneStrategy@setCalendar(org.apache.commons.lang3.time.FastDateParser,java.util.Calendar,java.lang.String):819:27398:0 |==> -1
275:ROR:==(int,int):<=(int,int):org.apache.commons.lang3.time.FastDateParser$TimeZoneStrategy@setCalendar(org.apache.commons.lang3.time.FastDateParser,java.util.Calendar,java.lang.String):819:27385:value.charAt(0) == '+' |==> value.charAt(0) <= '+'
276:ROR:==(int,int):>=(int,int):org.apache.commons.lang3.time.FastDateParser$TimeZoneStrategy@setCalendar(org.apache.commons.lang3.time.FastDateParser,java.util.Calendar,java.lang.String):819:27385:value.charAt(0) == '+' |==> value.charAt(0) >= '+'
277:ROR:==(int,int):FALSE(int,int):org.apache.commons.lang3.time.FastDateParser$TimeZoneStrategy@setCalendar(org.apache.commons.lang3.time.FastDateParser,java.util.Calendar,java.lang.String):819:27400:value.charAt(0) == '+' |==> false
278:LVR:0:POS:org.apache.commons.lang3.time.FastDateParser$TimeZoneStrategy@setCalendar(org.apache.commons.lang3.time.FastDateParser,java.util.Calendar,java.lang.String):819:27422:0 |==> 1
279:LVR:0:NEG:org.apache.commons.lang3.time.FastDateParser$TimeZoneStrategy@setCalendar(org.apache.commons.lang3.time.FastDateParser,java.util.Calendar,java.lang.String):819:27422:0 |==> -1
280:ROR:==(int,int):<=(int,int):org.apache.commons.lang3.time.FastDateParser$TimeZoneStrategy@setCalendar(org.apache.commons.lang3.time.FastDateParser,java.util.Calendar,java.lang.String):819:27409:value.charAt(0) == '-' |==> value.charAt(0) <= '-'
281:ROR:==(int,int):>=(int,int):org.apache.commons.lang3.time.FastDateParser$TimeZoneStrategy@setCalendar(org.apache.commons.lang3.time.FastDateParser,java.util.Calendar,java.lang.String):819:27409:value.charAt(0) == '-' |==> value.charAt(0) >= '-'
282:ROR:==(int,int):FALSE(int,int):org.apache.commons.lang3.time.FastDateParser$TimeZoneStrategy@setCalendar(org.apache.commons.lang3.time.FastDateParser,java.util.Calendar,java.lang.String):819:27424:value.charAt(0) == '-' |==> false
283:COR:||(boolean,boolean):!=(boolean,boolean):org.apache.commons.lang3.time.FastDateParser$TimeZoneStrategy@setCalendar(org.apache.commons.lang3.time.FastDateParser,java.util.Calendar,java.lang.String):819:27385:value.charAt(0) == '+' || value.charAt(0) == '-' |==> value.charAt(0) == '+' != (value.charAt(0) == '-')
284:COR:||(boolean,boolean):LHS(boolean,boolean):org.apache.commons.lang3.time.FastDateParser$TimeZoneStrategy@setCalendar(org.apache.commons.lang3.time.FastDateParser,java.util.Calendar,java.lang.String):819:27385:value.charAt(0) == '+' || value.charAt(0) == '-' |==> value.charAt(0) == '+'
285:COR:||(boolean,boolean):RHS(boolean,boolean):org.apache.commons.lang3.time.FastDateParser$TimeZoneStrategy@setCalendar(org.apache.commons.lang3.time.FastDateParser,java.util.Calendar,java.lang.String):819:27409:value.charAt(0) == '+' || value.charAt(0) == '-' |==> value.charAt(0) == '-'
286:COR:||(boolean,boolean):TRUE(boolean,boolean):org.apache.commons.lang3.time.FastDateParser$TimeZoneStrategy@setCalendar(org.apache.commons.lang3.time.FastDateParser,java.util.Calendar,java.lang.String):819:27406:value.charAt(0) == '+' || value.charAt(0) == '-' |==> true
287:COR:<METHOD_INVOCATION(boolean)>:FALSE:org.apache.commons.lang3.time.FastDateParser$TimeZoneStrategy@setCalendar(org.apache.commons.lang3.time.FastDateParser,java.util.Calendar,java.lang.String):822:27538:value.startsWith("GMT") |==> false
288:COR:<METHOD_INVOCATION(boolean)>:TRUE:org.apache.commons.lang3.time.FastDateParser$TimeZoneStrategy@setCalendar(org.apache.commons.lang3.time.FastDateParser,java.util.Calendar,java.lang.String):822:27538:value.startsWith("GMT") |==> true
289:ROR:==(java.lang.Object,java.lang.Object):FALSE(java.lang.Object,java.lang.Object):org.apache.commons.lang3.time.FastDateParser$TimeZoneStrategy@setCalendar(org.apache.commons.lang3.time.FastDateParser,java.util.Calendar,java.lang.String):827:27692:tz == null |==> false
290:STD:<CALL>:<NO-OP>:org.apache.commons.lang3.time.FastDateParser$TimeZoneStrategy@setCalendar(org.apache.commons.lang3.time.FastDateParser,java.util.Calendar,java.lang.String):831:27847:cal.setTimeZone(tz); |==> <NO-OP>
291:LVR:POS:0:org.apache.commons.lang3.time.FastDateParser$3@modify(int):844:28419:1 |==> 0
292:LVR:POS:NEG:org.apache.commons.lang3.time.FastDateParser$3@modify(int):844:28419:1 |==> -1
293:AOR:-(int,int):%(int,int):org.apache.commons.lang3.time.FastDateParser$3@modify(int):844:28412:iValue - 1 |==> iValue % 1
294:AOR:-(int,int):*(int,int):org.apache.commons.lang3.time.FastDateParser$3@modify(int):844:28412:iValue - 1 |==> iValue * 1
295:AOR:-(int,int):+(int,int):org.apache.commons.lang3.time.FastDateParser$3@modify(int):844:28412:iValue - 1 |==> iValue + 1
296:AOR:-(int,int):/(int,int):org.apache.commons.lang3.time.FastDateParser$3@modify(int):844:28412:iValue - 1 |==> iValue / 1
297:LVR:POS:0:org.apache.commons.lang3.time.FastDateParser$4@modify(int):857:29343:24 |==> 0
298:AOR:%(int,int):*(int,int):org.apache.commons.lang3.time.FastDateParser$4@modify(int):857:29336:iValue % 24 |==> iValue * 24
299:AOR:%(int,int):+(int,int):org.apache.commons.lang3.time.FastDateParser$4@modify(int):857:29336:iValue % 24 |==> iValue + 24
300:AOR:%(int,int):-(int,int):org.apache.commons.lang3.time.FastDateParser$4@modify(int):857:29336:iValue % 24 |==> iValue - 24
301:AOR:%(int,int):/(int,int):org.apache.commons.lang3.time.FastDateParser$4@modify(int):857:29336:iValue % 24 |==> iValue / 24
302:LVR:POS:0:org.apache.commons.lang3.time.FastDateParser$5@modify(int):863:29541:12 |==> 0
303:AOR:%(int,int):*(int,int):org.apache.commons.lang3.time.FastDateParser$5@modify(int):863:29534:iValue % 12 |==> iValue * 12
304:AOR:%(int,int):+(int,int):org.apache.commons.lang3.time.FastDateParser$5@modify(int):863:29534:iValue % 12 |==> iValue + 12
305:AOR:%(int,int):-(int,int):org.apache.commons.lang3.time.FastDateParser$5@modify(int):863:29534:iValue % 12 |==> iValue - 12
306:AOR:%(int,int):/(int,int):org.apache.commons.lang3.time.FastDateParser$5@modify(int):863:29534:iValue % 12 |==> iValue / 12
