1:LVR:FALSE:TRUE:org.apache.commons.lang3.RandomStringUtils@random(int):69:2606:false |==> true
2:LVR:FALSE:TRUE:org.apache.commons.lang3.RandomStringUtils@random(int):69:2613:false |==> true
3:LVR:POS:0:org.apache.commons.lang3.RandomStringUtils@randomAscii(int):83:3069:32 |==> 0
4:LVR:POS:NEG:org.apache.commons.lang3.RandomStringUtils@randomAscii(int):83:3069:32 |==> -32
5:LVR:POS:0:org.apache.commons.lang3.RandomStringUtils@randomAscii(int):83:3073:127 |==> 0
6:LVR:POS:NEG:org.apache.commons.lang3.RandomStringUtils@randomAscii(int):83:3073:127 |==> -127
7:LVR:FALSE:TRUE:org.apache.commons.lang3.RandomStringUtils@randomAscii(int):83:3078:false |==> true
8:LVR:FALSE:TRUE:org.apache.commons.lang3.RandomStringUtils@randomAscii(int):83:3085:false |==> true
9:LVR:TRUE:FALSE:org.apache.commons.lang3.RandomStringUtils@randomAlphabetic(int):97:3493:true |==> false
10:LVR:FALSE:TRUE:org.apache.commons.lang3.RandomStringUtils@randomAlphabetic(int):97:3499:false |==> true
11:LVR:TRUE:FALSE:org.apache.commons.lang3.RandomStringUtils@randomAlphanumeric(int):111:3912:true |==> false
12:LVR:TRUE:FALSE:org.apache.commons.lang3.RandomStringUtils@randomAlphanumeric(int):111:3918:true |==> false
13:LVR:FALSE:TRUE:org.apache.commons.lang3.RandomStringUtils@randomNumeric(int):125:4319:false |==> true
14:LVR:TRUE:FALSE:org.apache.commons.lang3.RandomStringUtils@randomNumeric(int):125:4326:true |==> false
15:LVR:0:POS:org.apache.commons.lang3.RandomStringUtils@random(int,boolean,boolean):143:4983:0 |==> 1
16:LVR:0:NEG:org.apache.commons.lang3.RandomStringUtils@random(int,boolean,boolean):143:4983:0 |==> -1
17:LVR:0:POS:org.apache.commons.lang3.RandomStringUtils@random(int,boolean,boolean):143:4986:0 |==> 1
18:LVR:0:NEG:org.apache.commons.lang3.RandomStringUtils@random(int,boolean,boolean):143:4986:0 |==> -1
19:LVR:0:POS:org.apache.commons.lang3.RandomStringUtils@random(int,int,int,boolean,boolean,char[],java.util.Random):225:8796:0 |==> 1
20:LVR:0:NEG:org.apache.commons.lang3.RandomStringUtils@random(int,int,int,boolean,boolean,char[],java.util.Random):225:8796:0 |==> -1
21:ROR:==(int,int):<=(int,int):org.apache.commons.lang3.RandomStringUtils@random(int,int,int,boolean,boolean,char[],java.util.Random):225:8787:count == 0 |==> count <= 0
22:ROR:==(int,int):>=(int,int):org.apache.commons.lang3.RandomStringUtils@random(int,int,int,boolean,boolean,char[],java.util.Random):225:8787:count == 0 |==> count >= 0
23:ROR:==(int,int):FALSE(int,int):org.apache.commons.lang3.RandomStringUtils@random(int,int,int,boolean,boolean,char[],java.util.Random):225:8793:count == 0 |==> false
24:LVR:0:POS:org.apache.commons.lang3.RandomStringUtils@random(int,int,int,boolean,boolean,char[],java.util.Random):227:8851:0 |==> 1
25:LVR:0:NEG:org.apache.commons.lang3.RandomStringUtils@random(int,int,int,boolean,boolean,char[],java.util.Random):227:8851:0 |==> -1
26:ROR:<(int,int):!=(int,int):org.apache.commons.lang3.RandomStringUtils@random(int,int,int,boolean,boolean,char[],java.util.Random):227:8843:count < 0 |==> count != 0
27:ROR:<(int,int):<=(int,int):org.apache.commons.lang3.RandomStringUtils@random(int,int,int,boolean,boolean,char[],java.util.Random):227:8843:count < 0 |==> count <= 0
28:ROR:<(int,int):FALSE(int,int):org.apache.commons.lang3.RandomStringUtils@random(int,int,int,boolean,boolean,char[],java.util.Random):227:8849:count < 0 |==> false
29:ROR:!=(java.lang.Object,java.lang.Object):TRUE(java.lang.Object,java.lang.Object):org.apache.commons.lang3.RandomStringUtils@random(int,int,int,boolean,boolean,char[],java.util.Random):230:8996:chars != null |==> true
30:LVR:0:POS:org.apache.commons.lang3.RandomStringUtils@random(int,int,int,boolean,boolean,char[],java.util.Random):230:9023:0 |==> 1
31:LVR:0:NEG:org.apache.commons.lang3.RandomStringUtils@random(int,int,int,boolean,boolean,char[],java.util.Random):230:9023:0 |==> -1
32:ROR:==(int,int):>=(int,int):org.apache.commons.lang3.RandomStringUtils@random(int,int,int,boolean,boolean,char[],java.util.Random):230:9007:chars.length == 0 |==> chars.length >= 0
33:ROR:==(int,int):FALSE(int,int):org.apache.commons.lang3.RandomStringUtils@random(int,int,int,boolean,boolean,char[],java.util.Random):230:9020:chars.length == 0 |==> false
34:COR:&&(boolean,boolean):==(boolean,boolean):org.apache.commons.lang3.RandomStringUtils@random(int,int,int,boolean,boolean,char[],java.util.Random):230:8990:chars != null && chars.length == 0 |==> chars != null == (chars.length == 0)
35:COR:&&(boolean,boolean):FALSE(boolean,boolean):org.apache.commons.lang3.RandomStringUtils@random(int,int,int,boolean,boolean,char[],java.util.Random):230:9004:chars != null && chars.length == 0 |==> false
36:COR:&&(boolean,boolean):LHS(boolean,boolean):org.apache.commons.lang3.RandomStringUtils@random(int,int,int,boolean,boolean,char[],java.util.Random):230:8990:chars != null && chars.length == 0 |==> chars != null
37:COR:&&(boolean,boolean):RHS(boolean,boolean):org.apache.commons.lang3.RandomStringUtils@random(int,int,int,boolean,boolean,char[],java.util.Random):230:9007:chars != null && chars.length == 0 |==> chars.length == 0
38:LVR:0:POS:org.apache.commons.lang3.RandomStringUtils@random(int,int,int,boolean,boolean,char[],java.util.Random):234:9145:0 |==> 1
39:LVR:0:NEG:org.apache.commons.lang3.RandomStringUtils@random(int,int,int,boolean,boolean,char[],java.util.Random):234:9145:0 |==> -1
40:ROR:==(int,int):<=(int,int):org.apache.commons.lang3.RandomStringUtils@random(int,int,int,boolean,boolean,char[],java.util.Random):234:9136:start == 0 |==> start <= 0
41:ROR:==(int,int):>=(int,int):org.apache.commons.lang3.RandomStringUtils@random(int,int,int,boolean,boolean,char[],java.util.Random):234:9136:start == 0 |==> start >= 0
42:ROR:==(int,int):FALSE(int,int):org.apache.commons.lang3.RandomStringUtils@random(int,int,int,boolean,boolean,char[],java.util.Random):234:9142:start == 0 |==> false
43:LVR:0:POS:org.apache.commons.lang3.RandomStringUtils@random(int,int,int,boolean,boolean,char[],java.util.Random):234:9157:0 |==> 1
44:LVR:0:NEG:org.apache.commons.lang3.RandomStringUtils@random(int,int,int,boolean,boolean,char[],java.util.Random):234:9157:0 |==> -1
45:ROR:==(int,int):<=(int,int):org.apache.commons.lang3.RandomStringUtils@random(int,int,int,boolean,boolean,char[],java.util.Random):234:9150:end == 0 |==> end <= 0
46:ROR:==(int,int):>=(int,int):org.apache.commons.lang3.RandomStringUtils@random(int,int,int,boolean,boolean,char[],java.util.Random):234:9150:end == 0 |==> end >= 0
47:ROR:==(int,int):FALSE(int,int):org.apache.commons.lang3.RandomStringUtils@random(int,int,int,boolean,boolean,char[],java.util.Random):234:9154:end == 0 |==> false
48:COR:&&(boolean,boolean):==(boolean,boolean):org.apache.commons.lang3.RandomStringUtils@random(int,int,int,boolean,boolean,char[],java.util.Random):234:9136:start == 0 && end == 0 |==> start == 0 == (end == 0)
49:COR:&&(boolean,boolean):FALSE(boolean,boolean):org.apache.commons.lang3.RandomStringUtils@random(int,int,int,boolean,boolean,char[],java.util.Random):234:9147:start == 0 && end == 0 |==> false
50:COR:&&(boolean,boolean):LHS(boolean,boolean):org.apache.commons.lang3.RandomStringUtils@random(int,int,int,boolean,boolean,char[],java.util.Random):234:9136:start == 0 && end == 0 |==> start == 0
51:COR:&&(boolean,boolean):RHS(boolean,boolean):org.apache.commons.lang3.RandomStringUtils@random(int,int,int,boolean,boolean,char[],java.util.Random):234:9150:start == 0 && end == 0 |==> end == 0
52:ROR:!=(java.lang.Object,java.lang.Object):TRUE(java.lang.Object,java.lang.Object):org.apache.commons.lang3.RandomStringUtils@random(int,int,int,boolean,boolean,char[],java.util.Random):235:9184:chars != null |==> true
53:STD:<ASSIGN>:<NO-OP>:org.apache.commons.lang3.RandomStringUtils@random(int,int,int,boolean,boolean,char[],java.util.Random):236:9211:end = chars.length; |==> <NO-OP>
54:COR:&&(boolean,boolean):==(boolean,boolean):org.apache.commons.lang3.RandomStringUtils@random(int,int,int,boolean,boolean,char[],java.util.Random):238:9272:!letters && !numbers |==> !letters == !numbers
55:COR:&&(boolean,boolean):FALSE(boolean,boolean):org.apache.commons.lang3.RandomStringUtils@random(int,int,int,boolean,boolean,char[],java.util.Random):238:9281:!letters && !numbers |==> false
56:COR:&&(boolean,boolean):LHS(boolean,boolean):org.apache.commons.lang3.RandomStringUtils@random(int,int,int,boolean,boolean,char[],java.util.Random):238:9272:!letters && !numbers |==> !letters
57:COR:&&(boolean,boolean):RHS(boolean,boolean):org.apache.commons.lang3.RandomStringUtils@random(int,int,int,boolean,boolean,char[],java.util.Random):238:9284:!letters && !numbers |==> !numbers
58:STD:<ASSIGN>:<NO-OP>:org.apache.commons.lang3.RandomStringUtils@random(int,int,int,boolean,boolean,char[],java.util.Random):239:9316:end = Integer.MAX_VALUE; |==> <NO-OP>
59:LVR:POS:0:org.apache.commons.lang3.RandomStringUtils@random(int,int,int,boolean,boolean,char[],java.util.Random):241:9398:1 |==> 0
60:LVR:POS:NEG:org.apache.commons.lang3.RandomStringUtils@random(int,int,int,boolean,boolean,char[],java.util.Random):241:9398:1 |==> -1
61:AOR:+(int,int):%(int,int):org.apache.commons.lang3.RandomStringUtils@random(int,int,int,boolean,boolean,char[],java.util.Random):241:9392:'z' + 1 |==> 'z' % 1
62:AOR:+(int,int):*(int,int):org.apache.commons.lang3.RandomStringUtils@random(int,int,int,boolean,boolean,char[],java.util.Random):241:9392:'z' + 1 |==> 'z' * 1
63:AOR:+(int,int):-(int,int):org.apache.commons.lang3.RandomStringUtils@random(int,int,int,boolean,boolean,char[],java.util.Random):241:9392:'z' + 1 |==> 'z' - 1
64:AOR:+(int,int):/(int,int):org.apache.commons.lang3.RandomStringUtils@random(int,int,int,boolean,boolean,char[],java.util.Random):241:9392:'z' + 1 |==> 'z' / 1
65:STD:<ASSIGN>:<NO-OP>:org.apache.commons.lang3.RandomStringUtils@random(int,int,int,boolean,boolean,char[],java.util.Random):241:9386:end = 'z' + 1; |==> <NO-OP>
66:STD:<ASSIGN>:<NO-OP>:org.apache.commons.lang3.RandomStringUtils@random(int,int,int,boolean,boolean,char[],java.util.Random):242:9421:start = ' '; |==> <NO-OP>
67:ROR:<=(int,int):<(int,int):org.apache.commons.lang3.RandomStringUtils@random(int,int,int,boolean,boolean,char[],java.util.Random):246:9515:end <= start |==> end < start
68:ROR:<=(int,int):==(int,int):org.apache.commons.lang3.RandomStringUtils@random(int,int,int,boolean,boolean,char[],java.util.Random):246:9515:end <= start |==> end == start
69:ROR:<=(int,int):TRUE(int,int):org.apache.commons.lang3.RandomStringUtils@random(int,int,int,boolean,boolean,char[],java.util.Random):246:9519:end <= start |==> true
70:AOR:-(int,int):%(int,int):org.apache.commons.lang3.RandomStringUtils@random(int,int,int,boolean,boolean,char[],java.util.Random):252:9741:end - start |==> end % start
71:AOR:-(int,int):*(int,int):org.apache.commons.lang3.RandomStringUtils@random(int,int,int,boolean,boolean,char[],java.util.Random):252:9741:end - start |==> end * start
72:AOR:-(int,int):+(int,int):org.apache.commons.lang3.RandomStringUtils@random(int,int,int,boolean,boolean,char[],java.util.Random):252:9741:end - start |==> end + start
73:AOR:-(int,int):/(int,int):org.apache.commons.lang3.RandomStringUtils@random(int,int,int,boolean,boolean,char[],java.util.Random):252:9741:end - start |==> end / start
74:LVR:0:POS:org.apache.commons.lang3.RandomStringUtils@random(int,int,int,boolean,boolean,char[],java.util.Random):254:9781:0 |==> 1
75:LVR:0:NEG:org.apache.commons.lang3.RandomStringUtils@random(int,int,int,boolean,boolean,char[],java.util.Random):254:9781:0 |==> -1
76:ROR:!=(int,int):<(int,int):org.apache.commons.lang3.RandomStringUtils@random(int,int,int,boolean,boolean,char[],java.util.Random):254:9770:count-- != 0 |==> count-- < 0
77:ROR:!=(int,int):>(int,int):org.apache.commons.lang3.RandomStringUtils@random(int,int,int,boolean,boolean,char[],java.util.Random):254:9770:count-- != 0 |==> count-- > 0
78:ROR:!=(int,int):TRUE(int,int):org.apache.commons.lang3.RandomStringUtils@random(int,int,int,boolean,boolean,char[],java.util.Random):254:9778:count-- != 0 |==> true
79:ROR:==(java.lang.Object,java.lang.Object):FALSE(java.lang.Object,java.lang.Object):org.apache.commons.lang3.RandomStringUtils@random(int,int,int,boolean,boolean,char[],java.util.Random):256:9829:chars == null |==> false
80:AOR:+(int,int):%(int,int):org.apache.commons.lang3.RandomStringUtils@random(int,int,int,boolean,boolean,char[],java.util.Random):257:9869:random.nextInt(gap) + start |==> random.nextInt(gap) % start
81:AOR:+(int,int):*(int,int):org.apache.commons.lang3.RandomStringUtils@random(int,int,int,boolean,boolean,char[],java.util.Random):257:9869:random.nextInt(gap) + start |==> random.nextInt(gap) * start
82:AOR:+(int,int):-(int,int):org.apache.commons.lang3.RandomStringUtils@random(int,int,int,boolean,boolean,char[],java.util.Random):257:9869:random.nextInt(gap) + start |==> random.nextInt(gap) - start
83:AOR:+(int,int):/(int,int):org.apache.commons.lang3.RandomStringUtils@random(int,int,int,boolean,boolean,char[],java.util.Random):257:9869:random.nextInt(gap) + start |==> random.nextInt(gap) / start
84:AOR:+(int,int):%(int,int):org.apache.commons.lang3.RandomStringUtils@random(int,int,int,boolean,boolean,char[],java.util.Random):259:9947:random.nextInt(gap) + start |==> random.nextInt(gap) % start
85:AOR:+(int,int):*(int,int):org.apache.commons.lang3.RandomStringUtils@random(int,int,int,boolean,boolean,char[],java.util.Random):259:9947:random.nextInt(gap) + start |==> random.nextInt(gap) * start
86:AOR:+(int,int):-(int,int):org.apache.commons.lang3.RandomStringUtils@random(int,int,int,boolean,boolean,char[],java.util.Random):259:9947:random.nextInt(gap) + start |==> random.nextInt(gap) - start
87:AOR:+(int,int):/(int,int):org.apache.commons.lang3.RandomStringUtils@random(int,int,int,boolean,boolean,char[],java.util.Random):259:9947:random.nextInt(gap) + start |==> random.nextInt(gap) / start
88:COR:&&(boolean,boolean):==(boolean,boolean):org.apache.commons.lang3.RandomStringUtils@random(int,int,int,boolean,boolean,char[],java.util.Random):261:10007:letters && Character.isLetter(ch) |==> letters == Character.isLetter(ch)
89:COR:&&(boolean,boolean):FALSE(boolean,boolean):org.apache.commons.lang3.RandomStringUtils@random(int,int,int,boolean,boolean,char[],java.util.Random):261:10015:letters && Character.isLetter(ch) |==> false
90:COR:&&(boolean,boolean):LHS(boolean,boolean):org.apache.commons.lang3.RandomStringUtils@random(int,int,int,boolean,boolean,char[],java.util.Random):261:10007:letters && Character.isLetter(ch) |==> letters
91:COR:&&(boolean,boolean):RHS(boolean,boolean):org.apache.commons.lang3.RandomStringUtils@random(int,int,int,boolean,boolean,char[],java.util.Random):261:10018:letters && Character.isLetter(ch) |==> Character.isLetter(ch)
92:COR:&&(boolean,boolean):==(boolean,boolean):org.apache.commons.lang3.RandomStringUtils@random(int,int,int,boolean,boolean,char[],java.util.Random):262:10064:numbers && Character.isDigit(ch) |==> numbers == Character.isDigit(ch)
93:COR:&&(boolean,boolean):FALSE(boolean,boolean):org.apache.commons.lang3.RandomStringUtils@random(int,int,int,boolean,boolean,char[],java.util.Random):262:10072:numbers && Character.isDigit(ch) |==> false
94:COR:&&(boolean,boolean):LHS(boolean,boolean):org.apache.commons.lang3.RandomStringUtils@random(int,int,int,boolean,boolean,char[],java.util.Random):262:10064:numbers && Character.isDigit(ch) |==> numbers
95:COR:&&(boolean,boolean):RHS(boolean,boolean):org.apache.commons.lang3.RandomStringUtils@random(int,int,int,boolean,boolean,char[],java.util.Random):262:10075:numbers && Character.isDigit(ch) |==> Character.isDigit(ch)
96:COR:||(boolean,boolean):!=(boolean,boolean):org.apache.commons.lang3.RandomStringUtils@random(int,int,int,boolean,boolean,char[],java.util.Random):261:10007:letters && Character.isLetter(ch) || numbers && Character.isDigit(ch) |==> (letters && Character.isLetter(ch)) != (numbers && Character.isDigit(ch))
97:COR:||(boolean,boolean):LHS(boolean,boolean):org.apache.commons.lang3.RandomStringUtils@random(int,int,int,boolean,boolean,char[],java.util.Random):261:10007:letters && Character.isLetter(ch) || numbers && Character.isDigit(ch) |==> letters && Character.isLetter(ch)
98:COR:||(boolean,boolean):RHS(boolean,boolean):org.apache.commons.lang3.RandomStringUtils@random(int,int,int,boolean,boolean,char[],java.util.Random):262:10064:letters && Character.isLetter(ch) || numbers && Character.isDigit(ch) |==> numbers && Character.isDigit(ch)
99:COR:||(boolean,boolean):TRUE(boolean,boolean):org.apache.commons.lang3.RandomStringUtils@random(int,int,int,boolean,boolean,char[],java.util.Random):262:10061:letters && Character.isLetter(ch) || numbers && Character.isDigit(ch) |==> true
100:COR:&&(boolean,boolean):==(boolean,boolean):org.apache.commons.lang3.RandomStringUtils@random(int,int,int,boolean,boolean,char[],java.util.Random):263:10120:!letters && !numbers |==> !letters == !numbers
101:COR:&&(boolean,boolean):FALSE(boolean,boolean):org.apache.commons.lang3.RandomStringUtils@random(int,int,int,boolean,boolean,char[],java.util.Random):263:10129:!letters && !numbers |==> false
102:COR:&&(boolean,boolean):LHS(boolean,boolean):org.apache.commons.lang3.RandomStringUtils@random(int,int,int,boolean,boolean,char[],java.util.Random):263:10120:!letters && !numbers |==> !letters
103:COR:&&(boolean,boolean):RHS(boolean,boolean):org.apache.commons.lang3.RandomStringUtils@random(int,int,int,boolean,boolean,char[],java.util.Random):263:10132:!letters && !numbers |==> !numbers
104:COR:||(boolean,boolean):!=(boolean,boolean):org.apache.commons.lang3.RandomStringUtils@random(int,int,int,boolean,boolean,char[],java.util.Random):261:10007:letters && Character.isLetter(ch) || numbers && Character.isDigit(ch) || !letters && !numbers |==> (letters && Character.isLetter(ch) || numbers && Character.isDigit(ch)) != (!letters && !numbers)
105:COR:||(boolean,boolean):LHS(boolean,boolean):org.apache.commons.lang3.RandomStringUtils@random(int,int,int,boolean,boolean,char[],java.util.Random):261:10007:letters && Character.isLetter(ch) || numbers && Character.isDigit(ch) || !letters && !numbers |==> letters && Character.isLetter(ch) || numbers && Character.isDigit(ch)
106:COR:||(boolean,boolean):RHS(boolean,boolean):org.apache.commons.lang3.RandomStringUtils@random(int,int,int,boolean,boolean,char[],java.util.Random):263:10120:letters && Character.isLetter(ch) || numbers && Character.isDigit(ch) || !letters && !numbers |==> !letters && !numbers
107:COR:||(boolean,boolean):TRUE(boolean,boolean):org.apache.commons.lang3.RandomStringUtils@random(int,int,int,boolean,boolean,char[],java.util.Random):263:10117:letters && Character.isLetter(ch) || numbers && Character.isDigit(ch) || !letters && !numbers |==> true
108:LVR:POS:0:org.apache.commons.lang3.RandomStringUtils@random(int,int,int,boolean,boolean,char[],java.util.Random):264:10169:56320 |==> 0
109:LVR:POS:NEG:org.apache.commons.lang3.RandomStringUtils@random(int,int,int,boolean,boolean,char[],java.util.Random):264:10169:56320 |==> -56320
110:ROR:>=(int,int):==(int,int):org.apache.commons.lang3.RandomStringUtils@random(int,int,int,boolean,boolean,char[],java.util.Random):264:10163:ch >= 56320 |==> ch == 56320
111:ROR:>=(int,int):>(int,int):org.apache.commons.lang3.RandomStringUtils@random(int,int,int,boolean,boolean,char[],java.util.Random):264:10163:ch >= 56320 |==> ch > 56320
112:ROR:>=(int,int):TRUE(int,int):org.apache.commons.lang3.RandomStringUtils@random(int,int,int,boolean,boolean,char[],java.util.Random):264:10166:ch >= 56320 |==> true
113:LVR:POS:0:org.apache.commons.lang3.RandomStringUtils@random(int,int,int,boolean,boolean,char[],java.util.Random):264:10184:57343 |==> 0
114:LVR:POS:NEG:org.apache.commons.lang3.RandomStringUtils@random(int,int,int,boolean,boolean,char[],java.util.Random):264:10184:57343 |==> -57343
115:ROR:<=(int,int):<(int,int):org.apache.commons.lang3.RandomStringUtils@random(int,int,int,boolean,boolean,char[],java.util.Random):264:10178:ch <= 57343 |==> ch < 57343
116:ROR:<=(int,int):==(int,int):org.apache.commons.lang3.RandomStringUtils@random(int,int,int,boolean,boolean,char[],java.util.Random):264:10178:ch <= 57343 |==> ch == 57343
117:ROR:<=(int,int):TRUE(int,int):org.apache.commons.lang3.RandomStringUtils@random(int,int,int,boolean,boolean,char[],java.util.Random):264:10181:ch <= 57343 |==> true
118:COR:&&(boolean,boolean):FALSE(boolean,boolean):org.apache.commons.lang3.RandomStringUtils@random(int,int,int,boolean,boolean,char[],java.util.Random):264:10175:ch >= 56320 && ch <= 57343 |==> false
119:COR:&&(boolean,boolean):LHS(boolean,boolean):org.apache.commons.lang3.RandomStringUtils@random(int,int,int,boolean,boolean,char[],java.util.Random):264:10163:ch >= 56320 && ch <= 57343 |==> ch >= 56320
120:COR:&&(boolean,boolean):RHS(boolean,boolean):org.apache.commons.lang3.RandomStringUtils@random(int,int,int,boolean,boolean,char[],java.util.Random):264:10178:ch >= 56320 && ch <= 57343 |==> ch <= 57343
121:LVR:0:POS:org.apache.commons.lang3.RandomStringUtils@random(int,int,int,boolean,boolean,char[],java.util.Random):265:10225:0 |==> 1
122:LVR:0:NEG:org.apache.commons.lang3.RandomStringUtils@random(int,int,int,boolean,boolean,char[],java.util.Random):265:10225:0 |==> -1
123:ROR:==(int,int):<=(int,int):org.apache.commons.lang3.RandomStringUtils@random(int,int,int,boolean,boolean,char[],java.util.Random):265:10216:count == 0 |==> count <= 0
124:ROR:==(int,int):>=(int,int):org.apache.commons.lang3.RandomStringUtils@random(int,int,int,boolean,boolean,char[],java.util.Random):265:10216:count == 0 |==> count >= 0
125:ROR:==(int,int):FALSE(int,int):org.apache.commons.lang3.RandomStringUtils@random(int,int,int,boolean,boolean,char[],java.util.Random):265:10222:count == 0 |==> false
126:STD:<INC>:<NO-OP>:org.apache.commons.lang3.RandomStringUtils@random(int,int,int,boolean,boolean,char[],java.util.Random):266:10254:count++; |==> <NO-OP>
127:STD:<ASSIGN>:<NO-OP>:org.apache.commons.lang3.RandomStringUtils@random(int,int,int,boolean,boolean,char[],java.util.Random):269:10400:buffer[count] = ch; |==> <NO-OP>
128:STD:<DEC>:<NO-OP>:org.apache.commons.lang3.RandomStringUtils@random(int,int,int,boolean,boolean,char[],java.util.Random):270:10444:count--; |==> <NO-OP>
129:LVR:POS:0:org.apache.commons.lang3.RandomStringUtils@random(int,int,int,boolean,boolean,char[],java.util.Random):271:10501:55296 |==> 0
130:LVR:POS:NEG:org.apache.commons.lang3.RandomStringUtils@random(int,int,int,boolean,boolean,char[],java.util.Random):271:10501:55296 |==> -55296
131:LVR:POS:0:org.apache.commons.lang3.RandomStringUtils@random(int,int,int,boolean,boolean,char[],java.util.Random):271:10524:128 |==> 0
132:LVR:POS:NEG:org.apache.commons.lang3.RandomStringUtils@random(int,int,int,boolean,boolean,char[],java.util.Random):271:10524:128 |==> -128
133:AOR:+(int,int):%(int,int):org.apache.commons.lang3.RandomStringUtils@random(int,int,int,boolean,boolean,char[],java.util.Random):271:10501:55296 + random.nextInt(128) |==> 55296 % random.nextInt(128)
134:AOR:+(int,int):*(int,int):org.apache.commons.lang3.RandomStringUtils@random(int,int,int,boolean,boolean,char[],java.util.Random):271:10501:55296 + random.nextInt(128) |==> 55296 * random.nextInt(128)
135:AOR:+(int,int):-(int,int):org.apache.commons.lang3.RandomStringUtils@random(int,int,int,boolean,boolean,char[],java.util.Random):271:10501:55296 + random.nextInt(128) |==> 55296 - random.nextInt(128)
136:AOR:+(int,int):/(int,int):org.apache.commons.lang3.RandomStringUtils@random(int,int,int,boolean,boolean,char[],java.util.Random):271:10501:55296 + random.nextInt(128) |==> 55296 / random.nextInt(128)
137:STD:<ASSIGN>:<NO-OP>:org.apache.commons.lang3.RandomStringUtils@random(int,int,int,boolean,boolean,char[],java.util.Random):271:10477:buffer[count] = (char)(55296 + random.nextInt(128)); |==> <NO-OP>
138:LVR:POS:0:org.apache.commons.lang3.RandomStringUtils@random(int,int,int,boolean,boolean,char[],java.util.Random):273:10585:55296 |==> 0
139:LVR:POS:NEG:org.apache.commons.lang3.RandomStringUtils@random(int,int,int,boolean,boolean,char[],java.util.Random):273:10585:55296 |==> -55296
140:ROR:>=(int,int):==(int,int):org.apache.commons.lang3.RandomStringUtils@random(int,int,int,boolean,boolean,char[],java.util.Random):273:10579:ch >= 55296 |==> ch == 55296
141:ROR:>=(int,int):>(int,int):org.apache.commons.lang3.RandomStringUtils@random(int,int,int,boolean,boolean,char[],java.util.Random):273:10579:ch >= 55296 |==> ch > 55296
142:ROR:>=(int,int):TRUE(int,int):org.apache.commons.lang3.RandomStringUtils@random(int,int,int,boolean,boolean,char[],java.util.Random):273:10582:ch >= 55296 |==> true
143:LVR:POS:0:org.apache.commons.lang3.RandomStringUtils@random(int,int,int,boolean,boolean,char[],java.util.Random):273:10600:56191 |==> 0
144:LVR:POS:NEG:org.apache.commons.lang3.RandomStringUtils@random(int,int,int,boolean,boolean,char[],java.util.Random):273:10600:56191 |==> -56191
145:ROR:<=(int,int):<(int,int):org.apache.commons.lang3.RandomStringUtils@random(int,int,int,boolean,boolean,char[],java.util.Random):273:10594:ch <= 56191 |==> ch < 56191
146:ROR:<=(int,int):==(int,int):org.apache.commons.lang3.RandomStringUtils@random(int,int,int,boolean,boolean,char[],java.util.Random):273:10594:ch <= 56191 |==> ch == 56191
147:ROR:<=(int,int):TRUE(int,int):org.apache.commons.lang3.RandomStringUtils@random(int,int,int,boolean,boolean,char[],java.util.Random):273:10597:ch <= 56191 |==> true
148:COR:&&(boolean,boolean):FALSE(boolean,boolean):org.apache.commons.lang3.RandomStringUtils@random(int,int,int,boolean,boolean,char[],java.util.Random):273:10591:ch >= 55296 && ch <= 56191 |==> false
149:COR:&&(boolean,boolean):LHS(boolean,boolean):org.apache.commons.lang3.RandomStringUtils@random(int,int,int,boolean,boolean,char[],java.util.Random):273:10579:ch >= 55296 && ch <= 56191 |==> ch >= 55296
150:COR:&&(boolean,boolean):RHS(boolean,boolean):org.apache.commons.lang3.RandomStringUtils@random(int,int,int,boolean,boolean,char[],java.util.Random):273:10594:ch >= 55296 && ch <= 56191 |==> ch <= 56191
151:LVR:0:POS:org.apache.commons.lang3.RandomStringUtils@random(int,int,int,boolean,boolean,char[],java.util.Random):274:10641:0 |==> 1
152:LVR:0:NEG:org.apache.commons.lang3.RandomStringUtils@random(int,int,int,boolean,boolean,char[],java.util.Random):274:10641:0 |==> -1
153:ROR:==(int,int):<=(int,int):org.apache.commons.lang3.RandomStringUtils@random(int,int,int,boolean,boolean,char[],java.util.Random):274:10632:count == 0 |==> count <= 0
154:ROR:==(int,int):>=(int,int):org.apache.commons.lang3.RandomStringUtils@random(int,int,int,boolean,boolean,char[],java.util.Random):274:10632:count == 0 |==> count >= 0
155:ROR:==(int,int):FALSE(int,int):org.apache.commons.lang3.RandomStringUtils@random(int,int,int,boolean,boolean,char[],java.util.Random):274:10638:count == 0 |==> false
156:STD:<INC>:<NO-OP>:org.apache.commons.lang3.RandomStringUtils@random(int,int,int,boolean,boolean,char[],java.util.Random):275:10670:count++; |==> <NO-OP>
157:LVR:POS:0:org.apache.commons.lang3.RandomStringUtils@random(int,int,int,boolean,boolean,char[],java.util.Random):278:10841:56320 |==> 0
158:LVR:POS:NEG:org.apache.commons.lang3.RandomStringUtils@random(int,int,int,boolean,boolean,char[],java.util.Random):278:10841:56320 |==> -56320
159:LVR:POS:0:org.apache.commons.lang3.RandomStringUtils@random(int,int,int,boolean,boolean,char[],java.util.Random):278:10864:128 |==> 0
160:LVR:POS:NEG:org.apache.commons.lang3.RandomStringUtils@random(int,int,int,boolean,boolean,char[],java.util.Random):278:10864:128 |==> -128
161:AOR:+(int,int):%(int,int):org.apache.commons.lang3.RandomStringUtils@random(int,int,int,boolean,boolean,char[],java.util.Random):278:10841:56320 + random.nextInt(128) |==> 56320 % random.nextInt(128)
162:AOR:+(int,int):*(int,int):org.apache.commons.lang3.RandomStringUtils@random(int,int,int,boolean,boolean,char[],java.util.Random):278:10841:56320 + random.nextInt(128) |==> 56320 * random.nextInt(128)
163:AOR:+(int,int):-(int,int):org.apache.commons.lang3.RandomStringUtils@random(int,int,int,boolean,boolean,char[],java.util.Random):278:10841:56320 + random.nextInt(128) |==> 56320 - random.nextInt(128)
164:AOR:+(int,int):/(int,int):org.apache.commons.lang3.RandomStringUtils@random(int,int,int,boolean,boolean,char[],java.util.Random):278:10841:56320 + random.nextInt(128) |==> 56320 / random.nextInt(128)
165:STD:<ASSIGN>:<NO-OP>:org.apache.commons.lang3.RandomStringUtils@random(int,int,int,boolean,boolean,char[],java.util.Random):278:10817:buffer[count] = (char)(56320 + random.nextInt(128)); |==> <NO-OP>
166:STD:<DEC>:<NO-OP>:org.apache.commons.lang3.RandomStringUtils@random(int,int,int,boolean,boolean,char[],java.util.Random):279:10895:count--; |==> <NO-OP>
167:STD:<ASSIGN>:<NO-OP>:org.apache.commons.lang3.RandomStringUtils@random(int,int,int,boolean,boolean,char[],java.util.Random):280:10928:buffer[count] = ch; |==> <NO-OP>
168:LVR:POS:0:org.apache.commons.lang3.RandomStringUtils@random(int,int,int,boolean,boolean,char[],java.util.Random):282:11002:56192 |==> 0
169:LVR:POS:NEG:org.apache.commons.lang3.RandomStringUtils@random(int,int,int,boolean,boolean,char[],java.util.Random):282:11002:56192 |==> -56192
170:ROR:>=(int,int):==(int,int):org.apache.commons.lang3.RandomStringUtils@random(int,int,int,boolean,boolean,char[],java.util.Random):282:10996:ch >= 56192 |==> ch == 56192
171:ROR:>=(int,int):>(int,int):org.apache.commons.lang3.RandomStringUtils@random(int,int,int,boolean,boolean,char[],java.util.Random):282:10996:ch >= 56192 |==> ch > 56192
172:ROR:>=(int,int):TRUE(int,int):org.apache.commons.lang3.RandomStringUtils@random(int,int,int,boolean,boolean,char[],java.util.Random):282:10999:ch >= 56192 |==> true
173:LVR:POS:0:org.apache.commons.lang3.RandomStringUtils@random(int,int,int,boolean,boolean,char[],java.util.Random):282:11017:56319 |==> 0
174:LVR:POS:NEG:org.apache.commons.lang3.RandomStringUtils@random(int,int,int,boolean,boolean,char[],java.util.Random):282:11017:56319 |==> -56319
175:ROR:<=(int,int):<(int,int):org.apache.commons.lang3.RandomStringUtils@random(int,int,int,boolean,boolean,char[],java.util.Random):282:11011:ch <= 56319 |==> ch < 56319
176:ROR:<=(int,int):==(int,int):org.apache.commons.lang3.RandomStringUtils@random(int,int,int,boolean,boolean,char[],java.util.Random):282:11011:ch <= 56319 |==> ch == 56319
177:ROR:<=(int,int):TRUE(int,int):org.apache.commons.lang3.RandomStringUtils@random(int,int,int,boolean,boolean,char[],java.util.Random):282:11014:ch <= 56319 |==> true
178:COR:&&(boolean,boolean):FALSE(boolean,boolean):org.apache.commons.lang3.RandomStringUtils@random(int,int,int,boolean,boolean,char[],java.util.Random):282:11008:ch >= 56192 && ch <= 56319 |==> false
179:COR:&&(boolean,boolean):LHS(boolean,boolean):org.apache.commons.lang3.RandomStringUtils@random(int,int,int,boolean,boolean,char[],java.util.Random):282:10996:ch >= 56192 && ch <= 56319 |==> ch >= 56192
180:COR:&&(boolean,boolean):RHS(boolean,boolean):org.apache.commons.lang3.RandomStringUtils@random(int,int,int,boolean,boolean,char[],java.util.Random):282:11011:ch >= 56192 && ch <= 56319 |==> ch <= 56319
181:STD:<INC>:<NO-OP>:org.apache.commons.lang3.RandomStringUtils@random(int,int,int,boolean,boolean,char[],java.util.Random):284:11120:count++; |==> <NO-OP>
182:STD:<ASSIGN>:<NO-OP>:org.apache.commons.lang3.RandomStringUtils@random(int,int,int,boolean,boolean,char[],java.util.Random):286:11174:buffer[count] = ch; |==> <NO-OP>
183:STD:<INC>:<NO-OP>:org.apache.commons.lang3.RandomStringUtils@random(int,int,int,boolean,boolean,char[],java.util.Random):289:11249:count++; |==> <NO-OP>
184:ROR:==(java.lang.Object,java.lang.Object):FALSE(java.lang.Object,java.lang.Object):org.apache.commons.lang3.RandomStringUtils@random(int,java.lang.String):310:11994:chars == null |==> false
185:LVR:0:POS:org.apache.commons.lang3.RandomStringUtils@random(int,java.lang.String):311:12038:0 |==> 1
186:LVR:0:NEG:org.apache.commons.lang3.RandomStringUtils@random(int,java.lang.String):311:12038:0 |==> -1
187:LVR:0:POS:org.apache.commons.lang3.RandomStringUtils@random(int,java.lang.String):311:12041:0 |==> 1
188:LVR:0:NEG:org.apache.commons.lang3.RandomStringUtils@random(int,java.lang.String):311:12041:0 |==> -1
189:LVR:FALSE:TRUE:org.apache.commons.lang3.RandomStringUtils@random(int,java.lang.String):311:12044:false |==> true
190:LVR:FALSE:TRUE:org.apache.commons.lang3.RandomStringUtils@random(int,java.lang.String):311:12051:false |==> true
191:ROR:==(java.lang.Object,java.lang.Object):FALSE(java.lang.Object,java.lang.Object):org.apache.commons.lang3.RandomStringUtils@random(int,char[]):329:12683:chars == null |==> false
192:LVR:0:POS:org.apache.commons.lang3.RandomStringUtils@random(int,char[]):330:12727:0 |==> 1
193:LVR:0:NEG:org.apache.commons.lang3.RandomStringUtils@random(int,char[]):330:12727:0 |==> -1
194:LVR:0:POS:org.apache.commons.lang3.RandomStringUtils@random(int,char[]):330:12730:0 |==> 1
195:LVR:0:NEG:org.apache.commons.lang3.RandomStringUtils@random(int,char[]):330:12730:0 |==> -1
196:LVR:FALSE:TRUE:org.apache.commons.lang3.RandomStringUtils@random(int,char[]):330:12733:false |==> true
197:LVR:FALSE:TRUE:org.apache.commons.lang3.RandomStringUtils@random(int,char[]):330:12740:false |==> true
198:LVR:0:POS:org.apache.commons.lang3.RandomStringUtils@random(int,char[]):332:12801:0 |==> 1
199:LVR:0:NEG:org.apache.commons.lang3.RandomStringUtils@random(int,char[]):332:12801:0 |==> -1
200:LVR:FALSE:TRUE:org.apache.commons.lang3.RandomStringUtils@random(int,char[]):332:12818:false |==> true
201:LVR:FALSE:TRUE:org.apache.commons.lang3.RandomStringUtils@random(int,char[]):332:12825:false |==> true
